###############################################################################
#
# IAR ELF Linker V3.11.1.207 for STM8                     18/Aug/2020  22:41:06
# Copyright 2010-2019 IAR Systems AB.
#
#    Output file  =  F:\dajiaoji\workspace\Dajiao\Debug\Exe\stm8.out
#    Map file     =  F:\dajiaoji\workspace\Dajiao\Debug\List\stm8.map
#    Command line =  
#        -f C:\Users\pc\AppData\Local\Temp\EW14C2.tmp
#        (F:\dajiaoji\workspace\Dajiao\Debug\Obj\HT1632.o
#        F:\dajiaoji\workspace\Dajiao\Debug\Obj\main.o
#        F:\dajiaoji\workspace\Dajiao\Debug\Obj\stm8s_adc1.o
#        F:\dajiaoji\workspace\Dajiao\Debug\Obj\stm8s_awu.o
#        F:\dajiaoji\workspace\Dajiao\Debug\Obj\stm8s_beep.o
#        F:\dajiaoji\workspace\Dajiao\Debug\Obj\stm8s_clk.o
#        F:\dajiaoji\workspace\Dajiao\Debug\Obj\stm8s_exti.o
#        F:\dajiaoji\workspace\Dajiao\Debug\Obj\stm8s_flash.o
#        F:\dajiaoji\workspace\Dajiao\Debug\Obj\stm8s_gpio.o
#        F:\dajiaoji\workspace\Dajiao\Debug\Obj\stm8s_i2c.o
#        F:\dajiaoji\workspace\Dajiao\Debug\Obj\stm8s_it.o
#        F:\dajiaoji\workspace\Dajiao\Debug\Obj\stm8s_itc.o
#        F:\dajiaoji\workspace\Dajiao\Debug\Obj\stm8s_iwdg.o
#        F:\dajiaoji\workspace\Dajiao\Debug\Obj\stm8s_rst.o
#        F:\dajiaoji\workspace\Dajiao\Debug\Obj\stm8s_spi.o
#        F:\dajiaoji\workspace\Dajiao\Debug\Obj\stm8s_tim1.o
#        F:\dajiaoji\workspace\Dajiao\Debug\Obj\stm8s_tim2.o
#        F:\dajiaoji\workspace\Dajiao\Debug\Obj\stm8s_tim4.o
#        F:\dajiaoji\workspace\Dajiao\Debug\Obj\stm8s_uart1.o
#        F:\dajiaoji\workspace\Dajiao\Debug\Obj\stm8s_wwdg.o --redirect
#        _Printf=_PrintfSmall --redirect _Scanf=_ScanfSmall --no_out_extension
#        -o F:\dajiaoji\workspace\Dajiao\Debug\Exe\stm8.out --map
#        F:\dajiaoji\workspace\Dajiao\Debug\List\stm8.map --config "C:\Program
#        Files (x86)\IAR Systems\Embedded Workbench
#        8.3\stm8\config\lnkstm8s003k3.icf" --config_def _CSTACK_SIZE=0x100
#        --config_def _HEAP_SIZE=0x100 --entry __iar_program_start --debug_lib)
#
###############################################################################

*******************************************************************************
*** RUNTIME MODEL ATTRIBUTES
***

__SystemLibrary            = DLib
__code_model               = small
__core                     = stm8
__data_model               = medium
__dlib_file_descriptor     = 0
__dlib_full_locale_support = 0
__rt_version               = 4


*******************************************************************************
*** PLACEMENT SUMMARY
***

"A0":  place at start of [0x000000-0x0000ff] { rw section .vregs };
"A1":  place at end of [0x000000-0x0003ff] { block CSTACK };
"P2":  place in [from 0x000000 to 0x0003ff] {
          block HEAP, rw section __DLIB_PERTHREAD, rw section .far.bss,
          rw section .far.data, rw section .far.noinit,
          rw section .far_func.textrw, rw section .huge.bss,
          rw section .huge.data, rw section .huge.noinit,
          rw section .huge_func.textrw, rw section .iar.dynexit,
          rw section .near.bss, rw section .near.data, rw section .near.noinit,
          rw section .near_func.textrw };
"A2":  place at start of [0x008000-0x009fff] { block INTVEC };
"P3":  place in [from 0x008000 to 0x009fff] {
          ro section __DLIB_PERTHREAD_init, ro section .far.data_init,
          ro section .far_func.textrw_init, ro section .huge.data_init,
          ro section .huge_func.textrw_init, ro section .iar.init_table,
          ro section .init_array, ro section .near.data_init,
          ro section .near.rodata, ro section .near_func.text,
          ro section .near_func.textrw_init, ro section .tiny.data_init,
          ro section .tiny.rodata_init };
"P4":  place in [from 0x008000 to 0x009fff] {
          ro section .far.rodata, ro section .far_func.text };
"P5":  place in [from 0x008000 to 0x009fff] {
          ro section .huge.rodata, ro section .huge_func.text };
do not initialize {
   rw section .eeprom.noinit, rw section .far.noinit, rw section .huge.noinit,
   rw section .near.noinit, rw section .tiny.noinit, rw section .vregs };
initialize by copy {
   rw section .far.bss, rw section .far.data, rw section .far_func.textrw,
   rw section .huge.bss, rw section .huge.data, rw section .huge_func.textrw,
   rw section .iar.dynexit, rw section .near.bss, rw section .near.data,
   rw section .near_func.textrw, rw section .tiny.bss, rw section .tiny.data,
   ro section .tiny.rodata };

No sections matched the following patterns:

  ro section .far.data_init          in "P3-P5"
  ro section .far.rodata             in "P3-P5"
  ro section .far_func.text          in "P3-P5"
  ro section .far_func.textrw_init   in "P3-P5"
  ro section .huge.data_init         in "P3-P5"
  ro section .huge.rodata            in "P3-P5"
  ro section .huge_func.text         in "P3-P5"
  ro section .huge_func.textrw_init  in "P3-P5"
  ro section .iar.init_table         in "P3-P5"
  ro section .init_array             in "P3-P5"
  ro section .near_func.textrw_init  in "P3-P5"
  ro section .tiny.data_init         in "P3-P5"
  ro section .tiny.rodata_init       in "P3-P5"
  ro section __DLIB_PERTHREAD_init   in "P3-P5"
  rw section .far.bss                in "P2"
  rw section .far.data               in "P2"
  rw section .far.noinit             in "P2"
  rw section .far_func.textrw        in "P2"
  rw section .huge.bss               in "P2"
  rw section .huge.data              in "P2"
  rw section .huge.noinit            in "P2"
  rw section .huge_func.textrw       in "P2"
  rw section .iar.dynexit            in "P2"
  rw section .near.noinit            in "P2"
  rw section .near_func.textrw       in "P2"
  rw section .tiny.bss               in "P1"
  rw section .tiny.data              in "P1"
  rw section .tiny.noinit            in "P1"
  rw section .tiny.rodata            in "P1"
  rw section __DLIB_PERTHREAD        in "P2"
  section .eeprom.data               in "P6-P8"
  section .eeprom.noinit             in "P6-P8"
  section .eeprom.rodata             in "P6-P8"


  Section            Kind      Address    Size  Object
  -------            ----      -------    ----  ------
"A0":                                     0x10
  .vregs             uninit   0x000000    0x10  vregs.o [4]
                            - 0x000010    0x10

"P2":                                     0x3d
  P2-1                        0x000010    0x3d  <Init block>
    .near.data       inited   0x000010     0xe  HT1632.o [1]
    .near.data       inited   0x00001e     0x2  main.o [1]
    .near.data       inited   0x000020     0x2  main.o [1]
    .near.data       inited   0x000022     0x2  main.o [1]
    .near.data       inited   0x000024     0x2  main.o [1]
    .near.data       inited   0x000026     0xa  stm8s_it.o [1]
    .near.data       inited   0x000030     0xa  stm8s_it.o [1]
    .near.bss        inited   0x00003a     0x2  main.o [1]
    .near.bss        inited   0x00003c     0x2  main.o [1]
    .near.bss        inited   0x00003e     0x2  main.o [1]
    .near.bss        inited   0x000040     0x2  main.o [1]
    .near.bss        inited   0x000042     0x2  main.o [1]
    .near.bss        inited   0x000044     0x2  main.o [1]
    .near.bss        inited   0x000046     0x1  main.o [1]
    .near.bss        inited   0x000047     0x2  stm8s_it.o [1]
    .near.bss        inited   0x000049     0x2  stm8s_it.o [1]
    .near.bss        inited   0x00004b     0x2  stm8s_it.o [1]
                            - 0x00004d    0x3d

"A1":                                    0x100
  CSTACK                      0x000300   0x100  <Block>
    CSTACK           uninit   0x000300   0x100  <Block tail>
                            - 0x000400   0x100

"A2":                                     0x80
  INTVEC                      0x008000    0x80  <Block>
    .intvec          const    0x008000    0x80  interrupt.o [4]
                            - 0x008080    0x80

"P3-P5":                                0x15e4
  .near_func.text    ro code  0x008080   0x425  main.o [1]
  .near_func.text    ro code  0x0084a5   0x293  float.o [4]
  .near_func.text    ro code  0x008738   0x15d  stm8s_it.o [1]
  .near_func.text    ro code  0x008895    0xc4  stm8s_tim1.o [1]
  .near_func.text    ro code  0x008959    0xc3  HT1632.o [1]
  .near_func.text    ro code  0x008a1c    0xb1  stm8s_gpio.o [1]
  .near_func.text    ro code  0x008acd    0xb1  vreg_util.o [4]
  .near_func.text    ro code  0x008b7e    0x85  long.o [4]
  .near_func.text    ro code  0x008c03    0x7f  stm8s_tim1.o [1]
  .near_func.text    ro code  0x008c82    0x6f  stm8s_tim2.o [1]
  .near_func.text    ro code  0x008cf1    0x67  stm8s_tim2.o [1]
  .near_func.text    ro code  0x008d58    0x5e  stm8s_clk.o [1]
  .near_func.text    ro code  0x008db6    0x4c  stm8s_tim1.o [1]
  .near_func.text    ro code  0x008e02    0x47  stm8s_it.o [1]
  .near_func.text    ro code  0x008e49    0x46  HT1632.o [1]
  .near_func.text    ro code  0x008e8f    0x46  HT1632.o [1]
  .near.rodata       const    0x008ed5    0x45  stm8s_beep.o [1]
  .near.rodata       const    0x008f1a    0x45  stm8s_gpio.o [1]
  .near.rodata       const    0x008f5f    0x45  stm8s_tim1.o [1]
  .near.rodata       const    0x008fa4    0x45  stm8s_tim2.o [1]
  .near.rodata       const    0x008fe9    0x44  stm8s_clk.o [1]
  .near_func.text    ro code  0x00902d    0x3e  short.o [4]
  .near_func.text    ro code  0x00906b    0x3d  stm8s_beep.o [1]
  Initializer bytes  const    0x0090a8    0x3d  <for P2-1>
  .near_func.text    ro code  0x0090e5    0x3b  HT1632.o [1]
  .near_func.text    ro code  0x009120    0x3a  HT1632.o [1]
  .near_func.text    ro code  0x00915a    0x37  stm8s_tim2.o [1]
  .near_func.text    ro code  0x009191    0x31  stm8s_tim1.o [1]
  .near_func.text    ro code  0x0091c2    0x2c  HT1632.o [1]
  .near_func.text    ro code  0x0091ee    0x29  HT1632.o [1]
  .near_func.text    ro code  0x009217    0x28  init_small.o [4]
  .iar.init_table    const    0x00923f     0xa  - Linker created -
  .near_func.text    ro code  0x009249    0x1f  HT1632.o [1]
  .near_func.text    ro code  0x009268    0x1f  stm8s_tim1.o [1]
  .near_func.text    ro code  0x009287    0x1c  HT1632.o [1]
  .near_func.text    ro code  0x0092a3    0x1c  stm8s_tim2.o [1]
  .near_func.text    ro code  0x0092bf    0x1a  HT1632.o [1]
  .near_func.text    ro code  0x0092d9    0x18  stm8s_tim1.o [1]
  .near_func.text    ro code  0x0092f1    0x16  stm8s_tim1.o [1]
  .near_func.text    ro code  0x009307    0x16  stm8s_tim1.o [1]
  .near_func.text    ro code  0x00931d    0x16  stm8s_tim1.o [1]
  .near_func.text    ro code  0x009333    0x16  stm8s_tim1.o [1]
  .near_func.text    ro code  0x009349    0x16  stm8s_tim2.o [1]
  .near_func.text    ro code  0x00935f    0x16  stm8s_tim2.o [1]
  .near_func.text    ro code  0x009375    0x16  stm8s_tim2.o [1]
  .near_func.text    ro code  0x00938b    0x15  HT1632.o [1]
  .near_func.text    ro code  0x0093a0    0x15  stm8s_tim1.o [1]
  .near_func.text    ro code  0x0093b5    0x14  HT1632.o [1]
  .near_func.text    ro code  0x0093c9    0x14  init.o [4]
  .near_func.text    ro code  0x0093dd    0x14  __dbg_xxexit.o [3]
  .near_func.text    ro code  0x0093f1    0x13  cstartup.o [4]
  .near_func.text    ro code  0x009404    0x11  HT1632.o [1]
  .near_func.text    ro code  0x009415    0x11  HT1632.o [1]
  .near_func.text    ro code  0x009426    0x11  HT1632.o [1]
  .near_func.text    ro code  0x009437     0xf  stm8s_tim1.o [1]
  .near_func.text    ro code  0x009446     0xf  stm8s_tim2.o [1]
  .near_func.text    ro code  0x009455     0xd  HT1632.o [1]
  .near_func.text    ro code  0x009462     0xd  HT1632.o [1]
  .near_func.text    ro code  0x00946f     0xd  HT1632.o [1]
  .near_func.text    ro code  0x00947c     0xd  stm8s_beep.o [1]
  .near_func.text    ro code  0x009489     0xd  stm8s_it.o [1]
  .near_func.text    ro code  0x009496     0xd  stm8s_tim2.o [1]
  .near_func.text    ro code  0x0094a3     0xd  dc_util.o [4]
  .near_func.text    ro code  0x0094b0     0xc  HT1632.o [1]
  .near_func.text    ro code  0x0094bc     0xc  HT1632.o [1]
  .near_func.text    ro code  0x0094c8     0xc  main.o [1]
  .near_func.text    ro code  0x0094d4     0xc  long_util.o [4]
  .near_func.text    ro code  0x0094e0     0xb  HT1632.o [1]
  .near_func.text    ro code  0x0094eb     0xb  main.o [1]
  .near_func.text    ro code  0x0094f6     0xb  stm8s_beep.o [1]
  .near_func.text    ro code  0x009501     0xb  stm8s_clk.o [1]
  .near_func.text    ro code  0x00950c     0xb  stm8s_gpio.o [1]
  .near_func.text    ro code  0x009517     0xb  stm8s_it.o [1]
  .near_func.text    ro code  0x009522     0xb  stm8s_tim1.o [1]
  .near_func.text    ro code  0x00952d     0xb  stm8s_tim2.o [1]
  .near_func.text    ro code  0x009538     0xb  stm8s_tim2.o [1]
  .near_func.text    ro code  0x009543     0x9  HT1632.o [1]
  .near_func.text    ro code  0x00954c     0x9  HT1632.o [1]
  .near_func.text    ro code  0x009555     0x9  HT1632.o [1]
  .near_func.text    ro code  0x00955e     0x9  HT1632.o [1]
  .near_func.text    ro code  0x009567     0x9  HT1632.o [1]
  .near_func.text    ro code  0x009570     0x9  main.o [1]
  .near_func.text    ro code  0x009579     0x9  main.o [1]
  .near_func.text    ro code  0x009582     0x9  stm8s_beep.o [1]
  .near_func.text    ro code  0x00958b     0x9  stm8s_clk.o [1]
  .near_func.text    ro code  0x009594     0x9  stm8s_tim1.o [1]
  .near_func.text    ro code  0x00959d     0x9  stm8s_tim2.o [1]
  .near_func.text    ro code  0x0095a6     0x8  HT1632.o [1]
  .near_func.text    ro code  0x0095ae     0x8  HT1632.o [1]
  .near_func.text    ro code  0x0095b6     0x8  stm8s_tim1.o [1]
  .near_func.text    ro code  0x0095be     0x7  HT1632.o [1]
  .near_func.text    ro code  0x0095c5     0x7  stm8s_gpio.o [1]
  .near_func.text    ro code  0x0095cc     0x7  stm8s_gpio.o [1]
  .near_func.text    ro code  0x0095d3     0x7  stm8s_it.o [1]
  .near_func.text    ro code  0x0095da     0x7  stm8s_tim1.o [1]
  .near_func.text    ro code  0x0095e1     0x7  stm8s_tim2.o [1]
  .near_func.text    ro code  0x0095e8     0x6  HT1632.o [1]
  .near_func.text    ro code  0x0095ee     0x6  HT1632.o [1]
  .near_func.text    ro code  0x0095f4     0x6  HT1632.o [1]
  .near_func.text    ro code  0x0095fa     0x6  HT1632.o [1]
  .near_func.text    ro code  0x009600     0x6  main.o [1]
  .near_func.text    ro code  0x009606     0x6  main.o [1]
  .near_func.text    ro code  0x00960c     0x6  stm8s_tim1.o [1]
  .near_func.text    ro code  0x009612     0x5  HT1632.o [1]
  .near_func.text    ro code  0x009617     0x5  HT1632.o [1]
  .near_func.text    ro code  0x00961c     0x5  main.o [1]
  .near_func.text    ro code  0x009621     0x5  stm8s_tim1.o [1]
  .near_func.text    ro code  0x009626     0x5  cexit.o [4]
  .near_func.text    ro code  0x00962b     0x4  HT1632.o [1]
  .near_func.text    ro code  0x00962f     0x4  HT1632.o [1]
  .near_func.text    ro code  0x009633     0x4  HT1632.o [1]
  .near_func.text    ro code  0x009637     0x4  HT1632.o [1]
  .near_func.text    ro code  0x00963b     0x4  HT1632.o [1]
  .near_func.text    ro code  0x00963f     0x4  stm8s_gpio.o [1]
  .near_func.text    ro code  0x009643     0x3  interrupt.o [4]
  .near_func.text    ro code  0x009646     0x3  low_level_init.o [4]
  .near_func.text    ro code  0x009649     0x3  exit.o [4]
  .near_func.text    ro code  0x00964c     0x3  unhandled_exception.o [4]
  .near_func.text    ro code  0x00964f     0x2  main.o [1]
  .near_func.text    ro code  0x009651     0x1  stm8s_it.o [1]
  .near_func.text    ro code  0x009652     0x1  stm8s_it.o [1]
  .near_func.text    ro code  0x009653     0x1  stm8s_it.o [1]
  .near_func.text    ro code  0x009654     0x1  stm8s_it.o [1]
  .near_func.text    ro code  0x009655     0x1  stm8s_it.o [1]
  .near_func.text    ro code  0x009656     0x1  stm8s_it.o [1]
  .near_func.text    ro code  0x009657     0x1  stm8s_it.o [1]
  .near_func.text    ro code  0x009658     0x1  stm8s_it.o [1]
  .near_func.text    ro code  0x009659     0x1  stm8s_it.o [1]
  .near_func.text    ro code  0x00965a     0x1  stm8s_it.o [1]
  .near_func.text    ro code  0x00965b     0x1  stm8s_it.o [1]
  .near_func.text    ro code  0x00965c     0x1  stm8s_it.o [1]
  .near_func.text    ro code  0x00965d     0x1  stm8s_it.o [1]
  .near_func.text    ro code  0x00965e     0x1  stm8s_it.o [1]
  .near_func.text    ro code  0x00965f     0x1  stm8s_it.o [1]
  .near_func.text    ro code  0x009660     0x1  stm8s_it.o [1]
  .near_func.text    ro code  0x009661     0x1  stm8s_it.o [1]
  .near_func.text    ro code  0x009662     0x1  stm8s_it.o [1]
  .near_func.text    ro code  0x009663     0x1  __dbg_break.o [3]
                            - 0x009664  0x15e4


*******************************************************************************
*** INIT TABLE
***

          Address   Size
          -------   ----
Copy (__iar_copy_init2)
    1 source range, total size 0x3d:
          0x0090a8  0x3d
    1 destination range, total size 0x3d:
          0x000010  0x3d



*******************************************************************************
*** MODULE SUMMARY
***

    Module                 ro code  ro data  rw data
    ------                 -------  -------  -------
F:\dajiaoji\workspace\Dajiao\Debug\Obj: [1]
    HT1632.o                   910       14       14
    main.o                   1 121       21       21
    stm8s_beep.o                94       69
    stm8s_clk.o                114       68
    stm8s_gpio.o               206       69
    stm8s_it.o                 469       26       26
    stm8s_tim1.o               673       69
    stm8s_tim2.o               429       69
    ------------------------------------------------
    Total:                   4 016      405       61

command line: [2]
    ------------------------------------------------
    Total:

dbgstm8smd.a: [3]
    __dbg_break.o                1
    __dbg_xxexit.o              20
    ------------------------------------------------
    Total:                      21

dlstm8smn.a: [4]
    cexit.o                      5
    cstartup.o                  19
    dc_util.o                   13
    exit.o                       3
    float.o                    659
    init.o                      20
    init_small.o                40
    interrupt.o                  3      128
    long.o                     133
    long_util.o                 12
    low_level_init.o             3
    short.o                     62
    unhandled_exception.o        3
    vreg_util.o                177
    vregs.o                                       16
    ------------------------------------------------
    Total:                   1 152      128       16

    Linker created                       10      256
----------------------------------------------------
    Grand Total:             5 189      543      333


*******************************************************************************
*** ENTRY LIST
***

Entry                    Address   Size  Type      Object
-----                    -------   ----  ----      ------
.iar.init_table$$Base   0x00923f          --   Gb  - Linker created -
.iar.init_table$$Limit  0x009249          --   Gb  - Linker created -
?b0                     0x000000         Data  Gb  vregs.o [4]
?b1                     0x000001         Data  Gb  vregs.o [4]
?b10                    0x00000a         Data  Gb  vregs.o [4]
?b11                    0x00000b         Data  Gb  vregs.o [4]
?b12                    0x00000c         Data  Gb  vregs.o [4]
?b13                    0x00000d         Data  Gb  vregs.o [4]
?b14                    0x00000e         Data  Gb  vregs.o [4]
?b15                    0x00000f         Data  Gb  vregs.o [4]
?b2                     0x000002         Data  Gb  vregs.o [4]
?b3                     0x000003         Data  Gb  vregs.o [4]
?b4                     0x000004         Data  Gb  vregs.o [4]
?b5                     0x000005         Data  Gb  vregs.o [4]
?b6                     0x000006         Data  Gb  vregs.o [4]
?b7                     0x000007         Data  Gb  vregs.o [4]
?b8                     0x000008         Data  Gb  vregs.o [4]
?b9                     0x000009         Data  Gb  vregs.o [4]
?dc32_l1                0x0094a3         Code  Gb  dc_util.o [4]
?e0                     0x000001         Data  Gb  vregs.o [4]
?e1                     0x000005         Data  Gb  vregs.o [4]
?e2                     0x000009         Data  Gb  vregs.o [4]
?e3                     0x00000d         Data  Gb  vregs.o [4]
?epilogue_l2            0x008b55         Code  Gb  vreg_util.o [4]
?epilogue_l2_w6         0x008b59         Code  Gb  vreg_util.o [4]
?epilogue_w4            0x008b60         Code  Gb  vreg_util.o [4]
?fcastf32u16_l0_x       0x0085f8         Code  Gb  float.o [4]
?fcasts16f32_x_l0       0x008616         Code  Gb  float.o [4]
?fdiv32_l0_l0_dc32      0x008545         Code  Gb  float.o [4]
?fdiv32_l0_l0_l1        0x00854a         Code  Gb  float.o [4]
?fmul32_l0_l0_dc32      0x0084a5         Code  Gb  float.o [4]
?fmul32_l0_l0_l1        0x0084aa         Code  Gb  float.o [4]
?inc32_0x_0x            0x008b83         Code  Gb  long.o [4]
?inc32_l2_l2            0x008b7e         Code  Gb  long.o [4]
?l0                     0x000000         Data  Gb  vregs.o [4]
?l1                     0x000004         Data  Gb  vregs.o [4]
?l2                     0x000008         Data  Gb  vregs.o [4]
?l3                     0x00000c         Data  Gb  vregs.o [4]
?load32_l1_0x           0x0094d4         Code  Gb  long_util.o [4]
?mov_e0_e1              0x008b67         Code  Gb  vreg_util.o [4]
?mov_e0_e2              0x008b74         Code  Gb  vreg_util.o [4]
?mov_l0_l1              0x008b64         Code  Gb  vreg_util.o [4]
?mov_l0_l2              0x008b71         Code  Gb  vreg_util.o [4]
?mov_w1_w3              0x008b6a         Code  Gb  vreg_util.o [4]
?mov_w1_w5              0x008b77         Code  Gb  vreg_util.o [4]
?pop_l0                 0x008b2c         Code  Gb  vreg_util.o [4]
?pop_l1                 0x008b37         Code  Gb  vreg_util.o [4]
?pop_l2                 0x008b42         Code  Gb  vreg_util.o [4]
?pop_w4                 0x008aea         Code  Gb  vreg_util.o [4]
?pop_w6                 0x008af1         Code  Gb  vreg_util.o [4]
?push_l0                0x008b00         Code  Gb  vreg_util.o [4]
?push_l1                0x008b05         Code  Gb  vreg_util.o [4]
?push_l2                0x008b0a         Code  Gb  vreg_util.o [4]
?push_w4                0x008acd         Code  Gb  vreg_util.o [4]
?push_w6                0x008ad2         Code  Gb  vreg_util.o [4]
?sdiv16_x_x_y           0x00902d         Code  Gb  short.o [4]
?sll16_x_x_a            0x009056         Code  Gb  short.o [4]
?smod16_y_x_y           0x009046         Code  Gb  short.o [4]
?sra16_x_x_a            0x00905e         Code  Gb  short.o [4]
?srl16_x_x_4            0x009066         Code  Gb  short.o [4]
?udiv32_l0_l0_l1        0x008b96         Code  Gb  long.o [4]
?umod32_l1_l0_dl        0x008b91         Code  Gb  long.o [4]
?umod32_l1_l0_l1        0x008b96         Code  Gb  long.o [4]
?w0                     0x000000         Data  Gb  vregs.o [4]
?w1                     0x000002         Data  Gb  vregs.o [4]
?w2                     0x000004         Data  Gb  vregs.o [4]
?w3                     0x000006         Data  Gb  vregs.o [4]
?w4                     0x000008         Data  Gb  vregs.o [4]
?w5                     0x00000a         Data  Gb  vregs.o [4]
?w6                     0x00000c         Data  Gb  vregs.o [4]
?w7                     0x00000e         Data  Gb  vregs.o [4]
ADC1_IRQHandler         0x009660    0x1  Code  Gb  stm8s_it.o [1]
ARR                     0x000030    0xa  Data  Gb  stm8s_it.o [1]
AWU_IRQHandler          0x009653    0x1  Code  Gb  stm8s_it.o [1]
BEEP_Cmd                0x00947c    0xd  Code  Gb  stm8s_beep.o [1]
BEEP_Init               0x00906b   0x3d  Code  Gb  stm8s_beep.o [1]
CLK_IRQHandler          0x009654    0x1  Code  Gb  stm8s_it.o [1]
CLK_SYSCLKConfig        0x008d58   0x5e  Code  Gb  stm8s_clk.o [1]
CRR                     0x000026    0xa  Data  Gb  stm8s_it.o [1]
CSTACK$$Base            0x000300          --   Gb  - Linker created -
CSTACK$$Limit           0x000400          --   Gb  - Linker created -
EEPROM_EEC_IRQHandler   0x009662    0x1  Code  Gb  stm8s_it.o [1]
EXTI_PORTA_IRQHandler   0x009655    0x1  Code  Gb  stm8s_it.o [1]
EXTI_PORTB_IRQHandler   0x009656    0x1  Code  Gb  stm8s_it.o [1]
EXTI_PORTC_IRQHandler   0x009657    0x1  Code  Gb  stm8s_it.o [1]
EXTI_PORTD_IRQHandler   0x009658    0x1  Code  Gb  stm8s_it.o [1]
EXTI_PORTE_IRQHandler   0x009659    0x1  Code  Gb  stm8s_it.o [1]
ForwardBackwardCur      0x000044    0x2  Data  Gb  main.o [1]
ForwardBackwardNum      0x000042    0x2  Data  Gb  main.o [1]
ForwardMotor1           0x0081a7    0x6  Code  Gb  main.o [1]
Fpwm                    0x000024    0x2  Data  Gb  main.o [1]
GPIO_Init               0x008a1c   0xb1  Code  Gb  stm8s_gpio.o [1]
GPIO_ReadInputPin       0x0095cc    0x7  Code  Gb  stm8s_gpio.o [1]
GPIO_WriteHigh          0x0095c5    0x7  Code  Gb  stm8s_gpio.o [1]
GPIO_WriteLow           0x00963f    0x4  Code  Gb  stm8s_gpio.o [1]
HT1632C_Init            0x0090e5   0x3b  Code  Gb  HT1632.o [1]
HT1632C_Writer          0x0091c2   0x2c  Code  Gb  HT1632.o [1]
HT1632C_Writer_CMD      0x009404   0x11  Code  Gb  HT1632.o [1]
HT1632C_clr             0x009120   0x3a  Code  Gb  HT1632.o [1]
I2C_IRQHandler          0x00965f    0x1  Code  Gb  stm8s_it.o [1]
INTVEC$$Base            0x008000          --   Gb  - Linker created -
INTVEC$$Limit           0x008080          --   Gb  - Linker created -
KEYInit                 0x0080a2   0x32  Code  Gb  main.o [1]
MarginPulse             0x00003a    0x2  Data  Gb  main.o [1]
MotorInit               0x0080dd   0x25  Code  Gb  main.o [1]
MovePulse               0x00003e    0x2  Data  Gb  main.o [1]
NumericDisplay_Init     0x008081   0x16  Code  Gb  main.o [1]
Region$$Table$$Base     0x00923f          --   Gb  - Linker created -
Region$$Table$$Limit    0x009249          --   Gb  - Linker created -
ReverseMotor1           0x0081ad    0x6  Code  Gb  main.o [1]
SPI_IRQHandler          0x00965a    0x1  Code  Gb  stm8s_it.o [1]
StartMotor1             0x00816a   0x1b  Code  Gb  main.o [1]
StartMotor2             0x0081e0   0x16  Code  Gb  main.o [1]
StopMotor1              0x008185   0x19  Code  Gb  main.o [1]
StopMotor2              0x008206   0x1a  Code  Gb  main.o [1]
TIM1_ARRPreloadConfig   0x00931d   0x16  Code  Gb  stm8s_tim1.o [1]
TIM1_CAP_COM_IRQHandler
                        0x00965b    0x1  Code  Gb  stm8s_it.o [1]
TIM1_CCxCmd             0x008c03   0x7f  Code  Gb  stm8s_tim1.o [1]
TIM1_ClearITPendingBit  0x0092d9   0x18  Code  Gb  stm8s_tim1.o [1]
TIM1_Cmd                0x0092f1   0x16  Code  Gb  stm8s_tim1.o [1]
TIM1_CtrlPWMOutputs     0x009307   0x16  Code  Gb  stm8s_tim1.o [1]
TIM1_ITConfig           0x009191   0x31  Code  Gb  stm8s_tim1.o [1]
TIM1_OC3Init            0x008895   0xc4  Code  Gb  stm8s_tim1.o [1]
TIM1_OC3PreloadConfig   0x009333   0x16  Code  Gb  stm8s_tim1.o [1]
TIM1_PWM_Init           0x008117   0x49  Code  Gb  main.o [1]
TIM1_SetCompare3        0x009594    0x9  Code  Gb  stm8s_tim1.o [1]
TIM1_TimeBaseInit       0x008db6   0x4c  Code  Gb  stm8s_tim1.o [1]
TIM1_UPD_OVF_TRG_BRK_IRQHandler
                        0x008738  0x15d  Code  Gb  stm8s_it.o [1]
TIM1_UPD_OVF_TRG_BRK_IRQHandler::bCancelFinished
                        0x000049    0x2  Data  Lc  stm8s_it.o [1]
TIM1_UPD_OVF_TRG_BRK_IRQHandler::count
                        0x000047    0x2  Data  Lc  stm8s_it.o [1]
TIM2_ARRPreloadConfig   0x00935f   0x16  Code  Gb  stm8s_tim2.o [1]
TIM2_CAP_COM_IRQHandler
                        0x00965c    0x1  Code  Gb  stm8s_it.o [1]
TIM2_CCxCmd             0x008cf1   0x67  Code  Gb  stm8s_tim2.o [1]
TIM2_ClearITPendingBit  0x0092a3   0x1c  Code  Gb  stm8s_tim2.o [1]
TIM2_Cmd                0x009349   0x16  Code  Gb  stm8s_tim2.o [1]
TIM2_ITConfig           0x00915a   0x37  Code  Gb  stm8s_tim2.o [1]
TIM2_OC3Init            0x008c82   0x6f  Code  Gb  stm8s_tim2.o [1]
TIM2_OC3PreloadConfig   0x009375   0x16  Code  Gb  stm8s_tim2.o [1]
TIM2_PWM_Init           0x0081b9   0x27  Code  Gb  main.o [1]
TIM2_TimeBaseInit       0x0095e1    0x7  Code  Gb  stm8s_tim2.o [1]
TIM2_UPD_OVF_BRK_IRQHandler
                        0x008e02   0x47  Code  Gb  stm8s_it.o [1]
TIM2_UPD_OVF_BRK_IRQHandler::count2
                        0x00004b    0x2  Data  Lc  stm8s_it.o [1]
TIM4_UPD_OVF_IRQHandler
                        0x009661    0x1  Code  Gb  stm8s_it.o [1]
TLI_IRQHandler          0x009652    0x1  Code  Gb  stm8s_it.o [1]
TRAP_IRQHandler         0x009651    0x1  Code  Gb  stm8s_it.o [1]
TotalWidthPulse         0x000040    0x2  Data  Gb  main.o [1]
UART1_RX_IRQHandler     0x00965e    0x1  Code  Gb  stm8s_it.o [1]
UART1_TX_IRQHandler     0x00965d    0x1  Code  Gb  stm8s_it.o [1]
WidthPulse              0x00003c    0x2  Data  Gb  main.o [1]
__DebugBreak            0x009663    0x1  Code  Gb  __dbg_break.o [3]
__exit                  0x0093dd   0x14  Code  Gb  __dbg_xxexit.o [3]
__iar_copy_init2        0x009217         Code  Gb  init_small.o [4]
__iar_data_init2        0x0093c9   0x14  Code  Gb  init.o [4]
__iar_program_start     0x0093f1         Code  Gb  cstartup.o [4]
__iar_unhandled_exception
                        0x00964c         Code  Gb  unhandled_exception.o [4]
__intvec                0x008000         Data  Gb  interrupt.o [4]
__low_level_init        0x009646    0x3  Code  Gb  low_level_init.o [4]
_exit                   0x009626         Code  Gb  cexit.o [4]
_interrupt_1            0x009651         Code  Gb  stm8s_it.o [1]
_interrupt_12           0x00965a         Code  Gb  stm8s_it.o [1]
_interrupt_13           0x008738         Code  Gb  stm8s_it.o [1]
_interrupt_14           0x00965b         Code  Gb  stm8s_it.o [1]
_interrupt_15           0x008e02         Code  Gb  stm8s_it.o [1]
_interrupt_16           0x00965c         Code  Gb  stm8s_it.o [1]
_interrupt_19           0x00965d         Code  Gb  stm8s_it.o [1]
_interrupt_2            0x009652         Code  Gb  stm8s_it.o [1]
_interrupt_20           0x00965e         Code  Gb  stm8s_it.o [1]
_interrupt_21           0x00965f         Code  Gb  stm8s_it.o [1]
_interrupt_24           0x009660         Code  Gb  stm8s_it.o [1]
_interrupt_25           0x009661         Code  Gb  stm8s_it.o [1]
_interrupt_26           0x009662         Code  Gb  stm8s_it.o [1]
_interrupt_3            0x009653         Code  Gb  stm8s_it.o [1]
_interrupt_4            0x009654         Code  Gb  stm8s_it.o [1]
_interrupt_5            0x009655         Code  Gb  stm8s_it.o [1]
_interrupt_6            0x009656         Code  Gb  stm8s_it.o [1]
_interrupt_7            0x009657         Code  Gb  stm8s_it.o [1]
_interrupt_8            0x009658         Code  Gb  stm8s_it.o [1]
_interrupt_9            0x009659         Code  Gb  stm8s_it.o [1]
assert_failed           0x00964f    0x2  Code  Gb  main.o [1]
bCancel                 0x000046    0x1  Data  Gb  main.o [1]
delay                   0x008080    0x1  Code  Gb  main.o [1]
display_height          0x008e8f   0x46  Code  Gb  HT1632.o [1]
display_margin          0x008959   0xc3  Code  Gb  HT1632.o [1]
display_width           0x008e49   0x46  Code  Gb  HT1632.o [1]
exit                    0x009649    0x3  Code  Gb  exit.o [4]
g_height                0x000022    0x2  Data  Gb  main.o [1]
g_margin                0x00001e    0x2  Data  Gb  main.o [1]
g_width                 0x000020    0x2  Data  Gb  main.o [1]
main                    0x008220  0x224  Code  Gb  main.o [1]
tab                     0x000010    0xe  Data  Gb  HT1632.o [1]


[1] = F:\dajiaoji\workspace\Dajiao\Debug\Obj
[2] = command line
[3] = dbgstm8smd.a
[4] = dlstm8smn.a

  5 189 bytes of readonly  code memory
    543 bytes of readonly  data memory
    333 bytes of readwrite data memory

Errors: none
Warnings: none
