###############################################################################
#
# IAR ELF Linker V3.11.1.207 for STM8                     11/Oct/2020  00:47:52
# Copyright 2010-2019 IAR Systems AB.
#
#    Output file  =  F:\dajiaoji\workspace\Dajiao\Debug\Exe\stm8.out
#    Map file     =  F:\dajiaoji\workspace\Dajiao\Debug\List\stm8.map
#    Command line =  
#        -f C:\Users\pc\AppData\Local\Temp\EW5BB8.tmp
#        (F:\dajiaoji\workspace\Dajiao\Debug\Obj\HT1632.o
#        F:\dajiaoji\workspace\Dajiao\Debug\Obj\main.o
#        F:\dajiaoji\workspace\Dajiao\Debug\Obj\stm8s_adc1.o
#        F:\dajiaoji\workspace\Dajiao\Debug\Obj\stm8s_awu.o
#        F:\dajiaoji\workspace\Dajiao\Debug\Obj\stm8s_beep.o
#        F:\dajiaoji\workspace\Dajiao\Debug\Obj\stm8s_clk.o
#        F:\dajiaoji\workspace\Dajiao\Debug\Obj\stm8s_exti.o
#        F:\dajiaoji\workspace\Dajiao\Debug\Obj\stm8s_flash.o
#        F:\dajiaoji\workspace\Dajiao\Debug\Obj\stm8s_gpio.o
#        F:\dajiaoji\workspace\Dajiao\Debug\Obj\stm8s_i2c.o
#        F:\dajiaoji\workspace\Dajiao\Debug\Obj\stm8s_it.o
#        F:\dajiaoji\workspace\Dajiao\Debug\Obj\stm8s_itc.o
#        F:\dajiaoji\workspace\Dajiao\Debug\Obj\stm8s_iwdg.o
#        F:\dajiaoji\workspace\Dajiao\Debug\Obj\stm8s_rst.o
#        F:\dajiaoji\workspace\Dajiao\Debug\Obj\stm8s_spi.o
#        F:\dajiaoji\workspace\Dajiao\Debug\Obj\stm8s_tim1.o
#        F:\dajiaoji\workspace\Dajiao\Debug\Obj\stm8s_tim2.o
#        F:\dajiaoji\workspace\Dajiao\Debug\Obj\stm8s_tim4.o
#        F:\dajiaoji\workspace\Dajiao\Debug\Obj\stm8s_uart1.o
#        F:\dajiaoji\workspace\Dajiao\Debug\Obj\stm8s_wwdg.o --redirect
#        _Printf=_PrintfSmall --redirect _Scanf=_ScanfSmall --no_out_extension
#        -o F:\dajiaoji\workspace\Dajiao\Debug\Exe\stm8.out --map
#        F:\dajiaoji\workspace\Dajiao\Debug\List\stm8.map --config "C:\Program
#        Files (x86)\IAR Systems\Embedded Workbench
#        8.3\stm8\config\lnkstm8s003k3.icf" --config_def _CSTACK_SIZE=0x100
#        --config_def _HEAP_SIZE=0x100 --entry __iar_program_start --debug_lib)
#
###############################################################################

*******************************************************************************
*** RUNTIME MODEL ATTRIBUTES
***

__SystemLibrary            = DLib
__code_model               = small
__core                     = stm8
__data_model               = medium
__dlib_file_descriptor     = 0
__dlib_full_locale_support = 0
__rt_version               = 4


*******************************************************************************
*** PLACEMENT SUMMARY
***

"A0":  place at start of [0x000000-0x0000ff] { rw section .vregs };
"A1":  place at end of [0x000000-0x0003ff] { block CSTACK };
"P2":  place in [from 0x000000 to 0x0003ff] {
          block HEAP, rw section __DLIB_PERTHREAD, rw section .far.bss,
          rw section .far.data, rw section .far.noinit,
          rw section .far_func.textrw, rw section .huge.bss,
          rw section .huge.data, rw section .huge.noinit,
          rw section .huge_func.textrw, rw section .iar.dynexit,
          rw section .near.bss, rw section .near.data, rw section .near.noinit,
          rw section .near_func.textrw };
"A2":  place at start of [0x008000-0x009fff] { block INTVEC };
"P3":  place in [from 0x008000 to 0x009fff] {
          ro section __DLIB_PERTHREAD_init, ro section .far.data_init,
          ro section .far_func.textrw_init, ro section .huge.data_init,
          ro section .huge_func.textrw_init, ro section .iar.init_table,
          ro section .init_array, ro section .near.data_init,
          ro section .near.rodata, ro section .near_func.text,
          ro section .near_func.textrw_init, ro section .tiny.data_init,
          ro section .tiny.rodata_init };
"P4":  place in [from 0x008000 to 0x009fff] {
          ro section .far.rodata, ro section .far_func.text };
"P5":  place in [from 0x008000 to 0x009fff] {
          ro section .huge.rodata, ro section .huge_func.text };
do not initialize {
   rw section .eeprom.noinit, rw section .far.noinit, rw section .huge.noinit,
   rw section .near.noinit, rw section .tiny.noinit, rw section .vregs };
initialize by copy {
   rw section .far.bss, rw section .far.data, rw section .far_func.textrw,
   rw section .huge.bss, rw section .huge.data, rw section .huge_func.textrw,
   rw section .iar.dynexit, rw section .near.bss, rw section .near.data,
   rw section .near_func.textrw, rw section .tiny.bss, rw section .tiny.data,
   ro section .tiny.rodata };

No sections matched the following patterns:

  ro section .far.data_init          in "P3-P5"
  ro section .far.rodata             in "P3-P5"
  ro section .far_func.text          in "P3-P5"
  ro section .far_func.textrw_init   in "P3-P5"
  ro section .huge.data_init         in "P3-P5"
  ro section .huge.rodata            in "P3-P5"
  ro section .huge_func.text         in "P3-P5"
  ro section .huge_func.textrw_init  in "P3-P5"
  ro section .iar.init_table         in "P3-P5"
  ro section .init_array             in "P3-P5"
  ro section .near_func.textrw_init  in "P3-P5"
  ro section .tiny.data_init         in "P3-P5"
  ro section .tiny.rodata_init       in "P3-P5"
  ro section __DLIB_PERTHREAD_init   in "P3-P5"
  rw section .far.bss                in "P2"
  rw section .far.data               in "P2"
  rw section .far.noinit             in "P2"
  rw section .far_func.textrw        in "P2"
  rw section .huge.bss               in "P2"
  rw section .huge.data              in "P2"
  rw section .huge.noinit            in "P2"
  rw section .huge_func.textrw       in "P2"
  rw section .iar.dynexit            in "P2"
  rw section .near.noinit            in "P2"
  rw section .near_func.textrw       in "P2"
  rw section .tiny.bss               in "P1"
  rw section .tiny.data              in "P1"
  rw section .tiny.noinit            in "P1"
  rw section .tiny.rodata            in "P1"
  rw section __DLIB_PERTHREAD        in "P2"
  section .eeprom.data               in "P6-P8"
  section .eeprom.noinit             in "P6-P8"
  section .eeprom.rodata             in "P6-P8"


  Section            Kind      Address    Size  Object
  -------            ----      -------    ----  ------
"A0":                                     0x10
  .vregs             uninit   0x000000    0x10  vregs.o [4]
                            - 0x000010    0x10

"P2", part 1 of 2:                        0x36
  P2-1                        0x000010    0x36  <Init block>
    .near.data       inited   0x000010     0xe  HT1632.o [1]
    .near.data       inited   0x00001e     0x2  main.o [1]
    .near.data       inited   0x000020     0x2  main.o [1]
    .near.data       inited   0x000022     0x2  main.o [1]
    .near.data       inited   0x000024     0x2  main.o [1]
    .near.data       inited   0x000026     0x2  main.o [1]
    .near.data       inited   0x000028     0x2  main.o [1]
    .near.data       inited   0x00002a     0x2  main.o [1]
    .near.data       inited   0x00002c     0x2  main.o [1]
    .near.data       inited   0x00002e     0xa  stm8s_it.o [1]
    .near.data       inited   0x000038     0xa  stm8s_it.o [1]
    .near.data       inited   0x000042     0x4  rand.o [4]
                            - 0x000046    0x36

"P2", part 2 of 2:                        0xa5
  .near.bss          zero     0x000046    0x80  rand.o [4]
  .near.bss          zero     0x0000c6     0x4  rand.o [4]
  .near.bss          zero     0x0000ca     0x2  main.o [1]
  .near.bss          zero     0x0000cc     0x2  main.o [1]
  .near.bss          zero     0x0000ce     0x2  main.o [1]
  .near.bss          zero     0x0000d0     0x2  main.o [1]
  .near.bss          zero     0x0000d2     0x2  main.o [1]
  .near.bss          zero     0x0000d4     0x2  main.o [1]
  .near.bss          zero     0x0000d6     0x2  stm8s_it.o [1]
  .near.bss          zero     0x0000d8     0x2  stm8s_it.o [1]
  .near.bss          zero     0x0000da     0x2  rand.o [4]
  .near.bss          zero     0x0000dc     0x2  rand.o [4]
  .near.bss          zero     0x0000de     0x2  rand.o [4]
  .near.bss          zero     0x0000e0     0x2  rand.o [4]
  .near.bss          zero     0x0000e2     0x1  main.o [1]
  .near.bss          zero     0x0000e3     0x1  main.o [1]
  .near.bss          zero     0x0000e4     0x1  main.o [1]
  .near.bss          zero     0x0000e5     0x1  main.o [1]
  .near.bss          zero     0x0000e6     0x1  main.o [1]
  .near.bss          zero     0x0000e7     0x1  stm8s_it.o [1]
  .near.bss          zero     0x0000e8     0x1  stm8s_it.o [1]
  .near.bss          zero     0x0000e9     0x1  stm8s_it.o [1]
  .near.bss          zero     0x0000ea     0x1  rand.o [4]
                            - 0x0000eb    0xa5

"A1":                                    0x100
  CSTACK                      0x000300   0x100  <Block>
    CSTACK           uninit   0x000300   0x100  <Block tail>
                            - 0x000400   0x100

"A2":                                     0x80
  INTVEC                      0x008000    0x80  <Block>
    .intvec          const    0x008000    0x80  interrupt.o [4]
                            - 0x008080    0x80

"P3-P5":                                0x1ed0
  .near_func.text    ro code  0x008080   0x775  main.o [1]
  .near_func.text    ro code  0x0087f5   0x293  float.o [4]
  .near_func.text    ro code  0x008a88   0x1a4  stm8s_it.o [1]
  .near_func.text    ro code  0x008c2c   0x12f  long.o [4]
  .near_func.text    ro code  0x008d5b   0x104  vreg_util.o [4]
  .near_func.text    ro code  0x008e5f    0xc7  stm8s_tim1.o [1]
  .near_func.text    ro code  0x008f26    0xb4  HT1632.o [1]
  .near_func.text    ro code  0x008fda    0xad  stm8s_gpio.o [1]
  .near_func.text    ro code  0x009087    0x94  rand.o [4]
  .near_func.text    ro code  0x00911b    0x81  stm8s_tim1.o [1]
  .near_func.text    ro code  0x00919c    0x6f  stm8s_tim2.o [1]
  .near_func.text    ro code  0x00920b    0x67  stm8s_tim2.o [1]
  .near_func.text    ro code  0x009272    0x5e  stm8s_clk.o [1]
  .near_func.text    ro code  0x0092d0    0x5c  short.o [4]
  .near_func.text    ro code  0x00932c    0x59  stm8s_it.o [1]
  .near_func.text    ro code  0x009385    0x4c  stm8s_tim1.o [1]
  .near_func.text    ro code  0x0093d1    0x47  stm8s_it.o [1]
  .near.rodata       const    0x009418    0x46  stm8s_flash.o [1]
  .near.rodata       const    0x00945e    0x45  stm8s_beep.o [1]
  .near.rodata       const    0x0094a3    0x45  stm8s_gpio.o [1]
  .near.rodata       const    0x0094e8    0x45  stm8s_tim1.o [1]
  .near.rodata       const    0x00952d    0x45  stm8s_tim2.o [1]
  .near.rodata       const    0x009572    0x45  stm8s_tim4.o [1]
  .near.rodata       const    0x0095b7    0x44  stm8s_clk.o [1]
  .near_func.text    ro code  0x0095fb    0x42  HT1632.o [1]
  .near_func.text    ro code  0x00963d    0x42  HT1632.o [1]
  .near_func.text    ro code  0x00967f    0x42  HT1632.o [1]
  .near_func.text    ro code  0x0096c1    0x42  long_util.o [4]
  .near_func.text    ro code  0x009703    0x41  HT1632.o [1]
  .near_func.text    ro code  0x009744    0x41  HT1632.o [1]
  .near_func.text    ro code  0x009785    0x3e  HT1632.o [1]
  .near_func.text    ro code  0x0097c3    0x3d  stm8s_beep.o [1]
  .near_func.text    ro code  0x009800    0x3a  stm8s_tim4.o [1]
  .near_func.text    ro code  0x00983a    0x37  stm8s_tim2.o [1]
  Initializer bytes  const    0x009871    0x36  <for P2-1>
  .near_func.text    ro code  0x0098a7    0x34  stm8s_tim4.o [1]
  .near_func.text    ro code  0x0098db    0x31  stm8s_tim1.o [1]
  .near_func.text    ro code  0x00990c    0x30  stm8s_flash.o [1]
  .near_func.text    ro code  0x00993c    0x2f  stm8s_tim4.o [1]
  .near_func.text    ro code  0x00996b    0x2c  stm8s_flash.o [1]
  .near_func.text    ro code  0x009997    0x28  init_small.o [4]
  .near_func.text    ro code  0x0099bf    0x27  srand.o [4]
  .near_func.text    ro code  0x0099e6    0x24  HT1632.o [1]
  .near_func.text    ro code  0x009a0a    0x23  stm8s_flash.o [1]
  .iar.init_table    const    0x009a2d    0x12  - Linker created -
  .near_func.text    ro code  0x009a3f    0x20  stm8s_flash.o [1]
  .near_func.text    ro code  0x009a5f    0x1f  HT1632.o [1]
  .near_func.text    ro code  0x009a7e    0x1f  HT1632.o [1]
  .near_func.text    ro code  0x009a9d    0x1f  stm8s_tim1.o [1]
  .near_func.text    ro code  0x009abc    0x1e  init_small.o [4]
  .near_func.text    ro code  0x009ada    0x1c  stm8s_tim2.o [1]
  .near_func.text    ro code  0x009af6    0x1b  stm8s_flash.o [1]
  .near_func.text    ro code  0x009b11    0x1a  rand.o [4]
  .near_func.text    ro code  0x009b2b    0x19  stm8s_tim4.o [1]
  .near_func.text    ro code  0x009b44    0x18  stm8s_tim1.o [1]
  .near_func.text    ro code  0x009b5c    0x18  dc_util.o [4]
  .near_func.text    ro code  0x009b74    0x17  HT1632.o [1]
  .near_func.text    ro code  0x009b8b    0x16  stm8s_tim1.o [1]
  .near_func.text    ro code  0x009ba1    0x16  stm8s_tim1.o [1]
  .near_func.text    ro code  0x009bb7    0x16  stm8s_tim1.o [1]
  .near_func.text    ro code  0x009bcd    0x16  stm8s_tim1.o [1]
  .near_func.text    ro code  0x009be3    0x16  stm8s_tim2.o [1]
  .near_func.text    ro code  0x009bf9    0x16  stm8s_tim2.o [1]
  .near_func.text    ro code  0x009c0f    0x16  stm8s_tim2.o [1]
  .near_func.text    ro code  0x009c25    0x16  stm8s_tim4.o [1]
  .near_func.text    ro code  0x009c3b    0x16  stm8s_tim4.o [1]
  .near_func.text    ro code  0x009c51    0x15  stm8s_tim1.o [1]
  .near_func.text    ro code  0x009c66    0x14  HT1632.o [1]
  .near_func.text    ro code  0x009c7a    0x14  init.o [4]
  .near_func.text    ro code  0x009c8e    0x14  __dbg_xxexit.o [3]
  .near_func.text    ro code  0x009ca2    0x13  HT1632.o [1]
  .near_func.text    ro code  0x009cb5    0x13  cstartup.o [4]
  .near_func.text    ro code  0x009cc8    0x12  main.o [1]
  .near_func.text    ro code  0x009cda    0x11  HT1632.o [1]
  .near_func.text    ro code  0x009ceb    0x11  HT1632.o [1]
  .near_func.text    ro code  0x009cfc    0x10  HT1632.o [1]
  .near_func.text    ro code  0x009d0c    0x10  stm8s_flash.o [1]
  .near_func.text    ro code  0x009d1c    0x10  stm8s_flash.o [1]
  .near_func.text    ro code  0x009d2c     0xf  stm8s_tim1.o [1]
  .near_func.text    ro code  0x009d3b     0xf  stm8s_tim2.o [1]
  .near_func.text    ro code  0x009d4a     0xe  HT1632.o [1]
  .near_func.text    ro code  0x009d58     0xd  main.o [1]
  .near_func.text    ro code  0x009d65     0xd  stm8s_beep.o [1]
  .near_func.text    ro code  0x009d72     0xc  HT1632.o [1]
  .near_func.text    ro code  0x009d7e     0xc  HT1632.o [1]
  .near_func.text    ro code  0x009d8a     0xb  HT1632.o [1]
  .near_func.text    ro code  0x009d95     0xb  HT1632.o [1]
  .near_func.text    ro code  0x009da0     0xb  HT1632.o [1]
  .near_func.text    ro code  0x009dab     0xb  stm8s_beep.o [1]
  .near_func.text    ro code  0x009db6     0xb  stm8s_clk.o [1]
  .near_func.text    ro code  0x009dc1     0xb  stm8s_flash.o [1]
  .near_func.text    ro code  0x009dcc     0xb  stm8s_gpio.o [1]
  .near_func.text    ro code  0x009dd7     0xb  stm8s_tim1.o [1]
  .near_func.text    ro code  0x009de2     0xb  stm8s_tim2.o [1]
  .near_func.text    ro code  0x009ded     0xb  stm8s_tim2.o [1]
  .near_func.text    ro code  0x009df8     0xb  stm8s_tim2.o [1]
  .near_func.text    ro code  0x009e03     0xb  stm8s_tim4.o [1]
  .near_func.text    ro code  0x009e0e     0xa  stm8s_it.o [1]
  .near_func.text    ro code  0x009e18     0x9  HT1632.o [1]
  .near_func.text    ro code  0x009e21     0x9  HT1632.o [1]
  .near_func.text    ro code  0x009e2a     0x9  HT1632.o [1]
  .near_func.text    ro code  0x009e33     0x9  main.o [1]
  .near_func.text    ro code  0x009e3c     0x9  main.o [1]
  .near_func.text    ro code  0x009e45     0x9  stm8s_beep.o [1]
  .near_func.text    ro code  0x009e4e     0x9  stm8s_clk.o [1]
  .near_func.text    ro code  0x009e57     0x9  stm8s_flash.o [1]
  .near_func.text    ro code  0x009e60     0x9  stm8s_it.o [1]
  .near_func.text    ro code  0x009e69     0x9  stm8s_it.o [1]
  .near_func.text    ro code  0x009e72     0x9  stm8s_tim1.o [1]
  .near_func.text    ro code  0x009e7b     0x9  stm8s_tim2.o [1]
  .near_func.text    ro code  0x009e84     0x9  rand.o [4]
  .near_func.text    ro code  0x009e8d     0x8  HT1632.o [1]
  .near_func.text    ro code  0x009e95     0x8  stm8s_tim1.o [1]
  .near_func.text    ro code  0x009e9d     0x7  main.o [1]
  .near_func.text    ro code  0x009ea4     0x7  main.o [1]
  .near_func.text    ro code  0x009eab     0x7  stm8s_gpio.o [1]
  .near_func.text    ro code  0x009eb2     0x7  stm8s_gpio.o [1]
  .near_func.text    ro code  0x009eb9     0x7  stm8s_it.o [1]
  .near_func.text    ro code  0x009ec0     0x7  stm8s_it.o [1]
  .near_func.text    ro code  0x009ec7     0x7  stm8s_tim2.o [1]
  .near_func.text    ro code  0x009ece     0x6  HT1632.o [1]
  .near_func.text    ro code  0x009ed4     0x6  HT1632.o [1]
  .near_func.text    ro code  0x009eda     0x6  HT1632.o [1]
  .near_func.text    ro code  0x009ee0     0x6  HT1632.o [1]
  .near_func.text    ro code  0x009ee6     0x6  main.o [1]
  .near_func.text    ro code  0x009eec     0x6  main.o [1]
  .near_func.text    ro code  0x009ef2     0x6  main.o [1]
  .near_func.text    ro code  0x009ef8     0x6  main.o [1]
  .near_func.text    ro code  0x009efe     0x6  main.o [1]
  .near_func.text    ro code  0x009f04     0x6  main.o [1]
  .near_func.text    ro code  0x009f0a     0x6  stm8s_flash.o [1]
  .near_func.text    ro code  0x009f10     0x6  stm8s_flash.o [1]
  .near_func.text    ro code  0x009f16     0x6  stm8s_tim1.o [1]
  .near_func.text    ro code  0x009f1c     0x6  stm8s_tim2.o [1]
  .near_func.text    ro code  0x009f22     0x5  HT1632.o [1]
  .near_func.text    ro code  0x009f27     0x5  cexit.o [4]
  .near_func.text    ro code  0x009f2c     0x4  stm8s_gpio.o [1]
  .near_func.text    ro code  0x009f30     0x3  interrupt.o [4]
  .near_func.text    ro code  0x009f33     0x3  low_level_init.o [4]
  .near_func.text    ro code  0x009f36     0x3  exit.o [4]
  .near_func.text    ro code  0x009f39     0x3  unhandled_exception.o [4]
  .near_func.text    ro code  0x009f3c     0x2  main.o [1]
  .near_func.text    ro code  0x009f3e     0x1  stm8s_it.o [1]
  .near_func.text    ro code  0x009f3f     0x1  stm8s_it.o [1]
  .near_func.text    ro code  0x009f40     0x1  stm8s_it.o [1]
  .near_func.text    ro code  0x009f41     0x1  stm8s_it.o [1]
  .near_func.text    ro code  0x009f42     0x1  stm8s_it.o [1]
  .near_func.text    ro code  0x009f43     0x1  stm8s_it.o [1]
  .near_func.text    ro code  0x009f44     0x1  stm8s_it.o [1]
  .near_func.text    ro code  0x009f45     0x1  stm8s_it.o [1]
  .near_func.text    ro code  0x009f46     0x1  stm8s_it.o [1]
  .near_func.text    ro code  0x009f47     0x1  stm8s_it.o [1]
  .near_func.text    ro code  0x009f48     0x1  stm8s_it.o [1]
  .near_func.text    ro code  0x009f49     0x1  stm8s_it.o [1]
  .near_func.text    ro code  0x009f4a     0x1  stm8s_it.o [1]
  .near_func.text    ro code  0x009f4b     0x1  stm8s_it.o [1]
  .near_func.text    ro code  0x009f4c     0x1  stm8s_it.o [1]
  .near_func.text    ro code  0x009f4d     0x1  stm8s_it.o [1]
  .near_func.text    ro code  0x009f4e     0x1  stm8s_it.o [1]
  .near_func.text    ro code  0x009f4f     0x1  __dbg_break.o [3]
                            - 0x009f50  0x1ed0


*******************************************************************************
*** INIT TABLE
***

          Address   Size
          -------   ----
Zero (__iar_zero_init2)
    1 destination range, total size 0xa5:
          0x000046  0xa5

Copy (__iar_copy_init2)
    1 source range, total size 0x36:
          0x009871  0x36
    1 destination range, total size 0x36:
          0x000010  0x36



*******************************************************************************
*** MODULE SUMMARY
***

    Module                 ro code  ro data  rw data
    ------                 -------  -------  -------
F:\dajiaoji\workspace\Dajiao\Debug\Obj: [1]
    HT1632.o                   915       14       14
    main.o                   2 010       16       33
    stm8s_beep.o                94       69
    stm8s_clk.o                114       68
    stm8s_flash.o              250       70
    stm8s_gpio.o               202       69
    stm8s_it.o                 639       20       27
    stm8s_tim1.o               666       69
    stm8s_tim2.o               433       69
    stm8s_tim4.o               237       69
    ------------------------------------------------
    Total:                   5 560      533       74

command line: [2]
    ------------------------------------------------
    Total:

dbgstm8smd.a: [3]
    __dbg_break.o                1
    __dbg_xxexit.o              20
    ------------------------------------------------
    Total:                      21

dlstm8smn.a: [4]
    cexit.o                      5
    cstartup.o                  19
    dc_util.o                   24
    exit.o                       3
    float.o                    659
    init.o                      20
    init_small.o                70
    interrupt.o                  3      128
    long.o                     303
    long_util.o                 66
    low_level_init.o             3
    rand.o                     183        4      145
    short.o                     92
    srand.o                     39
    unhandled_exception.o        3
    vreg_util.o                260
    vregs.o                                       16
    ------------------------------------------------
    Total:                   1 752      132      161

    Linker created                       18      256
----------------------------------------------------
    Grand Total:             7 333      683      491


*******************************************************************************
*** ENTRY LIST
***

Entry                    Address   Size  Type      Object
-----                    -------   ----  ----      ------
.iar.init_table$$Base   0x009a2d          --   Gb  - Linker created -
.iar.init_table$$Limit  0x009a3f          --   Gb  - Linker created -
?add32_l0_l0_0x         0x008c44         Code  Gb  long.o [4]
?add32_l0_l0_dl         0x008c3f         Code  Gb  long.o [4]
?b0                     0x000000         Data  Gb  vregs.o [4]
?b1                     0x000001         Data  Gb  vregs.o [4]
?b10                    0x00000a         Data  Gb  vregs.o [4]
?b11                    0x00000b         Data  Gb  vregs.o [4]
?b12                    0x00000c         Data  Gb  vregs.o [4]
?b13                    0x00000d         Data  Gb  vregs.o [4]
?b14                    0x00000e         Data  Gb  vregs.o [4]
?b15                    0x00000f         Data  Gb  vregs.o [4]
?b2                     0x000002         Data  Gb  vregs.o [4]
?b3                     0x000003         Data  Gb  vregs.o [4]
?b4                     0x000004         Data  Gb  vregs.o [4]
?b5                     0x000005         Data  Gb  vregs.o [4]
?b6                     0x000006         Data  Gb  vregs.o [4]
?b7                     0x000007         Data  Gb  vregs.o [4]
?b8                     0x000008         Data  Gb  vregs.o [4]
?b9                     0x000009         Data  Gb  vregs.o [4]
?dc32_l1                0x009b5c         Code  Gb  dc_util.o [4]
?dc32_px                0x009b69         Code  Gb  dc_util.o [4]
?e0                     0x000001         Data  Gb  vregs.o [4]
?e1                     0x000005         Data  Gb  vregs.o [4]
?e2                     0x000009         Data  Gb  vregs.o [4]
?e3                     0x00000d         Data  Gb  vregs.o [4]
?epilogue_l2            0x008e02         Code  Gb  vreg_util.o [4]
?epilogue_l2_l3         0x008dff         Code  Gb  vreg_util.o [4]
?epilogue_l2_w6         0x008e06         Code  Gb  vreg_util.o [4]
?epilogue_w4            0x008e0d         Code  Gb  vreg_util.o [4]
?fcastf32u16_l0_x       0x008948         Code  Gb  float.o [4]
?fcasts16f32_x_l0       0x008966         Code  Gb  float.o [4]
?fdiv32_l0_l0_dc32      0x008895         Code  Gb  float.o [4]
?fdiv32_l0_l0_l1        0x00889a         Code  Gb  float.o [4]
?fmul32_l0_l0_dc32      0x0087f5         Code  Gb  float.o [4]
?fmul32_l0_l0_l1        0x0087fa         Code  Gb  float.o [4]
?inc32_0x_0x            0x008c31         Code  Gb  long.o [4]
?inc32_l2_l2            0x008c2c         Code  Gb  long.o [4]
?l0                     0x000000         Data  Gb  vregs.o [4]
?l1                     0x000004         Data  Gb  vregs.o [4]
?l2                     0x000008         Data  Gb  vregs.o [4]
?l3                     0x00000c         Data  Gb  vregs.o [4]
?load32_0x_l0           0x0096d9         Code  Gb  long_util.o [4]
?load32_0x_l1           0x0096e7         Code  Gb  long_util.o [4]
?load32_0x_l2           0x0096f5         Code  Gb  long_util.o [4]
?load32_l0_0x           0x0096c1         Code  Gb  long_util.o [4]
?load32_l1_0x           0x0096cd         Code  Gb  long_util.o [4]
?mov_e0_e1              0x008e14         Code  Gb  vreg_util.o [4]
?mov_e0_e2              0x008e21         Code  Gb  vreg_util.o [4]
?mov_e0_e3              0x008e2e         Code  Gb  vreg_util.o [4]
?mov_e2_e0              0x008e3b         Code  Gb  vreg_util.o [4]
?mov_e3_e0              0x008e48         Code  Gb  vreg_util.o [4]
?mov_e3_e2              0x008e55         Code  Gb  vreg_util.o [4]
?mov_l0_l1              0x008e11         Code  Gb  vreg_util.o [4]
?mov_l0_l2              0x008e1e         Code  Gb  vreg_util.o [4]
?mov_l0_l3              0x008e2b         Code  Gb  vreg_util.o [4]
?mov_l2_l0              0x008e38         Code  Gb  vreg_util.o [4]
?mov_l3_l0              0x008e45         Code  Gb  vreg_util.o [4]
?mov_l3_l2              0x008e52         Code  Gb  vreg_util.o [4]
?mov_w1_w3              0x008e17         Code  Gb  vreg_util.o [4]
?mov_w1_w5              0x008e24         Code  Gb  vreg_util.o [4]
?mov_w1_w7              0x008e31         Code  Gb  vreg_util.o [4]
?mov_w5_w1              0x008e3e         Code  Gb  vreg_util.o [4]
?mov_w7_w1              0x008e4b         Code  Gb  vreg_util.o [4]
?mov_w7_w5              0x008e58         Code  Gb  vreg_util.o [4]
?mul16_x_x_w0           0x0092d0         Code  Gb  short.o [4]
?mul32_l0_l0_0x         0x008c5f         Code  Gb  long.o [4]
?mul32_l0_l0_dl         0x008c5c         Code  Gb  long.o [4]
?mul32_l0_l0_l1         0x008c68         Code  Gb  long.o [4]
?pop_l0                 0x008dcb         Code  Gb  vreg_util.o [4]
?pop_l1                 0x008dd6         Code  Gb  vreg_util.o [4]
?pop_l2                 0x008de1         Code  Gb  vreg_util.o [4]
?pop_l3                 0x008dec         Code  Gb  vreg_util.o [4]
?pop_w0                 0x008d7d         Code  Gb  vreg_util.o [4]
?pop_w4                 0x008d84         Code  Gb  vreg_util.o [4]
?pop_w6                 0x008d8b         Code  Gb  vreg_util.o [4]
?push_l0                0x008d9a         Code  Gb  vreg_util.o [4]
?push_l1                0x008d9f         Code  Gb  vreg_util.o [4]
?push_l2                0x008da4         Code  Gb  vreg_util.o [4]
?push_l3                0x008da9         Code  Gb  vreg_util.o [4]
?push_w4                0x008d5b         Code  Gb  vreg_util.o [4]
?push_w6                0x008d60         Code  Gb  vreg_util.o [4]
?push_w7                0x008d65         Code  Gb  vreg_util.o [4]
?sdiv16_x_x_y           0x0092ee         Code  Gb  short.o [4]
?sll16_x_x_a            0x009317         Code  Gb  short.o [4]
?smod16_y_x_y           0x009307         Code  Gb  short.o [4]
?sra16_x_x_a            0x00931f         Code  Gb  short.o [4]
?srl16_x_x_4            0x009327         Code  Gb  short.o [4]
?udiv32_l0_l0_dl        0x008ceb         Code  Gb  long.o [4]
?udiv32_l0_l0_l1        0x008cee         Code  Gb  long.o [4]
?umod32_l1_l0_dl        0x008ce6         Code  Gb  long.o [4]
?umod32_l1_l0_l1        0x008cee         Code  Gb  long.o [4]
?w0                     0x000000         Data  Gb  vregs.o [4]
?w1                     0x000002         Data  Gb  vregs.o [4]
?w2                     0x000004         Data  Gb  vregs.o [4]
?w3                     0x000006         Data  Gb  vregs.o [4]
?w4                     0x000008         Data  Gb  vregs.o [4]
?w5                     0x00000a         Data  Gb  vregs.o [4]
?w6                     0x00000c         Data  Gb  vregs.o [4]
?w7                     0x00000e         Data  Gb  vregs.o [4]
ADC1_IRQHandler         0x009f4d    0x1  Code  Gb  stm8s_it.o [1]
ARR                     0x000038    0xa  Data  Gb  stm8s_it.o [1]
AWU_IRQHandler          0x009f40    0x1  Code  Gb  stm8s_it.o [1]
BEEP_Cmd                0x009d65    0xd  Code  Gb  stm8s_beep.o [1]
BEEP_Init               0x0097c3   0x3d  Code  Gb  stm8s_beep.o [1]
CLK_IRQHandler          0x009f41    0x1  Code  Gb  stm8s_it.o [1]
CLK_SYSCLKConfig        0x009272   0x5e  Code  Gb  stm8s_clk.o [1]
CRR                     0x00002e    0xa  Data  Gb  stm8s_it.o [1]
CSTACK$$Base            0x000300          --   Gb  - Linker created -
CSTACK$$Limit           0x000400          --   Gb  - Linker created -
DownValve               0x008139    0xe  Code  Gb  main.o [1]
EEPROM_Byte_Write       0x0082b4   0x27  Code  Gb  main.o [1]
EEPROM_EEC_IRQHandler   0x009f4e    0x1  Code  Gb  stm8s_it.o [1]
EXTI_PORTA_IRQHandler   0x009f42    0x1  Code  Gb  stm8s_it.o [1]
EXTI_PORTB_IRQHandler   0x009f43    0x1  Code  Gb  stm8s_it.o [1]
EXTI_PORTC_IRQHandler   0x009f44    0x1  Code  Gb  stm8s_it.o [1]
EXTI_PORTD_IRQHandler   0x009f45    0x1  Code  Gb  stm8s_it.o [1]
EXTI_PORTE_IRQHandler   0x009f46    0x1  Code  Gb  stm8s_it.o [1]
FLASH_GetFlagStatus     0x00996b   0x2c  Code  Gb  stm8s_flash.o [1]
FLASH_ProgramByte       0x00990c   0x30  Code  Gb  stm8s_flash.o [1]
FLASH_ReadByte          0x009a0a   0x23  Code  Gb  stm8s_flash.o [1]
FLASH_SetProgrammingTime
                        0x009af6   0x1b  Code  Gb  stm8s_flash.o [1]
FLASH_Unlock            0x009a3f   0x20  Code  Gb  stm8s_flash.o [1]
ForwardBackwardCur      0x0000d4    0x2  Data  Gb  main.o [1]
ForwardBackwardNum      0x0000d2    0x2  Data  Gb  main.o [1]
ForwardMotor1           0x008210    0xa  Code  Gb  main.o [1]
Fpwm                    0x00002c    0x2  Data  Gb  main.o [1]
GPIO_Init               0x008fda   0xad  Code  Gb  stm8s_gpio.o [1]
GPIO_ReadInputPin       0x009eb2    0x7  Code  Gb  stm8s_gpio.o [1]
GPIO_WriteHigh          0x009eab    0x7  Code  Gb  stm8s_gpio.o [1]
GPIO_WriteLow           0x009f2c    0x4  Code  Gb  stm8s_gpio.o [1]
HT1632C_Init            0x008fab   0x2f  Code  Gb  HT1632.o [1]
HT1632C_Writer          0x009785   0x3e  Code  Gb  HT1632.o [1]
HT1632C_Writer_CMD      0x008f26   0x20  Code  Gb  HT1632.o [1]
HT1632C_Writer_DATA     0x008f4c   0x1d  Code  Gb  HT1632.o [1]
HT1632C_clr             0x008f8a   0x21  Code  Gb  HT1632.o [1]
I2C_IRQHandler          0x009f4c    0x1  Code  Gb  stm8s_it.o [1]
INTVEC$$Base            0x008000          --   Gb  - Linker created -
INTVEC$$Limit           0x008080          --   Gb  - Linker created -
KEYInit                 0x0080a8   0x30  Code  Gb  main.o [1]
MarginPulse             0x0000ca    0x2  Data  Gb  main.o [1]
MotorInit               0x008147   0x22  Code  Gb  main.o [1]
MovePulse               0x0000ce    0x2  Data  Gb  main.o [1]
NumericDisplay_Init     0x008087   0x16  Code  Gb  main.o [1]
PowerInit               0x0080ed   0x12  Code  Gb  main.o [1]
PowerOFF                0x00810f   0x10  Code  Gb  main.o [1]
PowerON                 0x0080ff   0x10  Code  Gb  main.o [1]
Region$$Table$$Base     0x009a2d          --   Gb  - Linker created -
Region$$Table$$Limit    0x009a3f          --   Gb  - Linker created -
ReverseMotor1           0x008220    0xd  Code  Gb  main.o [1]
SPI_IRQHandler          0x009f47    0x1  Code  Gb  stm8s_it.o [1]
SensInit                0x0080e1    0xc  Code  Gb  main.o [1]
StartMotor1             0x0081d4   0x18  Code  Gb  main.o [1]
StartMotor2             0x008254   0x13  Code  Gb  main.o [1]
StopMotor1              0x0081ec   0x19  Code  Gb  main.o [1]
StopMotor2              0x00827e   0x1d  Code  Gb  main.o [1]
TIM1_ARRPreloadConfig   0x009bb7   0x16  Code  Gb  stm8s_tim1.o [1]
TIM1_CAP_COM_IRQHandler
                        0x009f48    0x1  Code  Gb  stm8s_it.o [1]
TIM1_CCxCmd             0x00911b   0x81  Code  Gb  stm8s_tim1.o [1]
TIM1_ClearITPendingBit  0x009b44   0x18  Code  Gb  stm8s_tim1.o [1]
TIM1_Cmd                0x009b8b   0x16  Code  Gb  stm8s_tim1.o [1]
TIM1_CtrlPWMOutputs     0x009ba1   0x16  Code  Gb  stm8s_tim1.o [1]
TIM1_ITConfig           0x0098db   0x31  Code  Gb  stm8s_tim1.o [1]
TIM1_OC3Init            0x008e5f   0xc7  Code  Gb  stm8s_tim1.o [1]
TIM1_OC3PreloadConfig   0x009bcd   0x16  Code  Gb  stm8s_tim1.o [1]
TIM1_PWM_Init           0x008184   0x46  Code  Gb  main.o [1]
TIM1_SetCompare3        0x009e72    0x9  Code  Gb  stm8s_tim1.o [1]
TIM1_TimeBaseInit       0x009385   0x4c  Code  Gb  stm8s_tim1.o [1]
TIM1_UPD_OVF_TRG_BRK_IRQHandler
                        0x008a88  0x1a4  Code  Gb  stm8s_it.o [1]
TIM1_UPD_OVF_TRG_BRK_IRQHandler::bCancelFinished
                        0x0000e7    0x1  Data  Lc  stm8s_it.o [1]
TIM1_UPD_OVF_TRG_BRK_IRQHandler::count
                        0x0000d6    0x2  Data  Lc  stm8s_it.o [1]
TIM2_ARRPreloadConfig   0x009bf9   0x16  Code  Gb  stm8s_tim2.o [1]
TIM2_CAP_COM_IRQHandler
                        0x009f49    0x1  Code  Gb  stm8s_it.o [1]
TIM2_CCxCmd             0x00920b   0x67  Code  Gb  stm8s_tim2.o [1]
TIM2_ClearITPendingBit  0x009ada   0x1c  Code  Gb  stm8s_tim2.o [1]
TIM2_Cmd                0x009be3   0x16  Code  Gb  stm8s_tim2.o [1]
TIM2_ITConfig           0x00983a   0x37  Code  Gb  stm8s_tim2.o [1]
TIM2_OC3Init            0x00919c   0x6f  Code  Gb  stm8s_tim2.o [1]
TIM2_OC3PreloadConfig   0x009c0f   0x16  Code  Gb  stm8s_tim2.o [1]
TIM2_PWM_Init           0x00822d   0x27  Code  Gb  main.o [1]
TIM2_TimeBaseInit       0x009ec7    0x7  Code  Gb  stm8s_tim2.o [1]
TIM2_UPD_OVF_BRK_IRQHandler
                        0x0093d1   0x47  Code  Gb  stm8s_it.o [1]
TIM2_UPD_OVF_BRK_IRQHandler::count2
                        0x0000d8    0x2  Data  Lc  stm8s_it.o [1]
TIM4_ARRPreloadConfig   0x009c3b   0x16  Code  Gb  stm8s_tim4.o [1]
TIM4_ClearFlag          0x009b2b   0x19  Code  Gb  stm8s_tim4.o [1]
TIM4_Cmd                0x009c25   0x16  Code  Gb  stm8s_tim4.o [1]
TIM4_GetITStatus        0x00993c   0x2f  Code  Gb  stm8s_tim4.o [1]
TIM4_ITConfig           0x0098a7   0x34  Code  Gb  stm8s_tim4.o [1]
TIM4_Init               0x00829b   0x19  Code  Gb  main.o [1]
TIM4_TimeBaseInit       0x009800   0x3a  Code  Gb  stm8s_tim4.o [1]
TIM4_UPD_OVF_IRQHandler
                        0x00932c   0x59  Code  Gb  stm8s_it.o [1]
TIM4_UPD_OVF_IRQHandler::ResetCount
                        0x0000e9    0x1  Data  Lc  stm8s_it.o [1]
TIM4_UPD_OVF_IRQHandler::SetCount
                        0x0000e8    0x1  Data  Lc  stm8s_it.o [1]
TLI_IRQHandler          0x009f3f    0x1  Code  Gb  stm8s_it.o [1]
TRAP_IRQHandler         0x009f3e    0x1  Code  Gb  stm8s_it.o [1]
TotalWidthPulse         0x0000d0    0x2  Data  Gb  main.o [1]
UART1_RX_IRQHandler     0x009f4b    0x1  Code  Gb  stm8s_it.o [1]
UART1_TX_IRQHandler     0x009f4a    0x1  Code  Gb  stm8s_it.o [1]
UpValve                 0x00812b    0xe  Code  Gb  main.o [1]
ValveInit               0x00811f    0xc  Code  Gb  main.o [1]
WidthPulse              0x0000cc    0x2  Data  Gb  main.o [1]
Write_Object_Height     0x0082f4   0x19  Code  Gb  main.o [1]
Write_Total_Height      0x0082db   0x19  Code  Gb  main.o [1]
_Rand_idx               0x0000c6    0x4  Data  Lc  rand.o [4]
_Rand_rv                0x000046   0x80  Data  Lc  rand.o [4]
_Randinit               0x0000ea    0x1  Data  Gb  rand.o [4]
_Randseed               0x000042    0x4  Data  Gb  rand.o [4]
__DebugBreak            0x009f4f    0x1  Code  Gb  __dbg_break.o [3]
__exit                  0x009c8e   0x14  Code  Gb  __dbg_xxexit.o [3]
__iar_Tls_setup__Rand_idx
                        0x0000de    0x2  Data  Lc  rand.o [4]
__iar_Tls_setup__Rand_rv
                        0x0000e0    0x2  Data  Lc  rand.o [4]
__iar_Tls_setup__Randinit
                        0x0000da    0x2  Data  Gb  rand.o [4]
__iar_Tls_setup__Randseed
                        0x0000dc    0x2  Data  Gb  rand.o [4]
__iar_copy_init2        0x009997         Code  Gb  init_small.o [4]
__iar_data_init2        0x009c7a   0x14  Code  Gb  init.o [4]
__iar_program_start     0x009cb5         Code  Gb  cstartup.o [4]
__iar_unhandled_exception
                        0x009f39         Code  Gb  unhandled_exception.o [4]
__iar_zero_init2        0x009abc         Code  Gb  init_small.o [4]
__intvec                0x008000         Data  Gb  interrupt.o [4]
__low_level_init        0x009f33    0x3  Code  Gb  low_level_init.o [4]
_exit                   0x009f27         Code  Gb  cexit.o [4]
_interrupt_1            0x009f3e         Code  Gb  stm8s_it.o [1]
_interrupt_12           0x009f47         Code  Gb  stm8s_it.o [1]
_interrupt_13           0x008a88         Code  Gb  stm8s_it.o [1]
_interrupt_14           0x009f48         Code  Gb  stm8s_it.o [1]
_interrupt_15           0x0093d1         Code  Gb  stm8s_it.o [1]
_interrupt_16           0x009f49         Code  Gb  stm8s_it.o [1]
_interrupt_19           0x009f4a         Code  Gb  stm8s_it.o [1]
_interrupt_2            0x009f3f         Code  Gb  stm8s_it.o [1]
_interrupt_20           0x009f4b         Code  Gb  stm8s_it.o [1]
_interrupt_21           0x009f4c         Code  Gb  stm8s_it.o [1]
_interrupt_24           0x009f4d         Code  Gb  stm8s_it.o [1]
_interrupt_25           0x00932c         Code  Gb  stm8s_it.o [1]
_interrupt_26           0x009f4e         Code  Gb  stm8s_it.o [1]
_interrupt_3            0x009f40         Code  Gb  stm8s_it.o [1]
_interrupt_4            0x009f41         Code  Gb  stm8s_it.o [1]
_interrupt_5            0x009f42         Code  Gb  stm8s_it.o [1]
_interrupt_6            0x009f43         Code  Gb  stm8s_it.o [1]
_interrupt_7            0x009f44         Code  Gb  stm8s_it.o [1]
_interrupt_8            0x009f45         Code  Gb  stm8s_it.o [1]
_interrupt_9            0x009f46         Code  Gb  stm8s_it.o [1]
assert_failed           0x009f3c    0x2  Code  Gb  main.o [1]
bBackHP                 0x0000e5    0x1  Data  Gb  main.o [1]
bBackward               0x0000e4    0x1  Data  Gb  main.o [1]
bCancel                 0x0000e2    0x1  Data  Gb  main.o [1]
bIsRuning               0x0000e6    0x1  Data  Gb  main.o [1]
bSensorON               0x0000e3    0x1  Data  Gb  main.o [1]
delay                   0x008080    0x7  Code  Gb  main.o [1]
display_height          0x00967f   0x42  Code  Gb  HT1632.o [1]
display_margin          0x009703   0x41  Code  Gb  HT1632.o [1]
display_margin_error    0x0095fb   0x42  Code  Gb  HT1632.o [1]
display_margin_input    0x00963d   0x42  Code  Gb  HT1632.o [1]
display_width           0x009744   0x41  Code  Gb  HT1632.o [1]
exit                    0x009f36    0x3  Code  Gb  exit.o [4]
g_height                0x00002a    0x2  Data  Gb  main.o [1]
g_margin                0x000026    0x2  Data  Gb  main.o [1]
g_width                 0x000028    0x2  Data  Gb  main.o [1]
get_passdata            0x008359   0x5c  Code  Gb  main.o [1]
get_random              0x00830d   0x4c  Code  Gb  main.o [1]
main                    0x0083b5  0x390  Code  Gb  main.o [1]
modeAddress             0x000022    0x2  Data  Gb  main.o [1]
objectHeightAddress     0x000020    0x2  Data  Gb  main.o [1]
rand                    0x009087   0x94  Code  Gb  rand.o [4]
randomAddress           0x000024    0x2  Data  Gb  main.o [1]
srand                   0x0099bf   0x27  Code  Gb  srand.o [4]
tab                     0x000010    0xe  Data  Gb  HT1632.o [1]
totalHeightAddress      0x00001e    0x2  Data  Gb  main.o [1]


[1] = F:\dajiaoji\workspace\Dajiao\Debug\Obj
[2] = command line
[3] = dbgstm8smd.a
[4] = dlstm8smn.a

  7 333 bytes of readonly  code memory
    683 bytes of readonly  data memory
    491 bytes of readwrite data memory

Errors: none
Warnings: none
