###############################################################################
#
# IAR ELF Linker V3.11.1.207 for STM8                     18/Oct/2020  22:35:29
# Copyright 2010-2019 IAR Systems AB.
#
#    Output file  =  F:\dajiaoji\workspace\Dajiao\Debug\Exe\stm8.out
#    Map file     =  F:\dajiaoji\workspace\Dajiao\Debug\List\stm8.map
#    Command line =  
#        -f C:\Users\pc\AppData\Local\Temp\EW9918.tmp
#        (F:\dajiaoji\workspace\Dajiao\Debug\Obj\HT1632.o
#        F:\dajiaoji\workspace\Dajiao\Debug\Obj\main.o
#        F:\dajiaoji\workspace\Dajiao\Debug\Obj\stm8s_adc1.o
#        F:\dajiaoji\workspace\Dajiao\Debug\Obj\stm8s_awu.o
#        F:\dajiaoji\workspace\Dajiao\Debug\Obj\stm8s_beep.o
#        F:\dajiaoji\workspace\Dajiao\Debug\Obj\stm8s_clk.o
#        F:\dajiaoji\workspace\Dajiao\Debug\Obj\stm8s_exti.o
#        F:\dajiaoji\workspace\Dajiao\Debug\Obj\stm8s_flash.o
#        F:\dajiaoji\workspace\Dajiao\Debug\Obj\stm8s_gpio.o
#        F:\dajiaoji\workspace\Dajiao\Debug\Obj\stm8s_i2c.o
#        F:\dajiaoji\workspace\Dajiao\Debug\Obj\stm8s_it.o
#        F:\dajiaoji\workspace\Dajiao\Debug\Obj\stm8s_itc.o
#        F:\dajiaoji\workspace\Dajiao\Debug\Obj\stm8s_iwdg.o
#        F:\dajiaoji\workspace\Dajiao\Debug\Obj\stm8s_rst.o
#        F:\dajiaoji\workspace\Dajiao\Debug\Obj\stm8s_spi.o
#        F:\dajiaoji\workspace\Dajiao\Debug\Obj\stm8s_tim1.o
#        F:\dajiaoji\workspace\Dajiao\Debug\Obj\stm8s_tim2.o
#        F:\dajiaoji\workspace\Dajiao\Debug\Obj\stm8s_tim4.o
#        F:\dajiaoji\workspace\Dajiao\Debug\Obj\stm8s_uart1.o
#        F:\dajiaoji\workspace\Dajiao\Debug\Obj\stm8s_wwdg.o --redirect
#        _Printf=_PrintfSmall --redirect _Scanf=_ScanfSmall --no_out_extension
#        -o F:\dajiaoji\workspace\Dajiao\Debug\Exe\stm8.out --map
#        F:\dajiaoji\workspace\Dajiao\Debug\List\stm8.map --config "C:\Program
#        Files (x86)\IAR Systems\Embedded Workbench
#        8.3\stm8\config\lnkstm8s003k3.icf" --config_def _CSTACK_SIZE=0x100
#        --config_def _HEAP_SIZE=0x100 --entry __iar_program_start --debug_lib)
#
###############################################################################

*******************************************************************************
*** RUNTIME MODEL ATTRIBUTES
***

__SystemLibrary            = DLib
__code_model               = small
__core                     = stm8
__data_model               = medium
__dlib_file_descriptor     = 0
__dlib_full_locale_support = 0
__rt_version               = 4


*******************************************************************************
*** PLACEMENT SUMMARY
***

"A0":  place at start of [0x000000-0x0000ff] { rw section .vregs };
"A1":  place at end of [0x000000-0x0003ff] { block CSTACK };
"P2":  place in [from 0x000000 to 0x0003ff] {
          block HEAP, rw section __DLIB_PERTHREAD, rw section .far.bss,
          rw section .far.data, rw section .far.noinit,
          rw section .far_func.textrw, rw section .huge.bss,
          rw section .huge.data, rw section .huge.noinit,
          rw section .huge_func.textrw, rw section .iar.dynexit,
          rw section .near.bss, rw section .near.data, rw section .near.noinit,
          rw section .near_func.textrw };
"A2":  place at start of [0x008000-0x009fff] { block INTVEC };
"P3":  place in [from 0x008000 to 0x009fff] {
          ro section __DLIB_PERTHREAD_init, ro section .far.data_init,
          ro section .far_func.textrw_init, ro section .huge.data_init,
          ro section .huge_func.textrw_init, ro section .iar.init_table,
          ro section .init_array, ro section .near.data_init,
          ro section .near.rodata, ro section .near_func.text,
          ro section .near_func.textrw_init, ro section .tiny.data_init,
          ro section .tiny.rodata_init };
"P4":  place in [from 0x008000 to 0x009fff] {
          ro section .far.rodata, ro section .far_func.text };
"P5":  place in [from 0x008000 to 0x009fff] {
          ro section .huge.rodata, ro section .huge_func.text };
do not initialize {
   rw section .eeprom.noinit, rw section .far.noinit, rw section .huge.noinit,
   rw section .near.noinit, rw section .tiny.noinit, rw section .vregs };
initialize by copy {
   rw section .far.bss, rw section .far.data, rw section .far_func.textrw,
   rw section .huge.bss, rw section .huge.data, rw section .huge_func.textrw,
   rw section .iar.dynexit, rw section .near.bss, rw section .near.data,
   rw section .near_func.textrw, rw section .tiny.bss, rw section .tiny.data,
   ro section .tiny.rodata };

No sections matched the following patterns:

  ro section .far.data_init          in "P3-P5"
  ro section .far.rodata             in "P3-P5"
  ro section .far_func.text          in "P3-P5"
  ro section .far_func.textrw_init   in "P3-P5"
  ro section .huge.data_init         in "P3-P5"
  ro section .huge.rodata            in "P3-P5"
  ro section .huge_func.text         in "P3-P5"
  ro section .huge_func.textrw_init  in "P3-P5"
  ro section .iar.init_table         in "P3-P5"
  ro section .init_array             in "P3-P5"
  ro section .near_func.textrw_init  in "P3-P5"
  ro section .tiny.data_init         in "P3-P5"
  ro section .tiny.rodata_init       in "P3-P5"
  ro section __DLIB_PERTHREAD_init   in "P3-P5"
  rw section .far.bss                in "P2"
  rw section .far.data               in "P2"
  rw section .far.noinit             in "P2"
  rw section .far_func.textrw        in "P2"
  rw section .huge.bss               in "P2"
  rw section .huge.data              in "P2"
  rw section .huge.noinit            in "P2"
  rw section .huge_func.textrw       in "P2"
  rw section .iar.dynexit            in "P2"
  rw section .near.noinit            in "P2"
  rw section .near_func.textrw       in "P2"
  rw section .tiny.bss               in "P1"
  rw section .tiny.data              in "P1"
  rw section .tiny.noinit            in "P1"
  rw section .tiny.rodata            in "P1"
  rw section __DLIB_PERTHREAD        in "P2"
  section .eeprom.data               in "P6-P8"
  section .eeprom.noinit             in "P6-P8"
  section .eeprom.rodata             in "P6-P8"


  Section            Kind      Address    Size  Object
  -------            ----      -------    ----  ------
"A0":                                     0x10
  .vregs             uninit   0x000000    0x10  vregs.o [4]
                            - 0x000010    0x10

"P2", part 1 of 2:                        0x36
  P2-1                        0x000010    0x36  <Init block>
    .near.data       inited   0x000010     0xe  HT1632.o [1]
    .near.data       inited   0x00001e     0x2  main.o [1]
    .near.data       inited   0x000020     0x2  main.o [1]
    .near.data       inited   0x000022     0x2  main.o [1]
    .near.data       inited   0x000024     0x2  main.o [1]
    .near.data       inited   0x000026     0x2  main.o [1]
    .near.data       inited   0x000028     0x2  main.o [1]
    .near.data       inited   0x00002a     0x2  main.o [1]
    .near.data       inited   0x00002c     0x2  main.o [1]
    .near.data       inited   0x00002e     0xa  stm8s_it.o [1]
    .near.data       inited   0x000038     0xa  stm8s_it.o [1]
    .near.data       inited   0x000042     0x4  rand.o [4]
                            - 0x000046    0x36

"P2", part 2 of 2:                        0xa5
  .near.bss          zero     0x000046    0x80  rand.o [4]
  .near.bss          zero     0x0000c6     0x4  rand.o [4]
  .near.bss          zero     0x0000ca     0x2  main.o [1]
  .near.bss          zero     0x0000cc     0x2  main.o [1]
  .near.bss          zero     0x0000ce     0x2  main.o [1]
  .near.bss          zero     0x0000d0     0x2  main.o [1]
  .near.bss          zero     0x0000d2     0x2  main.o [1]
  .near.bss          zero     0x0000d4     0x2  main.o [1]
  .near.bss          zero     0x0000d6     0x2  stm8s_it.o [1]
  .near.bss          zero     0x0000d8     0x2  stm8s_it.o [1]
  .near.bss          zero     0x0000da     0x2  rand.o [4]
  .near.bss          zero     0x0000dc     0x2  rand.o [4]
  .near.bss          zero     0x0000de     0x2  rand.o [4]
  .near.bss          zero     0x0000e0     0x2  rand.o [4]
  .near.bss          zero     0x0000e2     0x1  main.o [1]
  .near.bss          zero     0x0000e3     0x1  main.o [1]
  .near.bss          zero     0x0000e4     0x1  main.o [1]
  .near.bss          zero     0x0000e5     0x1  main.o [1]
  .near.bss          zero     0x0000e6     0x1  main.o [1]
  .near.bss          zero     0x0000e7     0x1  stm8s_it.o [1]
  .near.bss          zero     0x0000e8     0x1  stm8s_it.o [1]
  .near.bss          zero     0x0000e9     0x1  stm8s_it.o [1]
  .near.bss          zero     0x0000ea     0x1  rand.o [4]
                            - 0x0000eb    0xa5

"A1":                                    0x100
  CSTACK                      0x000300   0x100  <Block>
    CSTACK           uninit   0x000300   0x100  <Block tail>
                            - 0x000400   0x100

"A2":                                     0x80
  INTVEC                      0x008000    0x80  <Block>
    .intvec          const    0x008000    0x80  interrupt.o [4]
                            - 0x008080    0x80

"P3-P5":                                0x1ee7
  .near_func.text    ro code  0x008080   0x78c  main.o [1]
  .near_func.text    ro code  0x00880c   0x293  float.o [4]
  .near_func.text    ro code  0x008a9f   0x1a4  stm8s_it.o [1]
  .near_func.text    ro code  0x008c43   0x12f  long.o [4]
  .near_func.text    ro code  0x008d72   0x104  vreg_util.o [4]
  .near_func.text    ro code  0x008e76    0xc7  stm8s_tim1.o [1]
  .near_func.text    ro code  0x008f3d    0xb4  HT1632.o [1]
  .near_func.text    ro code  0x008ff1    0xad  stm8s_gpio.o [1]
  .near_func.text    ro code  0x00909e    0x94  rand.o [4]
  .near_func.text    ro code  0x009132    0x81  stm8s_tim1.o [1]
  .near_func.text    ro code  0x0091b3    0x6f  stm8s_tim2.o [1]
  .near_func.text    ro code  0x009222    0x67  stm8s_tim2.o [1]
  .near_func.text    ro code  0x009289    0x5e  stm8s_clk.o [1]
  .near_func.text    ro code  0x0092e7    0x5c  short.o [4]
  .near_func.text    ro code  0x009343    0x59  stm8s_it.o [1]
  .near_func.text    ro code  0x00939c    0x4c  stm8s_tim1.o [1]
  .near_func.text    ro code  0x0093e8    0x47  stm8s_it.o [1]
  .near.rodata       const    0x00942f    0x46  stm8s_flash.o [1]
  .near.rodata       const    0x009475    0x45  stm8s_beep.o [1]
  .near.rodata       const    0x0094ba    0x45  stm8s_gpio.o [1]
  .near.rodata       const    0x0094ff    0x45  stm8s_tim1.o [1]
  .near.rodata       const    0x009544    0x45  stm8s_tim2.o [1]
  .near.rodata       const    0x009589    0x45  stm8s_tim4.o [1]
  .near.rodata       const    0x0095ce    0x44  stm8s_clk.o [1]
  .near_func.text    ro code  0x009612    0x42  HT1632.o [1]
  .near_func.text    ro code  0x009654    0x42  HT1632.o [1]
  .near_func.text    ro code  0x009696    0x42  HT1632.o [1]
  .near_func.text    ro code  0x0096d8    0x42  long_util.o [4]
  .near_func.text    ro code  0x00971a    0x41  HT1632.o [1]
  .near_func.text    ro code  0x00975b    0x41  HT1632.o [1]
  .near_func.text    ro code  0x00979c    0x3e  HT1632.o [1]
  .near_func.text    ro code  0x0097da    0x3d  stm8s_beep.o [1]
  .near_func.text    ro code  0x009817    0x3a  stm8s_tim4.o [1]
  .near_func.text    ro code  0x009851    0x37  stm8s_tim2.o [1]
  Initializer bytes  const    0x009888    0x36  <for P2-1>
  .near_func.text    ro code  0x0098be    0x34  stm8s_tim4.o [1]
  .near_func.text    ro code  0x0098f2    0x31  stm8s_tim1.o [1]
  .near_func.text    ro code  0x009923    0x30  stm8s_flash.o [1]
  .near_func.text    ro code  0x009953    0x2f  stm8s_tim4.o [1]
  .near_func.text    ro code  0x009982    0x2c  stm8s_flash.o [1]
  .near_func.text    ro code  0x0099ae    0x28  init_small.o [4]
  .near_func.text    ro code  0x0099d6    0x27  srand.o [4]
  .near_func.text    ro code  0x0099fd    0x24  HT1632.o [1]
  .near_func.text    ro code  0x009a21    0x23  stm8s_flash.o [1]
  .iar.init_table    const    0x009a44    0x12  - Linker created -
  .near_func.text    ro code  0x009a56    0x20  stm8s_flash.o [1]
  .near_func.text    ro code  0x009a76    0x1f  HT1632.o [1]
  .near_func.text    ro code  0x009a95    0x1f  HT1632.o [1]
  .near_func.text    ro code  0x009ab4    0x1f  stm8s_tim1.o [1]
  .near_func.text    ro code  0x009ad3    0x1e  init_small.o [4]
  .near_func.text    ro code  0x009af1    0x1c  stm8s_tim2.o [1]
  .near_func.text    ro code  0x009b0d    0x1b  stm8s_flash.o [1]
  .near_func.text    ro code  0x009b28    0x1a  rand.o [4]
  .near_func.text    ro code  0x009b42    0x19  stm8s_tim4.o [1]
  .near_func.text    ro code  0x009b5b    0x18  stm8s_tim1.o [1]
  .near_func.text    ro code  0x009b73    0x18  dc_util.o [4]
  .near_func.text    ro code  0x009b8b    0x17  HT1632.o [1]
  .near_func.text    ro code  0x009ba2    0x16  stm8s_tim1.o [1]
  .near_func.text    ro code  0x009bb8    0x16  stm8s_tim1.o [1]
  .near_func.text    ro code  0x009bce    0x16  stm8s_tim1.o [1]
  .near_func.text    ro code  0x009be4    0x16  stm8s_tim1.o [1]
  .near_func.text    ro code  0x009bfa    0x16  stm8s_tim2.o [1]
  .near_func.text    ro code  0x009c10    0x16  stm8s_tim2.o [1]
  .near_func.text    ro code  0x009c26    0x16  stm8s_tim2.o [1]
  .near_func.text    ro code  0x009c3c    0x16  stm8s_tim4.o [1]
  .near_func.text    ro code  0x009c52    0x16  stm8s_tim4.o [1]
  .near_func.text    ro code  0x009c68    0x15  stm8s_tim1.o [1]
  .near_func.text    ro code  0x009c7d    0x14  HT1632.o [1]
  .near_func.text    ro code  0x009c91    0x14  init.o [4]
  .near_func.text    ro code  0x009ca5    0x14  __dbg_xxexit.o [3]
  .near_func.text    ro code  0x009cb9    0x13  HT1632.o [1]
  .near_func.text    ro code  0x009ccc    0x13  cstartup.o [4]
  .near_func.text    ro code  0x009cdf    0x12  main.o [1]
  .near_func.text    ro code  0x009cf1    0x11  HT1632.o [1]
  .near_func.text    ro code  0x009d02    0x11  HT1632.o [1]
  .near_func.text    ro code  0x009d13    0x10  HT1632.o [1]
  .near_func.text    ro code  0x009d23    0x10  stm8s_flash.o [1]
  .near_func.text    ro code  0x009d33    0x10  stm8s_flash.o [1]
  .near_func.text    ro code  0x009d43     0xf  stm8s_tim1.o [1]
  .near_func.text    ro code  0x009d52     0xf  stm8s_tim2.o [1]
  .near_func.text    ro code  0x009d61     0xe  HT1632.o [1]
  .near_func.text    ro code  0x009d6f     0xd  main.o [1]
  .near_func.text    ro code  0x009d7c     0xd  stm8s_beep.o [1]
  .near_func.text    ro code  0x009d89     0xc  HT1632.o [1]
  .near_func.text    ro code  0x009d95     0xc  HT1632.o [1]
  .near_func.text    ro code  0x009da1     0xb  HT1632.o [1]
  .near_func.text    ro code  0x009dac     0xb  HT1632.o [1]
  .near_func.text    ro code  0x009db7     0xb  HT1632.o [1]
  .near_func.text    ro code  0x009dc2     0xb  stm8s_beep.o [1]
  .near_func.text    ro code  0x009dcd     0xb  stm8s_clk.o [1]
  .near_func.text    ro code  0x009dd8     0xb  stm8s_flash.o [1]
  .near_func.text    ro code  0x009de3     0xb  stm8s_gpio.o [1]
  .near_func.text    ro code  0x009dee     0xb  stm8s_tim1.o [1]
  .near_func.text    ro code  0x009df9     0xb  stm8s_tim2.o [1]
  .near_func.text    ro code  0x009e04     0xb  stm8s_tim2.o [1]
  .near_func.text    ro code  0x009e0f     0xb  stm8s_tim2.o [1]
  .near_func.text    ro code  0x009e1a     0xb  stm8s_tim4.o [1]
  .near_func.text    ro code  0x009e25     0xa  stm8s_it.o [1]
  .near_func.text    ro code  0x009e2f     0x9  HT1632.o [1]
  .near_func.text    ro code  0x009e38     0x9  HT1632.o [1]
  .near_func.text    ro code  0x009e41     0x9  HT1632.o [1]
  .near_func.text    ro code  0x009e4a     0x9  main.o [1]
  .near_func.text    ro code  0x009e53     0x9  main.o [1]
  .near_func.text    ro code  0x009e5c     0x9  stm8s_beep.o [1]
  .near_func.text    ro code  0x009e65     0x9  stm8s_clk.o [1]
  .near_func.text    ro code  0x009e6e     0x9  stm8s_flash.o [1]
  .near_func.text    ro code  0x009e77     0x9  stm8s_it.o [1]
  .near_func.text    ro code  0x009e80     0x9  stm8s_it.o [1]
  .near_func.text    ro code  0x009e89     0x9  stm8s_tim1.o [1]
  .near_func.text    ro code  0x009e92     0x9  stm8s_tim2.o [1]
  .near_func.text    ro code  0x009e9b     0x9  rand.o [4]
  .near_func.text    ro code  0x009ea4     0x8  HT1632.o [1]
  .near_func.text    ro code  0x009eac     0x8  stm8s_tim1.o [1]
  .near_func.text    ro code  0x009eb4     0x7  main.o [1]
  .near_func.text    ro code  0x009ebb     0x7  main.o [1]
  .near_func.text    ro code  0x009ec2     0x7  stm8s_gpio.o [1]
  .near_func.text    ro code  0x009ec9     0x7  stm8s_gpio.o [1]
  .near_func.text    ro code  0x009ed0     0x7  stm8s_it.o [1]
  .near_func.text    ro code  0x009ed7     0x7  stm8s_it.o [1]
  .near_func.text    ro code  0x009ede     0x7  stm8s_tim2.o [1]
  .near_func.text    ro code  0x009ee5     0x6  HT1632.o [1]
  .near_func.text    ro code  0x009eeb     0x6  HT1632.o [1]
  .near_func.text    ro code  0x009ef1     0x6  HT1632.o [1]
  .near_func.text    ro code  0x009ef7     0x6  HT1632.o [1]
  .near_func.text    ro code  0x009efd     0x6  main.o [1]
  .near_func.text    ro code  0x009f03     0x6  main.o [1]
  .near_func.text    ro code  0x009f09     0x6  main.o [1]
  .near_func.text    ro code  0x009f0f     0x6  main.o [1]
  .near_func.text    ro code  0x009f15     0x6  main.o [1]
  .near_func.text    ro code  0x009f1b     0x6  main.o [1]
  .near_func.text    ro code  0x009f21     0x6  stm8s_flash.o [1]
  .near_func.text    ro code  0x009f27     0x6  stm8s_flash.o [1]
  .near_func.text    ro code  0x009f2d     0x6  stm8s_tim1.o [1]
  .near_func.text    ro code  0x009f33     0x6  stm8s_tim2.o [1]
  .near_func.text    ro code  0x009f39     0x5  HT1632.o [1]
  .near_func.text    ro code  0x009f3e     0x5  cexit.o [4]
  .near_func.text    ro code  0x009f43     0x4  stm8s_gpio.o [1]
  .near_func.text    ro code  0x009f47     0x3  interrupt.o [4]
  .near_func.text    ro code  0x009f4a     0x3  low_level_init.o [4]
  .near_func.text    ro code  0x009f4d     0x3  exit.o [4]
  .near_func.text    ro code  0x009f50     0x3  unhandled_exception.o [4]
  .near_func.text    ro code  0x009f53     0x2  main.o [1]
  .near_func.text    ro code  0x009f55     0x1  stm8s_it.o [1]
  .near_func.text    ro code  0x009f56     0x1  stm8s_it.o [1]
  .near_func.text    ro code  0x009f57     0x1  stm8s_it.o [1]
  .near_func.text    ro code  0x009f58     0x1  stm8s_it.o [1]
  .near_func.text    ro code  0x009f59     0x1  stm8s_it.o [1]
  .near_func.text    ro code  0x009f5a     0x1  stm8s_it.o [1]
  .near_func.text    ro code  0x009f5b     0x1  stm8s_it.o [1]
  .near_func.text    ro code  0x009f5c     0x1  stm8s_it.o [1]
  .near_func.text    ro code  0x009f5d     0x1  stm8s_it.o [1]
  .near_func.text    ro code  0x009f5e     0x1  stm8s_it.o [1]
  .near_func.text    ro code  0x009f5f     0x1  stm8s_it.o [1]
  .near_func.text    ro code  0x009f60     0x1  stm8s_it.o [1]
  .near_func.text    ro code  0x009f61     0x1  stm8s_it.o [1]
  .near_func.text    ro code  0x009f62     0x1  stm8s_it.o [1]
  .near_func.text    ro code  0x009f63     0x1  stm8s_it.o [1]
  .near_func.text    ro code  0x009f64     0x1  stm8s_it.o [1]
  .near_func.text    ro code  0x009f65     0x1  stm8s_it.o [1]
  .near_func.text    ro code  0x009f66     0x1  __dbg_break.o [3]
                            - 0x009f67  0x1ee7


*******************************************************************************
*** INIT TABLE
***

          Address   Size
          -------   ----
Zero (__iar_zero_init2)
    1 destination range, total size 0xa5:
          0x000046  0xa5

Copy (__iar_copy_init2)
    1 source range, total size 0x36:
          0x009888  0x36
    1 destination range, total size 0x36:
          0x000010  0x36



*******************************************************************************
*** MODULE SUMMARY
***

    Module                 ro code  ro data  rw data
    ------                 -------  -------  -------
F:\dajiaoji\workspace\Dajiao\Debug\Obj: [1]
    HT1632.o                   915       14       14
    main.o                   2 033       16       33
    stm8s_beep.o                94       69
    stm8s_clk.o                114       68
    stm8s_flash.o              250       70
    stm8s_gpio.o               202       69
    stm8s_it.o                 639       20       27
    stm8s_tim1.o               666       69
    stm8s_tim2.o               433       69
    stm8s_tim4.o               237       69
    ------------------------------------------------
    Total:                   5 583      533       74

command line: [2]
    ------------------------------------------------
    Total:

dbgstm8smd.a: [3]
    __dbg_break.o                1
    __dbg_xxexit.o              20
    ------------------------------------------------
    Total:                      21

dlstm8smn.a: [4]
    cexit.o                      5
    cstartup.o                  19
    dc_util.o                   24
    exit.o                       3
    float.o                    659
    init.o                      20
    init_small.o                70
    interrupt.o                  3      128
    long.o                     303
    long_util.o                 66
    low_level_init.o             3
    rand.o                     183        4      145
    short.o                     92
    srand.o                     39
    unhandled_exception.o        3
    vreg_util.o                260
    vregs.o                                       16
    ------------------------------------------------
    Total:                   1 752      132      161

    Linker created                       18      256
----------------------------------------------------
    Grand Total:             7 356      683      491


*******************************************************************************
*** ENTRY LIST
***

Entry                    Address   Size  Type      Object
-----                    -------   ----  ----      ------
.iar.init_table$$Base   0x009a44          --   Gb  - Linker created -
.iar.init_table$$Limit  0x009a56          --   Gb  - Linker created -
?add32_l0_l0_0x         0x008c5b         Code  Gb  long.o [4]
?add32_l0_l0_dl         0x008c56         Code  Gb  long.o [4]
?b0                     0x000000         Data  Gb  vregs.o [4]
?b1                     0x000001         Data  Gb  vregs.o [4]
?b10                    0x00000a         Data  Gb  vregs.o [4]
?b11                    0x00000b         Data  Gb  vregs.o [4]
?b12                    0x00000c         Data  Gb  vregs.o [4]
?b13                    0x00000d         Data  Gb  vregs.o [4]
?b14                    0x00000e         Data  Gb  vregs.o [4]
?b15                    0x00000f         Data  Gb  vregs.o [4]
?b2                     0x000002         Data  Gb  vregs.o [4]
?b3                     0x000003         Data  Gb  vregs.o [4]
?b4                     0x000004         Data  Gb  vregs.o [4]
?b5                     0x000005         Data  Gb  vregs.o [4]
?b6                     0x000006         Data  Gb  vregs.o [4]
?b7                     0x000007         Data  Gb  vregs.o [4]
?b8                     0x000008         Data  Gb  vregs.o [4]
?b9                     0x000009         Data  Gb  vregs.o [4]
?dc32_l1                0x009b73         Code  Gb  dc_util.o [4]
?dc32_px                0x009b80         Code  Gb  dc_util.o [4]
?e0                     0x000001         Data  Gb  vregs.o [4]
?e1                     0x000005         Data  Gb  vregs.o [4]
?e2                     0x000009         Data  Gb  vregs.o [4]
?e3                     0x00000d         Data  Gb  vregs.o [4]
?epilogue_l2            0x008e19         Code  Gb  vreg_util.o [4]
?epilogue_l2_l3         0x008e16         Code  Gb  vreg_util.o [4]
?epilogue_l2_w6         0x008e1d         Code  Gb  vreg_util.o [4]
?epilogue_w4            0x008e24         Code  Gb  vreg_util.o [4]
?fcastf32u16_l0_x       0x00895f         Code  Gb  float.o [4]
?fcasts16f32_x_l0       0x00897d         Code  Gb  float.o [4]
?fdiv32_l0_l0_dc32      0x0088ac         Code  Gb  float.o [4]
?fdiv32_l0_l0_l1        0x0088b1         Code  Gb  float.o [4]
?fmul32_l0_l0_dc32      0x00880c         Code  Gb  float.o [4]
?fmul32_l0_l0_l1        0x008811         Code  Gb  float.o [4]
?inc32_0x_0x            0x008c48         Code  Gb  long.o [4]
?inc32_l2_l2            0x008c43         Code  Gb  long.o [4]
?l0                     0x000000         Data  Gb  vregs.o [4]
?l1                     0x000004         Data  Gb  vregs.o [4]
?l2                     0x000008         Data  Gb  vregs.o [4]
?l3                     0x00000c         Data  Gb  vregs.o [4]
?load32_0x_l0           0x0096f0         Code  Gb  long_util.o [4]
?load32_0x_l1           0x0096fe         Code  Gb  long_util.o [4]
?load32_0x_l2           0x00970c         Code  Gb  long_util.o [4]
?load32_l0_0x           0x0096d8         Code  Gb  long_util.o [4]
?load32_l1_0x           0x0096e4         Code  Gb  long_util.o [4]
?mov_e0_e1              0x008e2b         Code  Gb  vreg_util.o [4]
?mov_e0_e2              0x008e38         Code  Gb  vreg_util.o [4]
?mov_e0_e3              0x008e45         Code  Gb  vreg_util.o [4]
?mov_e2_e0              0x008e52         Code  Gb  vreg_util.o [4]
?mov_e3_e0              0x008e5f         Code  Gb  vreg_util.o [4]
?mov_e3_e2              0x008e6c         Code  Gb  vreg_util.o [4]
?mov_l0_l1              0x008e28         Code  Gb  vreg_util.o [4]
?mov_l0_l2              0x008e35         Code  Gb  vreg_util.o [4]
?mov_l0_l3              0x008e42         Code  Gb  vreg_util.o [4]
?mov_l2_l0              0x008e4f         Code  Gb  vreg_util.o [4]
?mov_l3_l0              0x008e5c         Code  Gb  vreg_util.o [4]
?mov_l3_l2              0x008e69         Code  Gb  vreg_util.o [4]
?mov_w1_w3              0x008e2e         Code  Gb  vreg_util.o [4]
?mov_w1_w5              0x008e3b         Code  Gb  vreg_util.o [4]
?mov_w1_w7              0x008e48         Code  Gb  vreg_util.o [4]
?mov_w5_w1              0x008e55         Code  Gb  vreg_util.o [4]
?mov_w7_w1              0x008e62         Code  Gb  vreg_util.o [4]
?mov_w7_w5              0x008e6f         Code  Gb  vreg_util.o [4]
?mul16_x_x_w0           0x0092e7         Code  Gb  short.o [4]
?mul32_l0_l0_0x         0x008c76         Code  Gb  long.o [4]
?mul32_l0_l0_dl         0x008c73         Code  Gb  long.o [4]
?mul32_l0_l0_l1         0x008c7f         Code  Gb  long.o [4]
?pop_l0                 0x008de2         Code  Gb  vreg_util.o [4]
?pop_l1                 0x008ded         Code  Gb  vreg_util.o [4]
?pop_l2                 0x008df8         Code  Gb  vreg_util.o [4]
?pop_l3                 0x008e03         Code  Gb  vreg_util.o [4]
?pop_w0                 0x008d94         Code  Gb  vreg_util.o [4]
?pop_w4                 0x008d9b         Code  Gb  vreg_util.o [4]
?pop_w6                 0x008da2         Code  Gb  vreg_util.o [4]
?push_l0                0x008db1         Code  Gb  vreg_util.o [4]
?push_l1                0x008db6         Code  Gb  vreg_util.o [4]
?push_l2                0x008dbb         Code  Gb  vreg_util.o [4]
?push_l3                0x008dc0         Code  Gb  vreg_util.o [4]
?push_w4                0x008d72         Code  Gb  vreg_util.o [4]
?push_w6                0x008d77         Code  Gb  vreg_util.o [4]
?push_w7                0x008d7c         Code  Gb  vreg_util.o [4]
?sdiv16_x_x_y           0x009305         Code  Gb  short.o [4]
?sll16_x_x_a            0x00932e         Code  Gb  short.o [4]
?smod16_y_x_y           0x00931e         Code  Gb  short.o [4]
?sra16_x_x_a            0x009336         Code  Gb  short.o [4]
?srl16_x_x_4            0x00933e         Code  Gb  short.o [4]
?udiv32_l0_l0_dl        0x008d02         Code  Gb  long.o [4]
?udiv32_l0_l0_l1        0x008d05         Code  Gb  long.o [4]
?umod32_l1_l0_dl        0x008cfd         Code  Gb  long.o [4]
?umod32_l1_l0_l1        0x008d05         Code  Gb  long.o [4]
?w0                     0x000000         Data  Gb  vregs.o [4]
?w1                     0x000002         Data  Gb  vregs.o [4]
?w2                     0x000004         Data  Gb  vregs.o [4]
?w3                     0x000006         Data  Gb  vregs.o [4]
?w4                     0x000008         Data  Gb  vregs.o [4]
?w5                     0x00000a         Data  Gb  vregs.o [4]
?w6                     0x00000c         Data  Gb  vregs.o [4]
?w7                     0x00000e         Data  Gb  vregs.o [4]
ADC1_IRQHandler         0x009f64    0x1  Code  Gb  stm8s_it.o [1]
ARR                     0x000038    0xa  Data  Gb  stm8s_it.o [1]
AWU_IRQHandler          0x009f57    0x1  Code  Gb  stm8s_it.o [1]
BEEP_Cmd                0x009d7c    0xd  Code  Gb  stm8s_beep.o [1]
BEEP_Init               0x0097da   0x3d  Code  Gb  stm8s_beep.o [1]
CLK_IRQHandler          0x009f58    0x1  Code  Gb  stm8s_it.o [1]
CLK_SYSCLKConfig        0x009289   0x5e  Code  Gb  stm8s_clk.o [1]
CRR                     0x00002e    0xa  Data  Gb  stm8s_it.o [1]
CSTACK$$Base            0x000300          --   Gb  - Linker created -
CSTACK$$Limit           0x000400          --   Gb  - Linker created -
DownValve               0x008150    0xe  Code  Gb  main.o [1]
EEPROM_Byte_Write       0x0082cb   0x27  Code  Gb  main.o [1]
EEPROM_EEC_IRQHandler   0x009f65    0x1  Code  Gb  stm8s_it.o [1]
EXTI_PORTA_IRQHandler   0x009f59    0x1  Code  Gb  stm8s_it.o [1]
EXTI_PORTB_IRQHandler   0x009f5a    0x1  Code  Gb  stm8s_it.o [1]
EXTI_PORTC_IRQHandler   0x009f5b    0x1  Code  Gb  stm8s_it.o [1]
EXTI_PORTD_IRQHandler   0x009f5c    0x1  Code  Gb  stm8s_it.o [1]
EXTI_PORTE_IRQHandler   0x009f5d    0x1  Code  Gb  stm8s_it.o [1]
FLASH_GetFlagStatus     0x009982   0x2c  Code  Gb  stm8s_flash.o [1]
FLASH_ProgramByte       0x009923   0x30  Code  Gb  stm8s_flash.o [1]
FLASH_ReadByte          0x009a21   0x23  Code  Gb  stm8s_flash.o [1]
FLASH_SetProgrammingTime
                        0x009b0d   0x1b  Code  Gb  stm8s_flash.o [1]
FLASH_Unlock            0x009a56   0x20  Code  Gb  stm8s_flash.o [1]
ForwardBackwardCur      0x0000d4    0x2  Data  Gb  main.o [1]
ForwardBackwardNum      0x0000d2    0x2  Data  Gb  main.o [1]
ForwardMotor1           0x008227    0xa  Code  Gb  main.o [1]
Fpwm                    0x00002c    0x2  Data  Gb  main.o [1]
GPIO_Init               0x008ff1   0xad  Code  Gb  stm8s_gpio.o [1]
GPIO_ReadInputPin       0x009ec9    0x7  Code  Gb  stm8s_gpio.o [1]
GPIO_WriteHigh          0x009ec2    0x7  Code  Gb  stm8s_gpio.o [1]
GPIO_WriteLow           0x009f43    0x4  Code  Gb  stm8s_gpio.o [1]
HT1632C_Init            0x008fc2   0x2f  Code  Gb  HT1632.o [1]
HT1632C_Writer          0x00979c   0x3e  Code  Gb  HT1632.o [1]
HT1632C_Writer_CMD      0x008f3d   0x20  Code  Gb  HT1632.o [1]
HT1632C_Writer_DATA     0x008f63   0x1d  Code  Gb  HT1632.o [1]
HT1632C_clr             0x008fa1   0x21  Code  Gb  HT1632.o [1]
I2C_IRQHandler          0x009f63    0x1  Code  Gb  stm8s_it.o [1]
INTVEC$$Base            0x008000          --   Gb  - Linker created -
INTVEC$$Limit           0x008080          --   Gb  - Linker created -
KEYInit                 0x0080bf   0x30  Code  Gb  main.o [1]
MarginPulse             0x0000ca    0x2  Data  Gb  main.o [1]
MotorInit               0x00815e   0x22  Code  Gb  main.o [1]
MovePulse               0x0000ce    0x2  Data  Gb  main.o [1]
NumericDisplay_Init     0x00809e   0x16  Code  Gb  main.o [1]
PowerInit               0x008104   0x12  Code  Gb  main.o [1]
PowerOFF                0x008126   0x10  Code  Gb  main.o [1]
PowerON                 0x008116   0x10  Code  Gb  main.o [1]
Region$$Table$$Base     0x009a44          --   Gb  - Linker created -
Region$$Table$$Limit    0x009a56          --   Gb  - Linker created -
ReverseMotor1           0x008237    0xd  Code  Gb  main.o [1]
SPI_IRQHandler          0x009f5e    0x1  Code  Gb  stm8s_it.o [1]
SensInit                0x0080f8    0xc  Code  Gb  main.o [1]
StartMotor1             0x0081eb   0x18  Code  Gb  main.o [1]
StartMotor2             0x00826b   0x13  Code  Gb  main.o [1]
StopMotor1              0x008203   0x19  Code  Gb  main.o [1]
StopMotor2              0x008295   0x1d  Code  Gb  main.o [1]
TIM1_ARRPreloadConfig   0x009bce   0x16  Code  Gb  stm8s_tim1.o [1]
TIM1_CAP_COM_IRQHandler
                        0x009f5f    0x1  Code  Gb  stm8s_it.o [1]
TIM1_CCxCmd             0x009132   0x81  Code  Gb  stm8s_tim1.o [1]
TIM1_ClearITPendingBit  0x009b5b   0x18  Code  Gb  stm8s_tim1.o [1]
TIM1_Cmd                0x009ba2   0x16  Code  Gb  stm8s_tim1.o [1]
TIM1_CtrlPWMOutputs     0x009bb8   0x16  Code  Gb  stm8s_tim1.o [1]
TIM1_ITConfig           0x0098f2   0x31  Code  Gb  stm8s_tim1.o [1]
TIM1_OC3Init            0x008e76   0xc7  Code  Gb  stm8s_tim1.o [1]
TIM1_OC3PreloadConfig   0x009be4   0x16  Code  Gb  stm8s_tim1.o [1]
TIM1_PWM_Init           0x00819b   0x46  Code  Gb  main.o [1]
TIM1_SetCompare3        0x009e89    0x9  Code  Gb  stm8s_tim1.o [1]
TIM1_TimeBaseInit       0x00939c   0x4c  Code  Gb  stm8s_tim1.o [1]
TIM1_UPD_OVF_TRG_BRK_IRQHandler
                        0x008a9f  0x1a4  Code  Gb  stm8s_it.o [1]
TIM1_UPD_OVF_TRG_BRK_IRQHandler::bCancelFinished
                        0x0000e7    0x1  Data  Lc  stm8s_it.o [1]
TIM1_UPD_OVF_TRG_BRK_IRQHandler::count
                        0x0000d6    0x2  Data  Lc  stm8s_it.o [1]
TIM2_ARRPreloadConfig   0x009c10   0x16  Code  Gb  stm8s_tim2.o [1]
TIM2_CAP_COM_IRQHandler
                        0x009f60    0x1  Code  Gb  stm8s_it.o [1]
TIM2_CCxCmd             0x009222   0x67  Code  Gb  stm8s_tim2.o [1]
TIM2_ClearITPendingBit  0x009af1   0x1c  Code  Gb  stm8s_tim2.o [1]
TIM2_Cmd                0x009bfa   0x16  Code  Gb  stm8s_tim2.o [1]
TIM2_ITConfig           0x009851   0x37  Code  Gb  stm8s_tim2.o [1]
TIM2_OC3Init            0x0091b3   0x6f  Code  Gb  stm8s_tim2.o [1]
TIM2_OC3PreloadConfig   0x009c26   0x16  Code  Gb  stm8s_tim2.o [1]
TIM2_PWM_Init           0x008244   0x27  Code  Gb  main.o [1]
TIM2_TimeBaseInit       0x009ede    0x7  Code  Gb  stm8s_tim2.o [1]
TIM2_UPD_OVF_BRK_IRQHandler
                        0x0093e8   0x47  Code  Gb  stm8s_it.o [1]
TIM2_UPD_OVF_BRK_IRQHandler::count2
                        0x0000d8    0x2  Data  Lc  stm8s_it.o [1]
TIM4_ARRPreloadConfig   0x009c52   0x16  Code  Gb  stm8s_tim4.o [1]
TIM4_ClearFlag          0x009b42   0x19  Code  Gb  stm8s_tim4.o [1]
TIM4_Cmd                0x009c3c   0x16  Code  Gb  stm8s_tim4.o [1]
TIM4_GetITStatus        0x009953   0x2f  Code  Gb  stm8s_tim4.o [1]
TIM4_ITConfig           0x0098be   0x34  Code  Gb  stm8s_tim4.o [1]
TIM4_Init               0x0082b2   0x19  Code  Gb  main.o [1]
TIM4_TimeBaseInit       0x009817   0x3a  Code  Gb  stm8s_tim4.o [1]
TIM4_UPD_OVF_IRQHandler
                        0x009343   0x59  Code  Gb  stm8s_it.o [1]
TIM4_UPD_OVF_IRQHandler::ResetCount
                        0x0000e9    0x1  Data  Lc  stm8s_it.o [1]
TIM4_UPD_OVF_IRQHandler::SetCount
                        0x0000e8    0x1  Data  Lc  stm8s_it.o [1]
TLI_IRQHandler          0x009f56    0x1  Code  Gb  stm8s_it.o [1]
TRAP_IRQHandler         0x009f55    0x1  Code  Gb  stm8s_it.o [1]
TotalWidthPulse         0x0000d0    0x2  Data  Gb  main.o [1]
UART1_RX_IRQHandler     0x009f62    0x1  Code  Gb  stm8s_it.o [1]
UART1_TX_IRQHandler     0x009f61    0x1  Code  Gb  stm8s_it.o [1]
UpValve                 0x008142    0xe  Code  Gb  main.o [1]
ValveInit               0x008136    0xc  Code  Gb  main.o [1]
WidthPulse              0x0000cc    0x2  Data  Gb  main.o [1]
Write_Object_Height     0x00830b   0x19  Code  Gb  main.o [1]
Write_Total_Height      0x0082f2   0x19  Code  Gb  main.o [1]
_Rand_idx               0x0000c6    0x4  Data  Lc  rand.o [4]
_Rand_rv                0x000046   0x80  Data  Lc  rand.o [4]
_Randinit               0x0000ea    0x1  Data  Gb  rand.o [4]
_Randseed               0x000042    0x4  Data  Gb  rand.o [4]
__DebugBreak            0x009f66    0x1  Code  Gb  __dbg_break.o [3]
__exit                  0x009ca5   0x14  Code  Gb  __dbg_xxexit.o [3]
__iar_Tls_setup__Rand_idx
                        0x0000de    0x2  Data  Lc  rand.o [4]
__iar_Tls_setup__Rand_rv
                        0x0000e0    0x2  Data  Lc  rand.o [4]
__iar_Tls_setup__Randinit
                        0x0000da    0x2  Data  Gb  rand.o [4]
__iar_Tls_setup__Randseed
                        0x0000dc    0x2  Data  Gb  rand.o [4]
__iar_copy_init2        0x0099ae         Code  Gb  init_small.o [4]
__iar_data_init2        0x009c91   0x14  Code  Gb  init.o [4]
__iar_program_start     0x009ccc         Code  Gb  cstartup.o [4]
__iar_unhandled_exception
                        0x009f50         Code  Gb  unhandled_exception.o [4]
__iar_zero_init2        0x009ad3         Code  Gb  init_small.o [4]
__intvec                0x008000         Data  Gb  interrupt.o [4]
__low_level_init        0x009f4a    0x3  Code  Gb  low_level_init.o [4]
_exit                   0x009f3e         Code  Gb  cexit.o [4]
_interrupt_1            0x009f55         Code  Gb  stm8s_it.o [1]
_interrupt_12           0x009f5e         Code  Gb  stm8s_it.o [1]
_interrupt_13           0x008a9f         Code  Gb  stm8s_it.o [1]
_interrupt_14           0x009f5f         Code  Gb  stm8s_it.o [1]
_interrupt_15           0x0093e8         Code  Gb  stm8s_it.o [1]
_interrupt_16           0x009f60         Code  Gb  stm8s_it.o [1]
_interrupt_19           0x009f61         Code  Gb  stm8s_it.o [1]
_interrupt_2            0x009f56         Code  Gb  stm8s_it.o [1]
_interrupt_20           0x009f62         Code  Gb  stm8s_it.o [1]
_interrupt_21           0x009f63         Code  Gb  stm8s_it.o [1]
_interrupt_24           0x009f64         Code  Gb  stm8s_it.o [1]
_interrupt_25           0x009343         Code  Gb  stm8s_it.o [1]
_interrupt_26           0x009f65         Code  Gb  stm8s_it.o [1]
_interrupt_3            0x009f57         Code  Gb  stm8s_it.o [1]
_interrupt_4            0x009f58         Code  Gb  stm8s_it.o [1]
_interrupt_5            0x009f59         Code  Gb  stm8s_it.o [1]
_interrupt_6            0x009f5a         Code  Gb  stm8s_it.o [1]
_interrupt_7            0x009f5b         Code  Gb  stm8s_it.o [1]
_interrupt_8            0x009f5c         Code  Gb  stm8s_it.o [1]
_interrupt_9            0x009f5d         Code  Gb  stm8s_it.o [1]
assert_failed           0x009f53    0x2  Code  Gb  main.o [1]
bBackHP                 0x0000e5    0x1  Data  Gb  main.o [1]
bBackward               0x0000e4    0x1  Data  Gb  main.o [1]
bCancel                 0x0000e2    0x1  Data  Gb  main.o [1]
bIsRuning               0x0000e6    0x1  Data  Gb  main.o [1]
bSensorON               0x0000e3    0x1  Data  Gb  main.o [1]
delay                   0x008080   0x1e  Code  Gb  main.o [1]
display_height          0x009696   0x42  Code  Gb  HT1632.o [1]
display_margin          0x00971a   0x41  Code  Gb  HT1632.o [1]
display_margin_error    0x009612   0x42  Code  Gb  HT1632.o [1]
display_margin_input    0x009654   0x42  Code  Gb  HT1632.o [1]
display_width           0x00975b   0x41  Code  Gb  HT1632.o [1]
exit                    0x009f4d    0x3  Code  Gb  exit.o [4]
g_height                0x00002a    0x2  Data  Gb  main.o [1]
g_margin                0x000026    0x2  Data  Gb  main.o [1]
g_width                 0x000028    0x2  Data  Gb  main.o [1]
get_passdata            0x008370   0x5c  Code  Gb  main.o [1]
get_random              0x008324   0x4c  Code  Gb  main.o [1]
main                    0x0083cc  0x390  Code  Gb  main.o [1]
modeAddress             0x000022    0x2  Data  Gb  main.o [1]
objectHeightAddress     0x000020    0x2  Data  Gb  main.o [1]
rand                    0x00909e   0x94  Code  Gb  rand.o [4]
randomAddress           0x000024    0x2  Data  Gb  main.o [1]
srand                   0x0099d6   0x27  Code  Gb  srand.o [4]
tab                     0x000010    0xe  Data  Gb  HT1632.o [1]
totalHeightAddress      0x00001e    0x2  Data  Gb  main.o [1]


[1] = F:\dajiaoji\workspace\Dajiao\Debug\Obj
[2] = command line
[3] = dbgstm8smd.a
[4] = dlstm8smn.a

  7 356 bytes of readonly  code memory
    683 bytes of readonly  data memory
    491 bytes of readwrite data memory

Errors: none
Warnings: none
