###############################################################################
#
# IAR ELF Linker V3.11.1.207 for STM8                     22/Aug/2020  23:01:44
# Copyright 2010-2019 IAR Systems AB.
#
#    Output file  =  F:\dajiaoji\workspace\Dajiao\Debug\Exe\stm8.out
#    Map file     =  F:\dajiaoji\workspace\Dajiao\Debug\List\stm8.map
#    Command line =  
#        -f C:\Users\pc\AppData\Local\Temp\EW229F.tmp
#        (F:\dajiaoji\workspace\Dajiao\Debug\Obj\HT1632.o
#        F:\dajiaoji\workspace\Dajiao\Debug\Obj\main.o
#        F:\dajiaoji\workspace\Dajiao\Debug\Obj\stm8s_adc1.o
#        F:\dajiaoji\workspace\Dajiao\Debug\Obj\stm8s_awu.o
#        F:\dajiaoji\workspace\Dajiao\Debug\Obj\stm8s_beep.o
#        F:\dajiaoji\workspace\Dajiao\Debug\Obj\stm8s_clk.o
#        F:\dajiaoji\workspace\Dajiao\Debug\Obj\stm8s_exti.o
#        F:\dajiaoji\workspace\Dajiao\Debug\Obj\stm8s_flash.o
#        F:\dajiaoji\workspace\Dajiao\Debug\Obj\stm8s_gpio.o
#        F:\dajiaoji\workspace\Dajiao\Debug\Obj\stm8s_i2c.o
#        F:\dajiaoji\workspace\Dajiao\Debug\Obj\stm8s_it.o
#        F:\dajiaoji\workspace\Dajiao\Debug\Obj\stm8s_itc.o
#        F:\dajiaoji\workspace\Dajiao\Debug\Obj\stm8s_iwdg.o
#        F:\dajiaoji\workspace\Dajiao\Debug\Obj\stm8s_rst.o
#        F:\dajiaoji\workspace\Dajiao\Debug\Obj\stm8s_spi.o
#        F:\dajiaoji\workspace\Dajiao\Debug\Obj\stm8s_tim1.o
#        F:\dajiaoji\workspace\Dajiao\Debug\Obj\stm8s_tim2.o
#        F:\dajiaoji\workspace\Dajiao\Debug\Obj\stm8s_tim4.o
#        F:\dajiaoji\workspace\Dajiao\Debug\Obj\stm8s_uart1.o
#        F:\dajiaoji\workspace\Dajiao\Debug\Obj\stm8s_wwdg.o --redirect
#        _Printf=_PrintfSmall --redirect _Scanf=_ScanfSmall --no_out_extension
#        -o F:\dajiaoji\workspace\Dajiao\Debug\Exe\stm8.out --map
#        F:\dajiaoji\workspace\Dajiao\Debug\List\stm8.map --config "C:\Program
#        Files (x86)\IAR Systems\Embedded Workbench
#        8.3\stm8\config\lnkstm8s003k3.icf" --config_def _CSTACK_SIZE=0x100
#        --config_def _HEAP_SIZE=0x100 --entry __iar_program_start --debug_lib)
#
###############################################################################

*******************************************************************************
*** RUNTIME MODEL ATTRIBUTES
***

__SystemLibrary            = DLib
__code_model               = small
__core                     = stm8
__data_model               = medium
__dlib_file_descriptor     = 0
__dlib_full_locale_support = 0
__rt_version               = 4


*******************************************************************************
*** PLACEMENT SUMMARY
***

"A0":  place at start of [0x000000-0x0000ff] { rw section .vregs };
"A1":  place at end of [0x000000-0x0003ff] { block CSTACK };
"P2":  place in [from 0x000000 to 0x0003ff] {
          block HEAP, rw section __DLIB_PERTHREAD, rw section .far.bss,
          rw section .far.data, rw section .far.noinit,
          rw section .far_func.textrw, rw section .huge.bss,
          rw section .huge.data, rw section .huge.noinit,
          rw section .huge_func.textrw, rw section .iar.dynexit,
          rw section .near.bss, rw section .near.data, rw section .near.noinit,
          rw section .near_func.textrw };
"A2":  place at start of [0x008000-0x009fff] { block INTVEC };
"P3":  place in [from 0x008000 to 0x009fff] {
          ro section __DLIB_PERTHREAD_init, ro section .far.data_init,
          ro section .far_func.textrw_init, ro section .huge.data_init,
          ro section .huge_func.textrw_init, ro section .iar.init_table,
          ro section .init_array, ro section .near.data_init,
          ro section .near.rodata, ro section .near_func.text,
          ro section .near_func.textrw_init, ro section .tiny.data_init,
          ro section .tiny.rodata_init };
"P4":  place in [from 0x008000 to 0x009fff] {
          ro section .far.rodata, ro section .far_func.text };
"P5":  place in [from 0x008000 to 0x009fff] {
          ro section .huge.rodata, ro section .huge_func.text };
do not initialize {
   rw section .eeprom.noinit, rw section .far.noinit, rw section .huge.noinit,
   rw section .near.noinit, rw section .tiny.noinit, rw section .vregs };
initialize by copy {
   rw section .far.bss, rw section .far.data, rw section .far_func.textrw,
   rw section .huge.bss, rw section .huge.data, rw section .huge_func.textrw,
   rw section .iar.dynexit, rw section .near.bss, rw section .near.data,
   rw section .near_func.textrw, rw section .tiny.bss, rw section .tiny.data,
   ro section .tiny.rodata };

No sections matched the following patterns:

  ro section .far.data_init          in "P3-P5"
  ro section .far.rodata             in "P3-P5"
  ro section .far_func.text          in "P3-P5"
  ro section .far_func.textrw_init   in "P3-P5"
  ro section .huge.data_init         in "P3-P5"
  ro section .huge.rodata            in "P3-P5"
  ro section .huge_func.text         in "P3-P5"
  ro section .huge_func.textrw_init  in "P3-P5"
  ro section .iar.init_table         in "P3-P5"
  ro section .init_array             in "P3-P5"
  ro section .near_func.textrw_init  in "P3-P5"
  ro section .tiny.data_init         in "P3-P5"
  ro section .tiny.rodata_init       in "P3-P5"
  ro section __DLIB_PERTHREAD_init   in "P3-P5"
  rw section .far.bss                in "P2"
  rw section .far.data               in "P2"
  rw section .far.noinit             in "P2"
  rw section .far_func.textrw        in "P2"
  rw section .huge.bss               in "P2"
  rw section .huge.data              in "P2"
  rw section .huge.noinit            in "P2"
  rw section .huge_func.textrw       in "P2"
  rw section .iar.dynexit            in "P2"
  rw section .near.noinit            in "P2"
  rw section .near_func.textrw       in "P2"
  rw section .tiny.bss               in "P1"
  rw section .tiny.data              in "P1"
  rw section .tiny.noinit            in "P1"
  rw section .tiny.rodata            in "P1"
  rw section __DLIB_PERTHREAD        in "P2"
  section .eeprom.data               in "P6-P8"
  section .eeprom.noinit             in "P6-P8"
  section .eeprom.rodata             in "P6-P8"


  Section            Kind      Address    Size  Object
  -------            ----      -------    ----  ------
"A0":                                     0x10
  .vregs             uninit   0x000000    0x10  vregs.o [4]
                            - 0x000010    0x10

"P2":                                     0x3b
  P2-1                        0x000010    0x3b  <Init block>
    .near.data       inited   0x000010     0xe  HT1632.o [1]
    .near.data       inited   0x00001e     0x2  main.o [1]
    .near.data       inited   0x000020     0x2  main.o [1]
    .near.data       inited   0x000022     0x2  main.o [1]
    .near.data       inited   0x000024     0xa  main.o [1]
    .near.data       inited   0x00002e     0xa  main.o [1]
    .near.bss        inited   0x000038     0x2  main.o [1]
    .near.bss        inited   0x00003a     0x2  main.o [1]
    .near.bss        inited   0x00003c     0x2  main.o [1]
    .near.bss        inited   0x00003e     0x2  main.o [1]
    .near.bss        inited   0x000040     0x2  main.o [1]
    .near.bss        inited   0x000042     0x2  main.o [1]
    .near.bss        inited   0x000044     0x1  main.o [1]
    .near.bss        inited   0x000045     0x2  stm8s_it.o [1]
    .near.bss        inited   0x000047     0x2  stm8s_it.o [1]
    .near.bss        inited   0x000049     0x2  stm8s_it.o [1]
                            - 0x00004b    0x3b

"A1":                                    0x100
  CSTACK                      0x000300   0x100  <Block>
    CSTACK           uninit   0x000300   0x100  <Block tail>
                            - 0x000400   0x100

"A2":                                     0x80
  INTVEC                      0x008000    0x80  <Block>
    .intvec          const    0x008000    0x80  interrupt.o [4]
                            - 0x008080    0x80

"P3-P5":                                0x15b7
  .near_func.text    ro code  0x008080   0x413  main.o [1]
  .near_func.text    ro code  0x008493   0x293  float.o [4]
  .near_func.text    ro code  0x008726   0x15d  stm8s_it.o [1]
  .near_func.text    ro code  0x008883    0xc4  stm8s_tim1.o [1]
  .near_func.text    ro code  0x008947    0xc3  HT1632.o [1]
  .near_func.text    ro code  0x008a0a    0xb1  stm8s_gpio.o [1]
  .near_func.text    ro code  0x008abb    0xb1  vreg_util.o [4]
  .near_func.text    ro code  0x008b6c    0x85  long.o [4]
  .near_func.text    ro code  0x008bf1    0x7f  stm8s_tim1.o [1]
  .near_func.text    ro code  0x008c70    0x6f  stm8s_tim2.o [1]
  .near_func.text    ro code  0x008cdf    0x67  stm8s_tim2.o [1]
  .near_func.text    ro code  0x008d46    0x5e  stm8s_clk.o [1]
  .near_func.text    ro code  0x008da4    0x4c  stm8s_tim1.o [1]
  .near_func.text    ro code  0x008df0    0x47  stm8s_it.o [1]
  .near_func.text    ro code  0x008e37    0x46  HT1632.o [1]
  .near_func.text    ro code  0x008e7d    0x46  HT1632.o [1]
  .near.rodata       const    0x008ec3    0x45  stm8s_beep.o [1]
  .near.rodata       const    0x008f08    0x45  stm8s_gpio.o [1]
  .near.rodata       const    0x008f4d    0x45  stm8s_tim1.o [1]
  .near.rodata       const    0x008f92    0x45  stm8s_tim2.o [1]
  .near.rodata       const    0x008fd7    0x44  stm8s_clk.o [1]
  .near_func.text    ro code  0x00901b    0x3d  stm8s_beep.o [1]
  .near_func.text    ro code  0x009058    0x3b  HT1632.o [1]
  Initializer bytes  const    0x009093    0x3b  <for P2-1>
  .near_func.text    ro code  0x0090ce    0x3a  HT1632.o [1]
  .near_func.text    ro code  0x009108    0x37  stm8s_tim2.o [1]
  .near_func.text    ro code  0x00913f    0x31  stm8s_tim1.o [1]
  .near_func.text    ro code  0x009170    0x2c  HT1632.o [1]
  .near_func.text    ro code  0x00919c    0x29  HT1632.o [1]
  .near_func.text    ro code  0x0091c5    0x28  init_small.o [4]
  .near_func.text    ro code  0x0091ed    0x25  short.o [4]
  .iar.init_table    const    0x009212     0xa  - Linker created -
  .near_func.text    ro code  0x00921c    0x1f  HT1632.o [1]
  .near_func.text    ro code  0x00923b    0x1f  stm8s_tim1.o [1]
  .near_func.text    ro code  0x00925a    0x1c  HT1632.o [1]
  .near_func.text    ro code  0x009276    0x1c  stm8s_tim2.o [1]
  .near_func.text    ro code  0x009292    0x1a  HT1632.o [1]
  .near_func.text    ro code  0x0092ac    0x18  stm8s_tim1.o [1]
  .near_func.text    ro code  0x0092c4    0x16  stm8s_tim1.o [1]
  .near_func.text    ro code  0x0092da    0x16  stm8s_tim1.o [1]
  .near_func.text    ro code  0x0092f0    0x16  stm8s_tim1.o [1]
  .near_func.text    ro code  0x009306    0x16  stm8s_tim1.o [1]
  .near_func.text    ro code  0x00931c    0x16  stm8s_tim2.o [1]
  .near_func.text    ro code  0x009332    0x16  stm8s_tim2.o [1]
  .near_func.text    ro code  0x009348    0x16  stm8s_tim2.o [1]
  .near_func.text    ro code  0x00935e    0x15  HT1632.o [1]
  .near_func.text    ro code  0x009373    0x15  stm8s_tim1.o [1]
  .near_func.text    ro code  0x009388    0x14  HT1632.o [1]
  .near_func.text    ro code  0x00939c    0x14  init.o [4]
  .near_func.text    ro code  0x0093b0    0x14  __dbg_xxexit.o [3]
  .near_func.text    ro code  0x0093c4    0x13  cstartup.o [4]
  .near_func.text    ro code  0x0093d7    0x11  HT1632.o [1]
  .near_func.text    ro code  0x0093e8    0x11  HT1632.o [1]
  .near_func.text    ro code  0x0093f9    0x11  HT1632.o [1]
  .near_func.text    ro code  0x00940a     0xf  stm8s_tim1.o [1]
  .near_func.text    ro code  0x009419     0xf  stm8s_tim2.o [1]
  .near_func.text    ro code  0x009428     0xd  HT1632.o [1]
  .near_func.text    ro code  0x009435     0xd  HT1632.o [1]
  .near_func.text    ro code  0x009442     0xd  HT1632.o [1]
  .near_func.text    ro code  0x00944f     0xd  stm8s_beep.o [1]
  .near_func.text    ro code  0x00945c     0xd  stm8s_it.o [1]
  .near_func.text    ro code  0x009469     0xd  stm8s_tim2.o [1]
  .near_func.text    ro code  0x009476     0xd  dc_util.o [4]
  .near_func.text    ro code  0x009483     0xc  HT1632.o [1]
  .near_func.text    ro code  0x00948f     0xc  HT1632.o [1]
  .near_func.text    ro code  0x00949b     0xc  main.o [1]
  .near_func.text    ro code  0x0094a7     0xc  long_util.o [4]
  .near_func.text    ro code  0x0094b3     0xb  HT1632.o [1]
  .near_func.text    ro code  0x0094be     0xb  main.o [1]
  .near_func.text    ro code  0x0094c9     0xb  stm8s_beep.o [1]
  .near_func.text    ro code  0x0094d4     0xb  stm8s_clk.o [1]
  .near_func.text    ro code  0x0094df     0xb  stm8s_gpio.o [1]
  .near_func.text    ro code  0x0094ea     0xb  stm8s_it.o [1]
  .near_func.text    ro code  0x0094f5     0xb  stm8s_tim1.o [1]
  .near_func.text    ro code  0x009500     0xb  stm8s_tim2.o [1]
  .near_func.text    ro code  0x00950b     0xb  stm8s_tim2.o [1]
  .near_func.text    ro code  0x009516     0x9  HT1632.o [1]
  .near_func.text    ro code  0x00951f     0x9  HT1632.o [1]
  .near_func.text    ro code  0x009528     0x9  HT1632.o [1]
  .near_func.text    ro code  0x009531     0x9  HT1632.o [1]
  .near_func.text    ro code  0x00953a     0x9  HT1632.o [1]
  .near_func.text    ro code  0x009543     0x9  main.o [1]
  .near_func.text    ro code  0x00954c     0x9  main.o [1]
  .near_func.text    ro code  0x009555     0x9  stm8s_beep.o [1]
  .near_func.text    ro code  0x00955e     0x9  stm8s_clk.o [1]
  .near_func.text    ro code  0x009567     0x9  stm8s_tim1.o [1]
  .near_func.text    ro code  0x009570     0x9  stm8s_tim2.o [1]
  .near_func.text    ro code  0x009579     0x8  HT1632.o [1]
  .near_func.text    ro code  0x009581     0x8  HT1632.o [1]
  .near_func.text    ro code  0x009589     0x8  stm8s_tim1.o [1]
  .near_func.text    ro code  0x009591     0x7  HT1632.o [1]
  .near_func.text    ro code  0x009598     0x7  stm8s_gpio.o [1]
  .near_func.text    ro code  0x00959f     0x7  stm8s_gpio.o [1]
  .near_func.text    ro code  0x0095a6     0x7  stm8s_it.o [1]
  .near_func.text    ro code  0x0095ad     0x7  stm8s_tim1.o [1]
  .near_func.text    ro code  0x0095b4     0x7  stm8s_tim2.o [1]
  .near_func.text    ro code  0x0095bb     0x6  HT1632.o [1]
  .near_func.text    ro code  0x0095c1     0x6  HT1632.o [1]
  .near_func.text    ro code  0x0095c7     0x6  HT1632.o [1]
  .near_func.text    ro code  0x0095cd     0x6  HT1632.o [1]
  .near_func.text    ro code  0x0095d3     0x6  main.o [1]
  .near_func.text    ro code  0x0095d9     0x6  main.o [1]
  .near_func.text    ro code  0x0095df     0x6  stm8s_tim1.o [1]
  .near_func.text    ro code  0x0095e5     0x5  HT1632.o [1]
  .near_func.text    ro code  0x0095ea     0x5  HT1632.o [1]
  .near_func.text    ro code  0x0095ef     0x5  main.o [1]
  .near_func.text    ro code  0x0095f4     0x5  stm8s_tim1.o [1]
  .near_func.text    ro code  0x0095f9     0x5  cexit.o [4]
  .near_func.text    ro code  0x0095fe     0x4  HT1632.o [1]
  .near_func.text    ro code  0x009602     0x4  HT1632.o [1]
  .near_func.text    ro code  0x009606     0x4  HT1632.o [1]
  .near_func.text    ro code  0x00960a     0x4  HT1632.o [1]
  .near_func.text    ro code  0x00960e     0x4  HT1632.o [1]
  .near_func.text    ro code  0x009612     0x4  stm8s_gpio.o [1]
  .near_func.text    ro code  0x009616     0x3  interrupt.o [4]
  .near_func.text    ro code  0x009619     0x3  low_level_init.o [4]
  .near_func.text    ro code  0x00961c     0x3  exit.o [4]
  .near_func.text    ro code  0x00961f     0x3  unhandled_exception.o [4]
  .near_func.text    ro code  0x009622     0x2  main.o [1]
  .near_func.text    ro code  0x009624     0x1  stm8s_it.o [1]
  .near_func.text    ro code  0x009625     0x1  stm8s_it.o [1]
  .near_func.text    ro code  0x009626     0x1  stm8s_it.o [1]
  .near_func.text    ro code  0x009627     0x1  stm8s_it.o [1]
  .near_func.text    ro code  0x009628     0x1  stm8s_it.o [1]
  .near_func.text    ro code  0x009629     0x1  stm8s_it.o [1]
  .near_func.text    ro code  0x00962a     0x1  stm8s_it.o [1]
  .near_func.text    ro code  0x00962b     0x1  stm8s_it.o [1]
  .near_func.text    ro code  0x00962c     0x1  stm8s_it.o [1]
  .near_func.text    ro code  0x00962d     0x1  stm8s_it.o [1]
  .near_func.text    ro code  0x00962e     0x1  stm8s_it.o [1]
  .near_func.text    ro code  0x00962f     0x1  stm8s_it.o [1]
  .near_func.text    ro code  0x009630     0x1  stm8s_it.o [1]
  .near_func.text    ro code  0x009631     0x1  stm8s_it.o [1]
  .near_func.text    ro code  0x009632     0x1  stm8s_it.o [1]
  .near_func.text    ro code  0x009633     0x1  stm8s_it.o [1]
  .near_func.text    ro code  0x009634     0x1  stm8s_it.o [1]
  .near_func.text    ro code  0x009635     0x1  stm8s_it.o [1]
  .near_func.text    ro code  0x009636     0x1  __dbg_break.o [3]
                            - 0x009637  0x15b7


*******************************************************************************
*** INIT TABLE
***

          Address   Size
          -------   ----
Copy (__iar_copy_init2)
    1 source range, total size 0x3b:
          0x009093  0x3b
    1 destination range, total size 0x3b:
          0x000010  0x3b



*******************************************************************************
*** MODULE SUMMARY
***

    Module                 ro code  ro data  rw data
    ------                 -------  -------  -------
F:\dajiaoji\workspace\Dajiao\Debug\Obj: [1]
    HT1632.o                   910       14       14
    main.o                   1 103       39       39
    stm8s_beep.o                94       69
    stm8s_clk.o                114       68
    stm8s_gpio.o               206       69
    stm8s_it.o                 469        6        6
    stm8s_tim1.o               673       69
    stm8s_tim2.o               429       69
    ------------------------------------------------
    Total:                   3 998      403       59

command line: [2]
    ------------------------------------------------
    Total:

dbgstm8smd.a: [3]
    __dbg_break.o                1
    __dbg_xxexit.o              20
    ------------------------------------------------
    Total:                      21

dlstm8smn.a: [4]
    cexit.o                      5
    cstartup.o                  19
    dc_util.o                   13
    exit.o                       3
    float.o                    659
    init.o                      20
    init_small.o                40
    interrupt.o                  3      128
    long.o                     133
    long_util.o                 12
    low_level_init.o             3
    short.o                     37
    unhandled_exception.o        3
    vreg_util.o                177
    vregs.o                                       16
    ------------------------------------------------
    Total:                   1 127      128       16

    Linker created                       10      256
----------------------------------------------------
    Grand Total:             5 146      541      331


*******************************************************************************
*** ENTRY LIST
***

Entry                    Address   Size  Type      Object
-----                    -------   ----  ----      ------
.iar.init_table$$Base   0x009212          --   Gb  - Linker created -
.iar.init_table$$Limit  0x00921c          --   Gb  - Linker created -
?b0                     0x000000         Data  Gb  vregs.o [4]
?b1                     0x000001         Data  Gb  vregs.o [4]
?b10                    0x00000a         Data  Gb  vregs.o [4]
?b11                    0x00000b         Data  Gb  vregs.o [4]
?b12                    0x00000c         Data  Gb  vregs.o [4]
?b13                    0x00000d         Data  Gb  vregs.o [4]
?b14                    0x00000e         Data  Gb  vregs.o [4]
?b15                    0x00000f         Data  Gb  vregs.o [4]
?b2                     0x000002         Data  Gb  vregs.o [4]
?b3                     0x000003         Data  Gb  vregs.o [4]
?b4                     0x000004         Data  Gb  vregs.o [4]
?b5                     0x000005         Data  Gb  vregs.o [4]
?b6                     0x000006         Data  Gb  vregs.o [4]
?b7                     0x000007         Data  Gb  vregs.o [4]
?b8                     0x000008         Data  Gb  vregs.o [4]
?b9                     0x000009         Data  Gb  vregs.o [4]
?dc32_l1                0x009476         Code  Gb  dc_util.o [4]
?e0                     0x000001         Data  Gb  vregs.o [4]
?e1                     0x000005         Data  Gb  vregs.o [4]
?e2                     0x000009         Data  Gb  vregs.o [4]
?e3                     0x00000d         Data  Gb  vregs.o [4]
?epilogue_l2            0x008b43         Code  Gb  vreg_util.o [4]
?epilogue_l2_w6         0x008b47         Code  Gb  vreg_util.o [4]
?epilogue_w4            0x008b4e         Code  Gb  vreg_util.o [4]
?fcastf32u16_l0_x       0x0085e6         Code  Gb  float.o [4]
?fcasts16f32_x_l0       0x008604         Code  Gb  float.o [4]
?fdiv32_l0_l0_dc32      0x008533         Code  Gb  float.o [4]
?fdiv32_l0_l0_l1        0x008538         Code  Gb  float.o [4]
?fmul32_l0_l0_dc32      0x008493         Code  Gb  float.o [4]
?fmul32_l0_l0_l1        0x008498         Code  Gb  float.o [4]
?inc32_0x_0x            0x008b71         Code  Gb  long.o [4]
?inc32_l2_l2            0x008b6c         Code  Gb  long.o [4]
?l0                     0x000000         Data  Gb  vregs.o [4]
?l1                     0x000004         Data  Gb  vregs.o [4]
?l2                     0x000008         Data  Gb  vregs.o [4]
?l3                     0x00000c         Data  Gb  vregs.o [4]
?load32_l1_0x           0x0094a7         Code  Gb  long_util.o [4]
?mov_e0_e1              0x008b55         Code  Gb  vreg_util.o [4]
?mov_e0_e2              0x008b62         Code  Gb  vreg_util.o [4]
?mov_l0_l1              0x008b52         Code  Gb  vreg_util.o [4]
?mov_l0_l2              0x008b5f         Code  Gb  vreg_util.o [4]
?mov_w1_w3              0x008b58         Code  Gb  vreg_util.o [4]
?mov_w1_w5              0x008b65         Code  Gb  vreg_util.o [4]
?pop_l0                 0x008b1a         Code  Gb  vreg_util.o [4]
?pop_l1                 0x008b25         Code  Gb  vreg_util.o [4]
?pop_l2                 0x008b30         Code  Gb  vreg_util.o [4]
?pop_w4                 0x008ad8         Code  Gb  vreg_util.o [4]
?pop_w6                 0x008adf         Code  Gb  vreg_util.o [4]
?push_l0                0x008aee         Code  Gb  vreg_util.o [4]
?push_l1                0x008af3         Code  Gb  vreg_util.o [4]
?push_l2                0x008af8         Code  Gb  vreg_util.o [4]
?push_w4                0x008abb         Code  Gb  vreg_util.o [4]
?push_w6                0x008ac0         Code  Gb  vreg_util.o [4]
?sll16_x_x_a            0x0091fd         Code  Gb  short.o [4]
?smod16_y_x_y           0x0091ed         Code  Gb  short.o [4]
?sra16_x_x_a            0x009205         Code  Gb  short.o [4]
?srl16_x_x_4            0x00920d         Code  Gb  short.o [4]
?udiv32_l0_l0_l1        0x008b84         Code  Gb  long.o [4]
?umod32_l1_l0_dl        0x008b7f         Code  Gb  long.o [4]
?umod32_l1_l0_l1        0x008b84         Code  Gb  long.o [4]
?w0                     0x000000         Data  Gb  vregs.o [4]
?w1                     0x000002         Data  Gb  vregs.o [4]
?w2                     0x000004         Data  Gb  vregs.o [4]
?w3                     0x000006         Data  Gb  vregs.o [4]
?w4                     0x000008         Data  Gb  vregs.o [4]
?w5                     0x00000a         Data  Gb  vregs.o [4]
?w6                     0x00000c         Data  Gb  vregs.o [4]
?w7                     0x00000e         Data  Gb  vregs.o [4]
ADC1_IRQHandler         0x009633    0x1  Code  Gb  stm8s_it.o [1]
ARR                     0x00002e    0xa  Data  Gb  main.o [1]
AWU_IRQHandler          0x009626    0x1  Code  Gb  stm8s_it.o [1]
BEEP_Cmd                0x00944f    0xd  Code  Gb  stm8s_beep.o [1]
BEEP_Init               0x00901b   0x3d  Code  Gb  stm8s_beep.o [1]
CLK_IRQHandler          0x009627    0x1  Code  Gb  stm8s_it.o [1]
CLK_SYSCLKConfig        0x008d46   0x5e  Code  Gb  stm8s_clk.o [1]
CRR                     0x000024    0xa  Data  Gb  main.o [1]
CSTACK$$Base            0x000300          --   Gb  - Linker created -
CSTACK$$Limit           0x000400          --   Gb  - Linker created -
EEPROM_EEC_IRQHandler   0x009635    0x1  Code  Gb  stm8s_it.o [1]
EXTI_PORTA_IRQHandler   0x009628    0x1  Code  Gb  stm8s_it.o [1]
EXTI_PORTB_IRQHandler   0x009629    0x1  Code  Gb  stm8s_it.o [1]
EXTI_PORTC_IRQHandler   0x00962a    0x1  Code  Gb  stm8s_it.o [1]
EXTI_PORTD_IRQHandler   0x00962b    0x1  Code  Gb  stm8s_it.o [1]
EXTI_PORTE_IRQHandler   0x00962c    0x1  Code  Gb  stm8s_it.o [1]
ForwardBackwardCur      0x000042    0x2  Data  Gb  main.o [1]
ForwardBackwardNum      0x000040    0x2  Data  Gb  main.o [1]
ForwardMotor1           0x008195    0x6  Code  Gb  main.o [1]
GPIO_Init               0x008a0a   0xb1  Code  Gb  stm8s_gpio.o [1]
GPIO_ReadInputPin       0x00959f    0x7  Code  Gb  stm8s_gpio.o [1]
GPIO_WriteHigh          0x009598    0x7  Code  Gb  stm8s_gpio.o [1]
GPIO_WriteLow           0x009612    0x4  Code  Gb  stm8s_gpio.o [1]
HT1632C_Init            0x009058   0x3b  Code  Gb  HT1632.o [1]
HT1632C_Writer          0x009170   0x2c  Code  Gb  HT1632.o [1]
HT1632C_Writer_CMD      0x0093d7   0x11  Code  Gb  HT1632.o [1]
HT1632C_clr             0x0090ce   0x3a  Code  Gb  HT1632.o [1]
I2C_IRQHandler          0x009632    0x1  Code  Gb  stm8s_it.o [1]
INTVEC$$Base            0x008000          --   Gb  - Linker created -
INTVEC$$Limit           0x008080          --   Gb  - Linker created -
KEYInit                 0x0080a2   0x32  Code  Gb  main.o [1]
MarginPulse             0x000038    0x2  Data  Gb  main.o [1]
MotorInit               0x0080dd   0x25  Code  Gb  main.o [1]
MovePulse               0x00003c    0x2  Data  Gb  main.o [1]
NumericDisplay_Init     0x008081   0x16  Code  Gb  main.o [1]
Region$$Table$$Base     0x009212          --   Gb  - Linker created -
Region$$Table$$Limit    0x00921c          --   Gb  - Linker created -
ReverseMotor1           0x00819b    0x6  Code  Gb  main.o [1]
SPI_IRQHandler          0x00962d    0x1  Code  Gb  stm8s_it.o [1]
StartMotor1             0x008158   0x1b  Code  Gb  main.o [1]
StartMotor2             0x0081ce   0x16  Code  Gb  main.o [1]
StopMotor1              0x008173   0x19  Code  Gb  main.o [1]
StopMotor2              0x0081f4   0x1a  Code  Gb  main.o [1]
TIM1_ARRPreloadConfig   0x0092f0   0x16  Code  Gb  stm8s_tim1.o [1]
TIM1_CAP_COM_IRQHandler
                        0x00962e    0x1  Code  Gb  stm8s_it.o [1]
TIM1_CCxCmd             0x008bf1   0x7f  Code  Gb  stm8s_tim1.o [1]
TIM1_ClearITPendingBit  0x0092ac   0x18  Code  Gb  stm8s_tim1.o [1]
TIM1_Cmd                0x0092c4   0x16  Code  Gb  stm8s_tim1.o [1]
TIM1_CtrlPWMOutputs     0x0092da   0x16  Code  Gb  stm8s_tim1.o [1]
TIM1_ITConfig           0x00913f   0x31  Code  Gb  stm8s_tim1.o [1]
TIM1_OC3Init            0x008883   0xc4  Code  Gb  stm8s_tim1.o [1]
TIM1_OC3PreloadConfig   0x009306   0x16  Code  Gb  stm8s_tim1.o [1]
TIM1_PWM_Init           0x008117   0x41  Code  Gb  main.o [1]
TIM1_SetCompare3        0x009567    0x9  Code  Gb  stm8s_tim1.o [1]
TIM1_TimeBaseInit       0x008da4   0x4c  Code  Gb  stm8s_tim1.o [1]
TIM1_UPD_OVF_TRG_BRK_IRQHandler
                        0x008726  0x15d  Code  Gb  stm8s_it.o [1]
TIM1_UPD_OVF_TRG_BRK_IRQHandler::bCancelFinished
                        0x000047    0x2  Data  Lc  stm8s_it.o [1]
TIM1_UPD_OVF_TRG_BRK_IRQHandler::count
                        0x000045    0x2  Data  Lc  stm8s_it.o [1]
TIM2_ARRPreloadConfig   0x009332   0x16  Code  Gb  stm8s_tim2.o [1]
TIM2_CAP_COM_IRQHandler
                        0x00962f    0x1  Code  Gb  stm8s_it.o [1]
TIM2_CCxCmd             0x008cdf   0x67  Code  Gb  stm8s_tim2.o [1]
TIM2_ClearITPendingBit  0x009276   0x1c  Code  Gb  stm8s_tim2.o [1]
TIM2_Cmd                0x00931c   0x16  Code  Gb  stm8s_tim2.o [1]
TIM2_ITConfig           0x009108   0x37  Code  Gb  stm8s_tim2.o [1]
TIM2_OC3Init            0x008c70   0x6f  Code  Gb  stm8s_tim2.o [1]
TIM2_OC3PreloadConfig   0x009348   0x16  Code  Gb  stm8s_tim2.o [1]
TIM2_PWM_Init           0x0081a7   0x27  Code  Gb  main.o [1]
TIM2_TimeBaseInit       0x0095b4    0x7  Code  Gb  stm8s_tim2.o [1]
TIM2_UPD_OVF_BRK_IRQHandler
                        0x008df0   0x47  Code  Gb  stm8s_it.o [1]
TIM2_UPD_OVF_BRK_IRQHandler::count2
                        0x000049    0x2  Data  Lc  stm8s_it.o [1]
TIM4_UPD_OVF_IRQHandler
                        0x009634    0x1  Code  Gb  stm8s_it.o [1]
TLI_IRQHandler          0x009625    0x1  Code  Gb  stm8s_it.o [1]
TRAP_IRQHandler         0x009624    0x1  Code  Gb  stm8s_it.o [1]
TotalWidthPulse         0x00003e    0x2  Data  Gb  main.o [1]
UART1_RX_IRQHandler     0x009631    0x1  Code  Gb  stm8s_it.o [1]
UART1_TX_IRQHandler     0x009630    0x1  Code  Gb  stm8s_it.o [1]
WidthPulse              0x00003a    0x2  Data  Gb  main.o [1]
__DebugBreak            0x009636    0x1  Code  Gb  __dbg_break.o [3]
__exit                  0x0093b0   0x14  Code  Gb  __dbg_xxexit.o [3]
__iar_copy_init2        0x0091c5         Code  Gb  init_small.o [4]
__iar_data_init2        0x00939c   0x14  Code  Gb  init.o [4]
__iar_program_start     0x0093c4         Code  Gb  cstartup.o [4]
__iar_unhandled_exception
                        0x00961f         Code  Gb  unhandled_exception.o [4]
__intvec                0x008000         Data  Gb  interrupt.o [4]
__low_level_init        0x009619    0x3  Code  Gb  low_level_init.o [4]
_exit                   0x0095f9         Code  Gb  cexit.o [4]
_interrupt_1            0x009624         Code  Gb  stm8s_it.o [1]
_interrupt_12           0x00962d         Code  Gb  stm8s_it.o [1]
_interrupt_13           0x008726         Code  Gb  stm8s_it.o [1]
_interrupt_14           0x00962e         Code  Gb  stm8s_it.o [1]
_interrupt_15           0x008df0         Code  Gb  stm8s_it.o [1]
_interrupt_16           0x00962f         Code  Gb  stm8s_it.o [1]
_interrupt_19           0x009630         Code  Gb  stm8s_it.o [1]
_interrupt_2            0x009625         Code  Gb  stm8s_it.o [1]
_interrupt_20           0x009631         Code  Gb  stm8s_it.o [1]
_interrupt_21           0x009632         Code  Gb  stm8s_it.o [1]
_interrupt_24           0x009633         Code  Gb  stm8s_it.o [1]
_interrupt_25           0x009634         Code  Gb  stm8s_it.o [1]
_interrupt_26           0x009635         Code  Gb  stm8s_it.o [1]
_interrupt_3            0x009626         Code  Gb  stm8s_it.o [1]
_interrupt_4            0x009627         Code  Gb  stm8s_it.o [1]
_interrupt_5            0x009628         Code  Gb  stm8s_it.o [1]
_interrupt_6            0x009629         Code  Gb  stm8s_it.o [1]
_interrupt_7            0x00962a         Code  Gb  stm8s_it.o [1]
_interrupt_8            0x00962b         Code  Gb  stm8s_it.o [1]
_interrupt_9            0x00962c         Code  Gb  stm8s_it.o [1]
assert_failed           0x009622    0x2  Code  Gb  main.o [1]
bCancel                 0x000044    0x1  Data  Gb  main.o [1]
delay                   0x008080    0x1  Code  Gb  main.o [1]
display_height          0x008e7d   0x46  Code  Gb  HT1632.o [1]
display_margin          0x008947   0xc3  Code  Gb  HT1632.o [1]
display_width           0x008e37   0x46  Code  Gb  HT1632.o [1]
exit                    0x00961c    0x3  Code  Gb  exit.o [4]
g_height                0x000022    0x2  Data  Gb  main.o [1]
g_margin                0x00001e    0x2  Data  Gb  main.o [1]
g_width                 0x000020    0x2  Data  Gb  main.o [1]
main                    0x00820e  0x224  Code  Gb  main.o [1]
tab                     0x000010    0xe  Data  Gb  HT1632.o [1]


[1] = F:\dajiaoji\workspace\Dajiao\Debug\Obj
[2] = command line
[3] = dbgstm8smd.a
[4] = dlstm8smn.a

  5 146 bytes of readonly  code memory
    541 bytes of readonly  data memory
    331 bytes of readwrite data memory

Errors: none
Warnings: none
