###############################################################################
#
# IAR ELF Linker V3.11.1.207 for STM8                     21/Sep/2020  23:35:05
# Copyright 2010-2019 IAR Systems AB.
#
#    Output file  =  F:\dajiaoji\workspace\Dajiao\Debug\Exe\stm8.out
#    Map file     =  F:\dajiaoji\workspace\Dajiao\Debug\List\stm8.map
#    Command line =  
#        -f C:\Users\pc\AppData\Local\Temp\EW6092.tmp
#        (F:\dajiaoji\workspace\Dajiao\Debug\Obj\HT1632.o
#        F:\dajiaoji\workspace\Dajiao\Debug\Obj\main.o
#        F:\dajiaoji\workspace\Dajiao\Debug\Obj\stm8s_adc1.o
#        F:\dajiaoji\workspace\Dajiao\Debug\Obj\stm8s_awu.o
#        F:\dajiaoji\workspace\Dajiao\Debug\Obj\stm8s_beep.o
#        F:\dajiaoji\workspace\Dajiao\Debug\Obj\stm8s_clk.o
#        F:\dajiaoji\workspace\Dajiao\Debug\Obj\stm8s_exti.o
#        F:\dajiaoji\workspace\Dajiao\Debug\Obj\stm8s_flash.o
#        F:\dajiaoji\workspace\Dajiao\Debug\Obj\stm8s_gpio.o
#        F:\dajiaoji\workspace\Dajiao\Debug\Obj\stm8s_i2c.o
#        F:\dajiaoji\workspace\Dajiao\Debug\Obj\stm8s_it.o
#        F:\dajiaoji\workspace\Dajiao\Debug\Obj\stm8s_itc.o
#        F:\dajiaoji\workspace\Dajiao\Debug\Obj\stm8s_iwdg.o
#        F:\dajiaoji\workspace\Dajiao\Debug\Obj\stm8s_rst.o
#        F:\dajiaoji\workspace\Dajiao\Debug\Obj\stm8s_spi.o
#        F:\dajiaoji\workspace\Dajiao\Debug\Obj\stm8s_tim1.o
#        F:\dajiaoji\workspace\Dajiao\Debug\Obj\stm8s_tim2.o
#        F:\dajiaoji\workspace\Dajiao\Debug\Obj\stm8s_tim4.o
#        F:\dajiaoji\workspace\Dajiao\Debug\Obj\stm8s_uart1.o
#        F:\dajiaoji\workspace\Dajiao\Debug\Obj\stm8s_wwdg.o --redirect
#        _Printf=_PrintfSmall --redirect _Scanf=_ScanfSmall --no_out_extension
#        -o F:\dajiaoji\workspace\Dajiao\Debug\Exe\stm8.out --map
#        F:\dajiaoji\workspace\Dajiao\Debug\List\stm8.map --config "C:\Program
#        Files (x86)\IAR Systems\Embedded Workbench
#        8.3\stm8\config\lnkstm8s003k3.icf" --config_def _CSTACK_SIZE=0x100
#        --config_def _HEAP_SIZE=0x100 --entry __iar_program_start --debug_lib)
#
###############################################################################

*******************************************************************************
*** RUNTIME MODEL ATTRIBUTES
***

__SystemLibrary            = DLib
__code_model               = small
__core                     = stm8
__data_model               = medium
__dlib_file_descriptor     = 0
__dlib_full_locale_support = 0
__rt_version               = 4


*******************************************************************************
*** PLACEMENT SUMMARY
***

"A0":  place at start of [0x000000-0x0000ff] { rw section .vregs };
"A1":  place at end of [0x000000-0x0003ff] { block CSTACK };
"P2":  place in [from 0x000000 to 0x0003ff] {
          block HEAP, rw section __DLIB_PERTHREAD, rw section .far.bss,
          rw section .far.data, rw section .far.noinit,
          rw section .far_func.textrw, rw section .huge.bss,
          rw section .huge.data, rw section .huge.noinit,
          rw section .huge_func.textrw, rw section .iar.dynexit,
          rw section .near.bss, rw section .near.data, rw section .near.noinit,
          rw section .near_func.textrw };
"A2":  place at start of [0x008000-0x009fff] { block INTVEC };
"P3":  place in [from 0x008000 to 0x009fff] {
          ro section __DLIB_PERTHREAD_init, ro section .far.data_init,
          ro section .far_func.textrw_init, ro section .huge.data_init,
          ro section .huge_func.textrw_init, ro section .iar.init_table,
          ro section .init_array, ro section .near.data_init,
          ro section .near.rodata, ro section .near_func.text,
          ro section .near_func.textrw_init, ro section .tiny.data_init,
          ro section .tiny.rodata_init };
"P4":  place in [from 0x008000 to 0x009fff] {
          ro section .far.rodata, ro section .far_func.text };
"P5":  place in [from 0x008000 to 0x009fff] {
          ro section .huge.rodata, ro section .huge_func.text };
do not initialize {
   rw section .eeprom.noinit, rw section .far.noinit, rw section .huge.noinit,
   rw section .near.noinit, rw section .tiny.noinit, rw section .vregs };
initialize by copy {
   rw section .far.bss, rw section .far.data, rw section .far_func.textrw,
   rw section .huge.bss, rw section .huge.data, rw section .huge_func.textrw,
   rw section .iar.dynexit, rw section .near.bss, rw section .near.data,
   rw section .near_func.textrw, rw section .tiny.bss, rw section .tiny.data,
   ro section .tiny.rodata };

No sections matched the following patterns:

  ro section .far.data_init          in "P3-P5"
  ro section .far.rodata             in "P3-P5"
  ro section .far_func.text          in "P3-P5"
  ro section .far_func.textrw_init   in "P3-P5"
  ro section .huge.data_init         in "P3-P5"
  ro section .huge.rodata            in "P3-P5"
  ro section .huge_func.text         in "P3-P5"
  ro section .huge_func.textrw_init  in "P3-P5"
  ro section .iar.init_table         in "P3-P5"
  ro section .init_array             in "P3-P5"
  ro section .near_func.textrw_init  in "P3-P5"
  ro section .tiny.data_init         in "P3-P5"
  ro section .tiny.rodata_init       in "P3-P5"
  ro section __DLIB_PERTHREAD_init   in "P3-P5"
  rw section .far.bss                in "P2"
  rw section .far.data               in "P2"
  rw section .far.noinit             in "P2"
  rw section .far_func.textrw        in "P2"
  rw section .huge.bss               in "P2"
  rw section .huge.data              in "P2"
  rw section .huge.noinit            in "P2"
  rw section .huge_func.textrw       in "P2"
  rw section .iar.dynexit            in "P2"
  rw section .near.noinit            in "P2"
  rw section .near_func.textrw       in "P2"
  rw section .tiny.bss               in "P1"
  rw section .tiny.data              in "P1"
  rw section .tiny.noinit            in "P1"
  rw section .tiny.rodata            in "P1"
  rw section __DLIB_PERTHREAD        in "P2"
  section .eeprom.data               in "P6-P8"
  section .eeprom.noinit             in "P6-P8"
  section .eeprom.rodata             in "P6-P8"


  Section            Kind      Address    Size  Object
  -------            ----      -------    ----  ------
"A0":                                     0x10
  .vregs             uninit   0x000000    0x10  vregs.o [4]
                            - 0x000010    0x10

"P2":                                     0x3f
  P2-1                        0x000010    0x3f  <Init block>
    .near.data       inited   0x000010     0xe  HT1632.o [1]
    .near.data       inited   0x00001e     0x2  main.o [1]
    .near.data       inited   0x000020     0x2  main.o [1]
    .near.data       inited   0x000022     0x2  main.o [1]
    .near.data       inited   0x000024     0xa  main.o [1]
    .near.data       inited   0x00002e     0xa  main.o [1]
    .near.bss        inited   0x000038     0x2  main.o [1]
    .near.bss        inited   0x00003a     0x2  main.o [1]
    .near.bss        inited   0x00003c     0x2  main.o [1]
    .near.bss        inited   0x00003e     0x2  main.o [1]
    .near.bss        inited   0x000040     0x2  main.o [1]
    .near.bss        inited   0x000042     0x2  main.o [1]
    .near.bss        inited   0x000044     0x1  main.o [1]
    .near.bss        inited   0x000045     0x1  main.o [1]
    .near.bss        inited   0x000046     0x1  main.o [1]
    .near.bss        inited   0x000047     0x2  stm8s_it.o [1]
    .near.bss        inited   0x000049     0x2  stm8s_it.o [1]
    .near.bss        inited   0x00004b     0x2  stm8s_it.o [1]
    .near.bss        inited   0x00004d     0x1  stm8s_it.o [1]
    .near.bss        inited   0x00004e     0x1  stm8s_it.o [1]
                            - 0x00004f    0x3f

"A1":                                    0x100
  CSTACK                      0x000300   0x100  <Block>
    CSTACK           uninit   0x000300   0x100  <Block tail>
                            - 0x000400   0x100

"A2":                                     0x80
  INTVEC                      0x008000    0x80  <Block>
    .intvec          const    0x008000    0x80  interrupt.o [4]
                            - 0x008080    0x80

"P3-P5":                                0x182a
  .near_func.text    ro code  0x008080   0x4b1  main.o [1]
  .near_func.text    ro code  0x008531   0x293  float.o [4]
  .near_func.text    ro code  0x0087c4   0x17f  stm8s_it.o [1]
  .near_func.text    ro code  0x008943    0xc4  stm8s_tim1.o [1]
  .near_func.text    ro code  0x008a07    0xc3  HT1632.o [1]
  .near_func.text    ro code  0x008aca    0xb1  stm8s_gpio.o [1]
  .near_func.text    ro code  0x008b7b    0xb1  vreg_util.o [4]
  .near_func.text    ro code  0x008c2c    0x85  long.o [4]
  .near_func.text    ro code  0x008cb1    0x7f  stm8s_tim1.o [1]
  .near_func.text    ro code  0x008d30    0x6f  stm8s_tim2.o [1]
  .near_func.text    ro code  0x008d9f    0x67  stm8s_tim2.o [1]
  .near_func.text    ro code  0x008e06    0x5e  stm8s_clk.o [1]
  .near_func.text    ro code  0x008e64    0x59  stm8s_it.o [1]
  .near_func.text    ro code  0x008ebd    0x4c  stm8s_tim1.o [1]
  .near_func.text    ro code  0x008f09    0x47  stm8s_it.o [1]
  .near_func.text    ro code  0x008f50    0x46  HT1632.o [1]
  .near_func.text    ro code  0x008f96    0x46  HT1632.o [1]
  .near.rodata       const    0x008fdc    0x45  stm8s_beep.o [1]
  .near.rodata       const    0x009021    0x45  stm8s_gpio.o [1]
  .near.rodata       const    0x009066    0x45  stm8s_tim1.o [1]
  .near.rodata       const    0x0090ab    0x45  stm8s_tim2.o [1]
  .near.rodata       const    0x0090f0    0x45  stm8s_tim4.o [1]
  .near.rodata       const    0x009135    0x44  stm8s_clk.o [1]
  Initializer bytes  const    0x009179    0x3f  <for P2-1>
  .near_func.text    ro code  0x0091b8    0x3d  stm8s_beep.o [1]
  .near_func.text    ro code  0x0091f5    0x3b  HT1632.o [1]
  .near_func.text    ro code  0x009230    0x3a  HT1632.o [1]
  .near_func.text    ro code  0x00926a    0x3a  stm8s_tim4.o [1]
  .near_func.text    ro code  0x0092a4    0x37  stm8s_tim2.o [1]
  .near_func.text    ro code  0x0092db    0x34  stm8s_tim4.o [1]
  .near_func.text    ro code  0x00930f    0x31  stm8s_tim1.o [1]
  .near_func.text    ro code  0x009340    0x2f  stm8s_tim4.o [1]
  .near_func.text    ro code  0x00936f    0x2c  HT1632.o [1]
  .near_func.text    ro code  0x00939b    0x29  HT1632.o [1]
  .near_func.text    ro code  0x0093c4    0x28  init_small.o [4]
  .near_func.text    ro code  0x0093ec    0x25  short.o [4]
  .iar.init_table    const    0x009411     0xa  - Linker created -
  .near_func.text    ro code  0x00941b    0x1f  HT1632.o [1]
  .near_func.text    ro code  0x00943a    0x1f  stm8s_tim1.o [1]
  .near_func.text    ro code  0x009459    0x1c  HT1632.o [1]
  .near_func.text    ro code  0x009475    0x1c  stm8s_tim2.o [1]
  .near_func.text    ro code  0x009491    0x1a  HT1632.o [1]
  .near_func.text    ro code  0x0094ab    0x19  stm8s_tim4.o [1]
  .near_func.text    ro code  0x0094c4    0x18  stm8s_tim1.o [1]
  .near_func.text    ro code  0x0094dc    0x16  stm8s_tim1.o [1]
  .near_func.text    ro code  0x0094f2    0x16  stm8s_tim1.o [1]
  .near_func.text    ro code  0x009508    0x16  stm8s_tim1.o [1]
  .near_func.text    ro code  0x00951e    0x16  stm8s_tim1.o [1]
  .near_func.text    ro code  0x009534    0x16  stm8s_tim2.o [1]
  .near_func.text    ro code  0x00954a    0x16  stm8s_tim2.o [1]
  .near_func.text    ro code  0x009560    0x16  stm8s_tim2.o [1]
  .near_func.text    ro code  0x009576    0x16  stm8s_tim4.o [1]
  .near_func.text    ro code  0x00958c    0x16  stm8s_tim4.o [1]
  .near_func.text    ro code  0x0095a2    0x15  HT1632.o [1]
  .near_func.text    ro code  0x0095b7    0x15  stm8s_tim1.o [1]
  .near_func.text    ro code  0x0095cc    0x14  HT1632.o [1]
  .near_func.text    ro code  0x0095e0    0x14  init.o [4]
  .near_func.text    ro code  0x0095f4    0x14  __dbg_xxexit.o [3]
  .near_func.text    ro code  0x009608    0x13  cstartup.o [4]
  .near_func.text    ro code  0x00961b    0x11  HT1632.o [1]
  .near_func.text    ro code  0x00962c    0x11  HT1632.o [1]
  .near_func.text    ro code  0x00963d    0x11  HT1632.o [1]
  .near_func.text    ro code  0x00964e     0xf  stm8s_tim1.o [1]
  .near_func.text    ro code  0x00965d     0xf  stm8s_tim2.o [1]
  .near_func.text    ro code  0x00966c     0xd  HT1632.o [1]
  .near_func.text    ro code  0x009679     0xd  HT1632.o [1]
  .near_func.text    ro code  0x009686     0xd  HT1632.o [1]
  .near_func.text    ro code  0x009693     0xd  stm8s_beep.o [1]
  .near_func.text    ro code  0x0096a0     0xd  stm8s_it.o [1]
  .near_func.text    ro code  0x0096ad     0xd  stm8s_tim2.o [1]
  .near_func.text    ro code  0x0096ba     0xd  dc_util.o [4]
  .near_func.text    ro code  0x0096c7     0xc  HT1632.o [1]
  .near_func.text    ro code  0x0096d3     0xc  HT1632.o [1]
  .near_func.text    ro code  0x0096df     0xc  long_util.o [4]
  .near_func.text    ro code  0x0096eb     0xb  HT1632.o [1]
  .near_func.text    ro code  0x0096f6     0xb  main.o [1]
  .near_func.text    ro code  0x009701     0xb  main.o [1]
  .near_func.text    ro code  0x00970c     0xb  stm8s_beep.o [1]
  .near_func.text    ro code  0x009717     0xb  stm8s_clk.o [1]
  .near_func.text    ro code  0x009722     0xb  stm8s_gpio.o [1]
  .near_func.text    ro code  0x00972d     0xb  stm8s_it.o [1]
  .near_func.text    ro code  0x009738     0xb  stm8s_tim1.o [1]
  .near_func.text    ro code  0x009743     0xb  stm8s_tim2.o [1]
  .near_func.text    ro code  0x00974e     0xb  stm8s_tim2.o [1]
  .near_func.text    ro code  0x009759     0xb  stm8s_tim4.o [1]
  .near_func.text    ro code  0x009764     0xa  stm8s_it.o [1]
  .near_func.text    ro code  0x00976e     0x9  HT1632.o [1]
  .near_func.text    ro code  0x009777     0x9  HT1632.o [1]
  .near_func.text    ro code  0x009780     0x9  HT1632.o [1]
  .near_func.text    ro code  0x009789     0x9  HT1632.o [1]
  .near_func.text    ro code  0x009792     0x9  HT1632.o [1]
  .near_func.text    ro code  0x00979b     0x9  main.o [1]
  .near_func.text    ro code  0x0097a4     0x9  stm8s_beep.o [1]
  .near_func.text    ro code  0x0097ad     0x9  stm8s_clk.o [1]
  .near_func.text    ro code  0x0097b6     0x9  stm8s_it.o [1]
  .near_func.text    ro code  0x0097bf     0x9  stm8s_tim1.o [1]
  .near_func.text    ro code  0x0097c8     0x9  stm8s_tim2.o [1]
  .near_func.text    ro code  0x0097d1     0x8  HT1632.o [1]
  .near_func.text    ro code  0x0097d9     0x8  HT1632.o [1]
  .near_func.text    ro code  0x0097e1     0x8  main.o [1]
  .near_func.text    ro code  0x0097e9     0x8  stm8s_tim1.o [1]
  .near_func.text    ro code  0x0097f1     0x7  HT1632.o [1]
  .near_func.text    ro code  0x0097f8     0x7  stm8s_gpio.o [1]
  .near_func.text    ro code  0x0097ff     0x7  stm8s_gpio.o [1]
  .near_func.text    ro code  0x009806     0x7  stm8s_it.o [1]
  .near_func.text    ro code  0x00980d     0x7  stm8s_it.o [1]
  .near_func.text    ro code  0x009814     0x7  stm8s_tim1.o [1]
  .near_func.text    ro code  0x00981b     0x7  stm8s_tim2.o [1]
  .near_func.text    ro code  0x009822     0x6  HT1632.o [1]
  .near_func.text    ro code  0x009828     0x6  HT1632.o [1]
  .near_func.text    ro code  0x00982e     0x6  HT1632.o [1]
  .near_func.text    ro code  0x009834     0x6  HT1632.o [1]
  .near_func.text    ro code  0x00983a     0x6  main.o [1]
  .near_func.text    ro code  0x009840     0x6  main.o [1]
  .near_func.text    ro code  0x009846     0x6  main.o [1]
  .near_func.text    ro code  0x00984c     0x6  main.o [1]
  .near_func.text    ro code  0x009852     0x6  main.o [1]
  .near_func.text    ro code  0x009858     0x6  stm8s_tim1.o [1]
  .near_func.text    ro code  0x00985e     0x5  HT1632.o [1]
  .near_func.text    ro code  0x009863     0x5  HT1632.o [1]
  .near_func.text    ro code  0x009868     0x5  stm8s_tim1.o [1]
  .near_func.text    ro code  0x00986d     0x5  cexit.o [4]
  .near_func.text    ro code  0x009872     0x4  HT1632.o [1]
  .near_func.text    ro code  0x009876     0x4  HT1632.o [1]
  .near_func.text    ro code  0x00987a     0x4  HT1632.o [1]
  .near_func.text    ro code  0x00987e     0x4  HT1632.o [1]
  .near_func.text    ro code  0x009882     0x4  HT1632.o [1]
  .near_func.text    ro code  0x009886     0x4  stm8s_gpio.o [1]
  .near_func.text    ro code  0x00988a     0x3  interrupt.o [4]
  .near_func.text    ro code  0x00988d     0x3  low_level_init.o [4]
  .near_func.text    ro code  0x009890     0x3  exit.o [4]
  .near_func.text    ro code  0x009893     0x3  unhandled_exception.o [4]
  .near_func.text    ro code  0x009896     0x2  main.o [1]
  .near_func.text    ro code  0x009898     0x1  stm8s_it.o [1]
  .near_func.text    ro code  0x009899     0x1  stm8s_it.o [1]
  .near_func.text    ro code  0x00989a     0x1  stm8s_it.o [1]
  .near_func.text    ro code  0x00989b     0x1  stm8s_it.o [1]
  .near_func.text    ro code  0x00989c     0x1  stm8s_it.o [1]
  .near_func.text    ro code  0x00989d     0x1  stm8s_it.o [1]
  .near_func.text    ro code  0x00989e     0x1  stm8s_it.o [1]
  .near_func.text    ro code  0x00989f     0x1  stm8s_it.o [1]
  .near_func.text    ro code  0x0098a0     0x1  stm8s_it.o [1]
  .near_func.text    ro code  0x0098a1     0x1  stm8s_it.o [1]
  .near_func.text    ro code  0x0098a2     0x1  stm8s_it.o [1]
  .near_func.text    ro code  0x0098a3     0x1  stm8s_it.o [1]
  .near_func.text    ro code  0x0098a4     0x1  stm8s_it.o [1]
  .near_func.text    ro code  0x0098a5     0x1  stm8s_it.o [1]
  .near_func.text    ro code  0x0098a6     0x1  stm8s_it.o [1]
  .near_func.text    ro code  0x0098a7     0x1  stm8s_it.o [1]
  .near_func.text    ro code  0x0098a8     0x1  stm8s_it.o [1]
  .near_func.text    ro code  0x0098a9     0x1  __dbg_break.o [3]
                            - 0x0098aa  0x182a


*******************************************************************************
*** INIT TABLE
***

          Address   Size
          -------   ----
Copy (__iar_copy_init2)
    1 source range, total size 0x3f:
          0x009179  0x3f
    1 destination range, total size 0x3f:
          0x000010  0x3f



*******************************************************************************
*** MODULE SUMMARY
***

    Module                 ro code  ro data  rw data
    ------                 -------  -------  -------
F:\dajiaoji\workspace\Dajiao\Debug\Obj: [1]
    HT1632.o                   910       14       14
    main.o                   1 272       41       41
    stm8s_beep.o                94       69
    stm8s_clk.o                114       68
    stm8s_gpio.o               206       69
    stm8s_it.o                 617        8        8
    stm8s_tim1.o               673       69
    stm8s_tim2.o               429       69
    stm8s_tim4.o               237       69
    ------------------------------------------------
    Total:                   4 552      476       63

command line: [2]
    ------------------------------------------------
    Total:

dbgstm8smd.a: [3]
    __dbg_break.o                1
    __dbg_xxexit.o              20
    ------------------------------------------------
    Total:                      21

dlstm8smn.a: [4]
    cexit.o                      5
    cstartup.o                  19
    dc_util.o                   13
    exit.o                       3
    float.o                    659
    init.o                      20
    init_small.o                40
    interrupt.o                  3      128
    long.o                     133
    long_util.o                 12
    low_level_init.o             3
    short.o                     37
    unhandled_exception.o        3
    vreg_util.o                177
    vregs.o                                       16
    ------------------------------------------------
    Total:                   1 127      128       16

    Linker created                       10      256
----------------------------------------------------
    Grand Total:             5 700      614      335


*******************************************************************************
*** ENTRY LIST
***

Entry                    Address   Size  Type      Object
-----                    -------   ----  ----      ------
.iar.init_table$$Base   0x009411          --   Gb  - Linker created -
.iar.init_table$$Limit  0x00941b          --   Gb  - Linker created -
?b0                     0x000000         Data  Gb  vregs.o [4]
?b1                     0x000001         Data  Gb  vregs.o [4]
?b10                    0x00000a         Data  Gb  vregs.o [4]
?b11                    0x00000b         Data  Gb  vregs.o [4]
?b12                    0x00000c         Data  Gb  vregs.o [4]
?b13                    0x00000d         Data  Gb  vregs.o [4]
?b14                    0x00000e         Data  Gb  vregs.o [4]
?b15                    0x00000f         Data  Gb  vregs.o [4]
?b2                     0x000002         Data  Gb  vregs.o [4]
?b3                     0x000003         Data  Gb  vregs.o [4]
?b4                     0x000004         Data  Gb  vregs.o [4]
?b5                     0x000005         Data  Gb  vregs.o [4]
?b6                     0x000006         Data  Gb  vregs.o [4]
?b7                     0x000007         Data  Gb  vregs.o [4]
?b8                     0x000008         Data  Gb  vregs.o [4]
?b9                     0x000009         Data  Gb  vregs.o [4]
?dc32_l1                0x0096ba         Code  Gb  dc_util.o [4]
?e0                     0x000001         Data  Gb  vregs.o [4]
?e1                     0x000005         Data  Gb  vregs.o [4]
?e2                     0x000009         Data  Gb  vregs.o [4]
?e3                     0x00000d         Data  Gb  vregs.o [4]
?epilogue_l2            0x008c03         Code  Gb  vreg_util.o [4]
?epilogue_l2_w6         0x008c07         Code  Gb  vreg_util.o [4]
?epilogue_w4            0x008c0e         Code  Gb  vreg_util.o [4]
?fcastf32u16_l0_x       0x008684         Code  Gb  float.o [4]
?fcasts16f32_x_l0       0x0086a2         Code  Gb  float.o [4]
?fdiv32_l0_l0_dc32      0x0085d1         Code  Gb  float.o [4]
?fdiv32_l0_l0_l1        0x0085d6         Code  Gb  float.o [4]
?fmul32_l0_l0_dc32      0x008531         Code  Gb  float.o [4]
?fmul32_l0_l0_l1        0x008536         Code  Gb  float.o [4]
?inc32_0x_0x            0x008c31         Code  Gb  long.o [4]
?inc32_l2_l2            0x008c2c         Code  Gb  long.o [4]
?l0                     0x000000         Data  Gb  vregs.o [4]
?l1                     0x000004         Data  Gb  vregs.o [4]
?l2                     0x000008         Data  Gb  vregs.o [4]
?l3                     0x00000c         Data  Gb  vregs.o [4]
?load32_l1_0x           0x0096df         Code  Gb  long_util.o [4]
?mov_e0_e1              0x008c15         Code  Gb  vreg_util.o [4]
?mov_e0_e2              0x008c22         Code  Gb  vreg_util.o [4]
?mov_l0_l1              0x008c12         Code  Gb  vreg_util.o [4]
?mov_l0_l2              0x008c1f         Code  Gb  vreg_util.o [4]
?mov_w1_w3              0x008c18         Code  Gb  vreg_util.o [4]
?mov_w1_w5              0x008c25         Code  Gb  vreg_util.o [4]
?pop_l0                 0x008bda         Code  Gb  vreg_util.o [4]
?pop_l1                 0x008be5         Code  Gb  vreg_util.o [4]
?pop_l2                 0x008bf0         Code  Gb  vreg_util.o [4]
?pop_w4                 0x008b98         Code  Gb  vreg_util.o [4]
?pop_w6                 0x008b9f         Code  Gb  vreg_util.o [4]
?push_l0                0x008bae         Code  Gb  vreg_util.o [4]
?push_l1                0x008bb3         Code  Gb  vreg_util.o [4]
?push_l2                0x008bb8         Code  Gb  vreg_util.o [4]
?push_w4                0x008b7b         Code  Gb  vreg_util.o [4]
?push_w6                0x008b80         Code  Gb  vreg_util.o [4]
?sll16_x_x_a            0x0093fc         Code  Gb  short.o [4]
?smod16_y_x_y           0x0093ec         Code  Gb  short.o [4]
?sra16_x_x_a            0x009404         Code  Gb  short.o [4]
?srl16_x_x_4            0x00940c         Code  Gb  short.o [4]
?udiv32_l0_l0_l1        0x008c44         Code  Gb  long.o [4]
?umod32_l1_l0_dl        0x008c3f         Code  Gb  long.o [4]
?umod32_l1_l0_l1        0x008c44         Code  Gb  long.o [4]
?w0                     0x000000         Data  Gb  vregs.o [4]
?w1                     0x000002         Data  Gb  vregs.o [4]
?w2                     0x000004         Data  Gb  vregs.o [4]
?w3                     0x000006         Data  Gb  vregs.o [4]
?w4                     0x000008         Data  Gb  vregs.o [4]
?w5                     0x00000a         Data  Gb  vregs.o [4]
?w6                     0x00000c         Data  Gb  vregs.o [4]
?w7                     0x00000e         Data  Gb  vregs.o [4]
ADC1_IRQHandler         0x0098a7    0x1  Code  Gb  stm8s_it.o [1]
ARR                     0x00002e    0xa  Data  Gb  main.o [1]
AWU_IRQHandler          0x00989a    0x1  Code  Gb  stm8s_it.o [1]
BEEP_Cmd                0x009693    0xd  Code  Gb  stm8s_beep.o [1]
BEEP_Init               0x0091b8   0x3d  Code  Gb  stm8s_beep.o [1]
CLK_IRQHandler          0x00989b    0x1  Code  Gb  stm8s_it.o [1]
CLK_SYSCLKConfig        0x008e06   0x5e  Code  Gb  stm8s_clk.o [1]
CRR                     0x000024    0xa  Data  Gb  main.o [1]
CSTACK$$Base            0x000300          --   Gb  - Linker created -
CSTACK$$Limit           0x000400          --   Gb  - Linker created -
DownValve               0x008112    0x6  Code  Gb  main.o [1]
EEPROM_EEC_IRQHandler   0x0098a8    0x1  Code  Gb  stm8s_it.o [1]
EXTI_PORTA_IRQHandler   0x00989c    0x1  Code  Gb  stm8s_it.o [1]
EXTI_PORTB_IRQHandler   0x00989d    0x1  Code  Gb  stm8s_it.o [1]
EXTI_PORTC_IRQHandler   0x00989e    0x1  Code  Gb  stm8s_it.o [1]
EXTI_PORTD_IRQHandler   0x00989f    0x1  Code  Gb  stm8s_it.o [1]
EXTI_PORTE_IRQHandler   0x0098a0    0x1  Code  Gb  stm8s_it.o [1]
ForwardBackwardCur      0x000042    0x2  Data  Gb  main.o [1]
ForwardBackwardNum      0x000040    0x2  Data  Gb  main.o [1]
ForwardMotor1           0x0081d4    0x4  Code  Gb  main.o [1]
GPIO_Init               0x008aca   0xb1  Code  Gb  stm8s_gpio.o [1]
GPIO_ReadInputPin       0x0097ff    0x7  Code  Gb  stm8s_gpio.o [1]
GPIO_WriteHigh          0x0097f8    0x7  Code  Gb  stm8s_gpio.o [1]
GPIO_WriteLow           0x009886    0x4  Code  Gb  stm8s_gpio.o [1]
HT1632C_Init            0x0091f5   0x3b  Code  Gb  HT1632.o [1]
HT1632C_Writer          0x00936f   0x2c  Code  Gb  HT1632.o [1]
HT1632C_Writer_CMD      0x00961b   0x11  Code  Gb  HT1632.o [1]
HT1632C_clr             0x009230   0x3a  Code  Gb  HT1632.o [1]
I2C_IRQHandler          0x0098a6    0x1  Code  Gb  stm8s_it.o [1]
INTVEC$$Base            0x008000          --   Gb  - Linker created -
INTVEC$$Limit           0x008080          --   Gb  - Linker created -
KEYInit                 0x0080a2   0x2f  Code  Gb  main.o [1]
MarginPulse             0x000038    0x2  Data  Gb  main.o [1]
MotorInit               0x008118   0x27  Code  Gb  main.o [1]
MovePulse               0x00003c    0x2  Data  Gb  main.o [1]
NumericDisplay_Init     0x008081   0x16  Code  Gb  main.o [1]
PowerInit               0x0080e4   0x11  Code  Gb  main.o [1]
Region$$Table$$Base     0x009411          --   Gb  - Linker created -
Region$$Table$$Limit    0x00941b          --   Gb  - Linker created -
ReverseMotor1           0x0081e8    0x4  Code  Gb  main.o [1]
SPI_IRQHandler          0x0098a1    0x1  Code  Gb  stm8s_it.o [1]
StartMotor1             0x00819d   0x18  Code  Gb  main.o [1]
StartMotor2             0x008220   0x13  Code  Gb  main.o [1]
StopMotor1              0x0081b5   0x16  Code  Gb  main.o [1]
StopMotor2              0x00824a   0x17  Code  Gb  main.o [1]
TIM1_ARRPreloadConfig   0x009508   0x16  Code  Gb  stm8s_tim1.o [1]
TIM1_CAP_COM_IRQHandler
                        0x0098a2    0x1  Code  Gb  stm8s_it.o [1]
TIM1_CCxCmd             0x008cb1   0x7f  Code  Gb  stm8s_tim1.o [1]
TIM1_ClearITPendingBit  0x0094c4   0x18  Code  Gb  stm8s_tim1.o [1]
TIM1_Cmd                0x0094dc   0x16  Code  Gb  stm8s_tim1.o [1]
TIM1_CtrlPWMOutputs     0x0094f2   0x16  Code  Gb  stm8s_tim1.o [1]
TIM1_ITConfig           0x00930f   0x31  Code  Gb  stm8s_tim1.o [1]
TIM1_OC3Init            0x008943   0xc4  Code  Gb  stm8s_tim1.o [1]
TIM1_OC3PreloadConfig   0x00951e   0x16  Code  Gb  stm8s_tim1.o [1]
TIM1_PWM_Init           0x00815c   0x41  Code  Gb  main.o [1]
TIM1_SetCompare3        0x0097bf    0x9  Code  Gb  stm8s_tim1.o [1]
TIM1_TimeBaseInit       0x008ebd   0x4c  Code  Gb  stm8s_tim1.o [1]
TIM1_UPD_OVF_TRG_BRK_IRQHandler
                        0x0087c4  0x17f  Code  Gb  stm8s_it.o [1]
TIM1_UPD_OVF_TRG_BRK_IRQHandler::bCancelFinished
                        0x000049    0x2  Data  Lc  stm8s_it.o [1]
TIM1_UPD_OVF_TRG_BRK_IRQHandler::count
                        0x000047    0x2  Data  Lc  stm8s_it.o [1]
TIM2_ARRPreloadConfig   0x00954a   0x16  Code  Gb  stm8s_tim2.o [1]
TIM2_CAP_COM_IRQHandler
                        0x0098a3    0x1  Code  Gb  stm8s_it.o [1]
TIM2_CCxCmd             0x008d9f   0x67  Code  Gb  stm8s_tim2.o [1]
TIM2_ClearITPendingBit  0x009475   0x1c  Code  Gb  stm8s_tim2.o [1]
TIM2_Cmd                0x009534   0x16  Code  Gb  stm8s_tim2.o [1]
TIM2_ITConfig           0x0092a4   0x37  Code  Gb  stm8s_tim2.o [1]
TIM2_OC3Init            0x008d30   0x6f  Code  Gb  stm8s_tim2.o [1]
TIM2_OC3PreloadConfig   0x009560   0x16  Code  Gb  stm8s_tim2.o [1]
TIM2_PWM_Init           0x0081f9   0x27  Code  Gb  main.o [1]
TIM2_TimeBaseInit       0x00981b    0x7  Code  Gb  stm8s_tim2.o [1]
TIM2_UPD_OVF_BRK_IRQHandler
                        0x008f09   0x47  Code  Gb  stm8s_it.o [1]
TIM2_UPD_OVF_BRK_IRQHandler::count2
                        0x00004b    0x2  Data  Lc  stm8s_it.o [1]
TIM4_ARRPreloadConfig   0x00958c   0x16  Code  Gb  stm8s_tim4.o [1]
TIM4_ClearFlag          0x0094ab   0x19  Code  Gb  stm8s_tim4.o [1]
TIM4_Cmd                0x009576   0x16  Code  Gb  stm8s_tim4.o [1]
TIM4_GetITStatus        0x009340   0x2f  Code  Gb  stm8s_tim4.o [1]
TIM4_ITConfig           0x0092db   0x34  Code  Gb  stm8s_tim4.o [1]
TIM4_Init               0x008261   0x19  Code  Gb  main.o [1]
TIM4_TimeBaseInit       0x00926a   0x3a  Code  Gb  stm8s_tim4.o [1]
TIM4_UPD_OVF_IRQHandler
                        0x008e64   0x59  Code  Gb  stm8s_it.o [1]
TIM4_UPD_OVF_IRQHandler::ResetCount
                        0x00004e    0x1  Data  Lc  stm8s_it.o [1]
TIM4_UPD_OVF_IRQHandler::SetCount
                        0x00004d    0x1  Data  Lc  stm8s_it.o [1]
TLI_IRQHandler          0x009899    0x1  Code  Gb  stm8s_it.o [1]
TRAP_IRQHandler         0x009898    0x1  Code  Gb  stm8s_it.o [1]
TotalWidthPulse         0x00003e    0x2  Data  Gb  main.o [1]
UART1_RX_IRQHandler     0x0098a5    0x1  Code  Gb  stm8s_it.o [1]
UART1_TX_IRQHandler     0x0098a4    0x1  Code  Gb  stm8s_it.o [1]
UpValve                 0x00810c    0x6  Code  Gb  main.o [1]
WidthPulse              0x00003a    0x2  Data  Gb  main.o [1]
__DebugBreak            0x0098a9    0x1  Code  Gb  __dbg_break.o [3]
__exit                  0x0095f4   0x14  Code  Gb  __dbg_xxexit.o [3]
__iar_copy_init2        0x0093c4         Code  Gb  init_small.o [4]
__iar_data_init2        0x0095e0   0x14  Code  Gb  init.o [4]
__iar_program_start     0x009608         Code  Gb  cstartup.o [4]
__iar_unhandled_exception
                        0x009893         Code  Gb  unhandled_exception.o [4]
__intvec                0x008000         Data  Gb  interrupt.o [4]
__low_level_init        0x00988d    0x3  Code  Gb  low_level_init.o [4]
_exit                   0x00986d         Code  Gb  cexit.o [4]
_interrupt_1            0x009898         Code  Gb  stm8s_it.o [1]
_interrupt_12           0x0098a1         Code  Gb  stm8s_it.o [1]
_interrupt_13           0x0087c4         Code  Gb  stm8s_it.o [1]
_interrupt_14           0x0098a2         Code  Gb  stm8s_it.o [1]
_interrupt_15           0x008f09         Code  Gb  stm8s_it.o [1]
_interrupt_16           0x0098a3         Code  Gb  stm8s_it.o [1]
_interrupt_19           0x0098a4         Code  Gb  stm8s_it.o [1]
_interrupt_2            0x009899         Code  Gb  stm8s_it.o [1]
_interrupt_20           0x0098a5         Code  Gb  stm8s_it.o [1]
_interrupt_21           0x0098a6         Code  Gb  stm8s_it.o [1]
_interrupt_24           0x0098a7         Code  Gb  stm8s_it.o [1]
_interrupt_25           0x008e64         Code  Gb  stm8s_it.o [1]
_interrupt_26           0x0098a8         Code  Gb  stm8s_it.o [1]
_interrupt_3            0x00989a         Code  Gb  stm8s_it.o [1]
_interrupt_4            0x00989b         Code  Gb  stm8s_it.o [1]
_interrupt_5            0x00989c         Code  Gb  stm8s_it.o [1]
_interrupt_6            0x00989d         Code  Gb  stm8s_it.o [1]
_interrupt_7            0x00989e         Code  Gb  stm8s_it.o [1]
_interrupt_8            0x00989f         Code  Gb  stm8s_it.o [1]
_interrupt_9            0x0098a0         Code  Gb  stm8s_it.o [1]
assert_failed           0x009896    0x2  Code  Gb  main.o [1]
bBackward               0x000046    0x1  Data  Gb  main.o [1]
bCancel                 0x000044    0x1  Data  Gb  main.o [1]
bSensorON               0x000045    0x1  Data  Gb  main.o [1]
delay                   0x008080    0x1  Code  Gb  main.o [1]
display_height          0x008f96   0x46  Code  Gb  HT1632.o [1]
display_margin          0x008a07   0xc3  Code  Gb  HT1632.o [1]
display_width           0x008f50   0x46  Code  Gb  HT1632.o [1]
exit                    0x009890    0x3  Code  Gb  exit.o [4]
g_height                0x000022    0x2  Data  Gb  main.o [1]
g_margin                0x00001e    0x2  Data  Gb  main.o [1]
g_width                 0x000020    0x2  Data  Gb  main.o [1]
main                    0x00827a  0x262  Code  Gb  main.o [1]
tab                     0x000010    0xe  Data  Gb  HT1632.o [1]


[1] = F:\dajiaoji\workspace\Dajiao\Debug\Obj
[2] = command line
[3] = dbgstm8smd.a
[4] = dlstm8smn.a

  5 700 bytes of readonly  code memory
    614 bytes of readonly  data memory
    335 bytes of readwrite data memory

Errors: none
Warnings: none
