###############################################################################
#
# IAR ELF Linker V3.11.1.207 for STM8                     27/Sep/2020  23:17:58
# Copyright 2010-2019 IAR Systems AB.
#
#    Output file  =  F:\dajiaoji\workspace\Dajiao\Debug\Exe\stm8.out
#    Map file     =  F:\dajiaoji\workspace\Dajiao\Debug\List\stm8.map
#    Command line =  
#        -f C:\Users\pc\AppData\Local\Temp\EW5D40.tmp
#        (F:\dajiaoji\workspace\Dajiao\Debug\Obj\HT1632.o
#        F:\dajiaoji\workspace\Dajiao\Debug\Obj\main.o
#        F:\dajiaoji\workspace\Dajiao\Debug\Obj\stm8s_adc1.o
#        F:\dajiaoji\workspace\Dajiao\Debug\Obj\stm8s_awu.o
#        F:\dajiaoji\workspace\Dajiao\Debug\Obj\stm8s_beep.o
#        F:\dajiaoji\workspace\Dajiao\Debug\Obj\stm8s_clk.o
#        F:\dajiaoji\workspace\Dajiao\Debug\Obj\stm8s_exti.o
#        F:\dajiaoji\workspace\Dajiao\Debug\Obj\stm8s_flash.o
#        F:\dajiaoji\workspace\Dajiao\Debug\Obj\stm8s_gpio.o
#        F:\dajiaoji\workspace\Dajiao\Debug\Obj\stm8s_i2c.o
#        F:\dajiaoji\workspace\Dajiao\Debug\Obj\stm8s_it.o
#        F:\dajiaoji\workspace\Dajiao\Debug\Obj\stm8s_itc.o
#        F:\dajiaoji\workspace\Dajiao\Debug\Obj\stm8s_iwdg.o
#        F:\dajiaoji\workspace\Dajiao\Debug\Obj\stm8s_rst.o
#        F:\dajiaoji\workspace\Dajiao\Debug\Obj\stm8s_spi.o
#        F:\dajiaoji\workspace\Dajiao\Debug\Obj\stm8s_tim1.o
#        F:\dajiaoji\workspace\Dajiao\Debug\Obj\stm8s_tim2.o
#        F:\dajiaoji\workspace\Dajiao\Debug\Obj\stm8s_tim4.o
#        F:\dajiaoji\workspace\Dajiao\Debug\Obj\stm8s_uart1.o
#        F:\dajiaoji\workspace\Dajiao\Debug\Obj\stm8s_wwdg.o --redirect
#        _Printf=_PrintfSmall --redirect _Scanf=_ScanfSmall --no_out_extension
#        -o F:\dajiaoji\workspace\Dajiao\Debug\Exe\stm8.out --map
#        F:\dajiaoji\workspace\Dajiao\Debug\List\stm8.map --config "C:\Program
#        Files (x86)\IAR Systems\Embedded Workbench
#        8.3\stm8\config\lnkstm8s003k3.icf" --config_def _CSTACK_SIZE=0x100
#        --config_def _HEAP_SIZE=0x100 --entry __iar_program_start --debug_lib)
#
###############################################################################

*******************************************************************************
*** RUNTIME MODEL ATTRIBUTES
***

__SystemLibrary            = DLib
__code_model               = small
__core                     = stm8
__data_model               = medium
__dlib_file_descriptor     = 0
__dlib_full_locale_support = 0
__rt_version               = 4


*******************************************************************************
*** PLACEMENT SUMMARY
***

"A0":  place at start of [0x000000-0x0000ff] { rw section .vregs };
"A1":  place at end of [0x000000-0x0003ff] { block CSTACK };
"P2":  place in [from 0x000000 to 0x0003ff] {
          block HEAP, rw section __DLIB_PERTHREAD, rw section .far.bss,
          rw section .far.data, rw section .far.noinit,
          rw section .far_func.textrw, rw section .huge.bss,
          rw section .huge.data, rw section .huge.noinit,
          rw section .huge_func.textrw, rw section .iar.dynexit,
          rw section .near.bss, rw section .near.data, rw section .near.noinit,
          rw section .near_func.textrw };
"A2":  place at start of [0x008000-0x009fff] { block INTVEC };
"P3":  place in [from 0x008000 to 0x009fff] {
          ro section __DLIB_PERTHREAD_init, ro section .far.data_init,
          ro section .far_func.textrw_init, ro section .huge.data_init,
          ro section .huge_func.textrw_init, ro section .iar.init_table,
          ro section .init_array, ro section .near.data_init,
          ro section .near.rodata, ro section .near_func.text,
          ro section .near_func.textrw_init, ro section .tiny.data_init,
          ro section .tiny.rodata_init };
"P4":  place in [from 0x008000 to 0x009fff] {
          ro section .far.rodata, ro section .far_func.text };
"P5":  place in [from 0x008000 to 0x009fff] {
          ro section .huge.rodata, ro section .huge_func.text };
do not initialize {
   rw section .eeprom.noinit, rw section .far.noinit, rw section .huge.noinit,
   rw section .near.noinit, rw section .tiny.noinit, rw section .vregs };
initialize by copy {
   rw section .far.bss, rw section .far.data, rw section .far_func.textrw,
   rw section .huge.bss, rw section .huge.data, rw section .huge_func.textrw,
   rw section .iar.dynexit, rw section .near.bss, rw section .near.data,
   rw section .near_func.textrw, rw section .tiny.bss, rw section .tiny.data,
   ro section .tiny.rodata };

No sections matched the following patterns:

  ro section .far.data_init          in "P3-P5"
  ro section .far.rodata             in "P3-P5"
  ro section .far_func.text          in "P3-P5"
  ro section .far_func.textrw_init   in "P3-P5"
  ro section .huge.data_init         in "P3-P5"
  ro section .huge.rodata            in "P3-P5"
  ro section .huge_func.text         in "P3-P5"
  ro section .huge_func.textrw_init  in "P3-P5"
  ro section .iar.init_table         in "P3-P5"
  ro section .init_array             in "P3-P5"
  ro section .near_func.textrw_init  in "P3-P5"
  ro section .tiny.data_init         in "P3-P5"
  ro section .tiny.rodata_init       in "P3-P5"
  ro section __DLIB_PERTHREAD_init   in "P3-P5"
  rw section .far.bss                in "P2"
  rw section .far.data               in "P2"
  rw section .far.noinit             in "P2"
  rw section .far_func.textrw        in "P2"
  rw section .huge.bss               in "P2"
  rw section .huge.data              in "P2"
  rw section .huge.noinit            in "P2"
  rw section .huge_func.textrw       in "P2"
  rw section .iar.dynexit            in "P2"
  rw section .near.noinit            in "P2"
  rw section .near_func.textrw       in "P2"
  rw section .tiny.bss               in "P1"
  rw section .tiny.data              in "P1"
  rw section .tiny.noinit            in "P1"
  rw section .tiny.rodata            in "P1"
  rw section __DLIB_PERTHREAD        in "P2"
  section .eeprom.data               in "P6-P8"
  section .eeprom.noinit             in "P6-P8"
  section .eeprom.rodata             in "P6-P8"


  Section            Kind      Address    Size  Object
  -------            ----      -------    ----  ------
"A0":                                     0x10
  .vregs             uninit   0x000000    0x10  vregs.o [4]
                            - 0x000010    0x10

"P2":                                     0x48
  P2-1                        0x000010    0x48  <Init block>
    .near.data       inited   0x000010     0xe  HT1632.o [1]
    .near.data       inited   0x00001e     0x2  main.o [1]
    .near.data       inited   0x000020     0x2  main.o [1]
    .near.data       inited   0x000022     0x2  main.o [1]
    .near.data       inited   0x000024     0x2  main.o [1]
    .near.data       inited   0x000026     0x2  main.o [1]
    .near.data       inited   0x000028     0x2  main.o [1]
    .near.data       inited   0x00002a     0x2  main.o [1]
    .near.data       inited   0x00002c     0xa  stm8s_it.o [1]
    .near.data       inited   0x000036     0xa  stm8s_it.o [1]
    .near.bss        inited   0x000040     0x2  main.o [1]
    .near.bss        inited   0x000042     0x2  main.o [1]
    .near.bss        inited   0x000044     0x2  main.o [1]
    .near.bss        inited   0x000046     0x2  main.o [1]
    .near.bss        inited   0x000048     0x2  main.o [1]
    .near.bss        inited   0x00004a     0x2  main.o [1]
    .near.bss        inited   0x00004c     0x1  main.o [1]
    .near.bss        inited   0x00004d     0x1  main.o [1]
    .near.bss        inited   0x00004e     0x1  main.o [1]
    .near.bss        inited   0x00004f     0x1  main.o [1]
    .near.bss        inited   0x000050     0x2  stm8s_it.o [1]
    .near.bss        inited   0x000052     0x2  stm8s_it.o [1]
    .near.bss        inited   0x000054     0x2  stm8s_it.o [1]
    .near.bss        inited   0x000056     0x1  stm8s_it.o [1]
    .near.bss        inited   0x000057     0x1  stm8s_it.o [1]
                            - 0x000058    0x48

"A1":                                    0x100
  CSTACK                      0x000300   0x100  <Block>
    CSTACK           uninit   0x000300   0x100  <Block tail>
                            - 0x000400   0x100

"A2":                                     0x80
  INTVEC                      0x008000    0x80  <Block>
    .intvec          const    0x008000    0x80  interrupt.o [4]
                            - 0x008080    0x80

"P3-P5":                                0x1ca9
  .near_func.text    ro code  0x008080   0x6c6  main.o [1]
  .near_func.text    ro code  0x008746   0x293  float.o [4]
  .near_func.text    ro code  0x0089d9   0x192  stm8s_it.o [1]
  .near_func.text    ro code  0x008b6b    0xca  vreg_util.o [4]
  .near_func.text    ro code  0x008c35    0xc4  stm8s_tim1.o [1]
  .near_func.text    ro code  0x008cf9    0xc3  HT1632.o [1]
  .near_func.text    ro code  0x008dbc    0xb1  stm8s_gpio.o [1]
  .near_func.text    ro code  0x008e6d    0xa2  long.o [4]
  .near_func.text    ro code  0x008f0f    0x7f  stm8s_tim1.o [1]
  .near_func.text    ro code  0x008f8e    0x6f  stm8s_tim2.o [1]
  .near_func.text    ro code  0x008ffd    0x67  stm8s_tim2.o [1]
  .near_func.text    ro code  0x009064    0x5e  stm8s_clk.o [1]
  .near_func.text    ro code  0x0090c2    0x59  stm8s_it.o [1]
  .near_func.text    ro code  0x00911b    0x4c  stm8s_tim1.o [1]
  Initializer bytes  const    0x009167    0x48  <for P2-1>
  .near_func.text    ro code  0x0091af    0x47  stm8s_it.o [1]
  .near_func.text    ro code  0x0091f6    0x46  HT1632.o [1]
  .near_func.text    ro code  0x00923c    0x46  HT1632.o [1]
  .near.rodata       const    0x009282    0x41  stm8s_flash.o [1]
  .near_func.text    ro code  0x0092c3    0x41  HT1632.o [1]
  .near_func.text    ro code  0x009304    0x41  HT1632.o [1]
  .near.rodata       const    0x009345    0x40  stm8s_beep.o [1]
  .near.rodata       const    0x009385    0x40  stm8s_gpio.o [1]
  .near.rodata       const    0x0093c5    0x40  stm8s_tim1.o [1]
  .near.rodata       const    0x009405    0x40  stm8s_tim2.o [1]
  .near.rodata       const    0x009445    0x40  stm8s_tim4.o [1]
  .near.rodata       const    0x009485    0x3f  stm8s_clk.o [1]
  .near_func.text    ro code  0x0094c4    0x3e  short.o [4]
  .near_func.text    ro code  0x009502    0x3d  stm8s_beep.o [1]
  .near_func.text    ro code  0x00953f    0x3a  HT1632.o [1]
  .near_func.text    ro code  0x009579    0x3a  stm8s_tim4.o [1]
  .near_func.text    ro code  0x0095b3    0x38  HT1632.o [1]
  .near_func.text    ro code  0x0095eb    0x37  stm8s_tim2.o [1]
  .near_func.text    ro code  0x009622    0x34  stm8s_tim4.o [1]
  .near_func.text    ro code  0x009656    0x31  stm8s_tim1.o [1]
  .near_func.text    ro code  0x009687    0x30  stm8s_flash.o [1]
  .near_func.text    ro code  0x0096b7    0x2f  stm8s_tim4.o [1]
  .near_func.text    ro code  0x0096e6    0x2c  HT1632.o [1]
  .near_func.text    ro code  0x009712    0x2c  stm8s_flash.o [1]
  .near_func.text    ro code  0x00973e    0x28  init_small.o [4]
  .near_func.text    ro code  0x009766    0x23  stm8s_flash.o [1]
  .iar.init_table    const    0x009789     0xa  - Linker created -
  .near_func.text    ro code  0x009793    0x20  HT1632.o [1]
  .near_func.text    ro code  0x0097b3    0x20  stm8s_flash.o [1]
  .near_func.text    ro code  0x0097d3    0x1f  HT1632.o [1]
  .near_func.text    ro code  0x0097f2    0x1f  stm8s_tim1.o [1]
  .near_func.text    ro code  0x009811    0x1c  HT1632.o [1]
  .near_func.text    ro code  0x00982d    0x1c  stm8s_tim2.o [1]
  .near_func.text    ro code  0x009849    0x1b  stm8s_flash.o [1]
  .near_func.text    ro code  0x009864    0x1a  HT1632.o [1]
  .near_func.text    ro code  0x00987e    0x19  stm8s_tim4.o [1]
  .near_func.text    ro code  0x009897    0x18  stm8s_tim1.o [1]
  .near_func.text    ro code  0x0098af    0x18  dc_util.o [4]
  .near_func.text    ro code  0x0098c7    0x16  HT1632.o [1]
  .near_func.text    ro code  0x0098dd    0x16  stm8s_tim1.o [1]
  .near_func.text    ro code  0x0098f3    0x16  stm8s_tim1.o [1]
  .near_func.text    ro code  0x009909    0x16  stm8s_tim1.o [1]
  .near_func.text    ro code  0x00991f    0x16  stm8s_tim1.o [1]
  .near_func.text    ro code  0x009935    0x16  stm8s_tim2.o [1]
  .near_func.text    ro code  0x00994b    0x16  stm8s_tim2.o [1]
  .near_func.text    ro code  0x009961    0x16  stm8s_tim2.o [1]
  .near_func.text    ro code  0x009977    0x16  stm8s_tim4.o [1]
  .near_func.text    ro code  0x00998d    0x16  stm8s_tim4.o [1]
  .near_func.text    ro code  0x0099a3    0x15  HT1632.o [1]
  .near_func.text    ro code  0x0099b8    0x15  stm8s_tim1.o [1]
  .near_func.text    ro code  0x0099cd    0x14  HT1632.o [1]
  .near_func.text    ro code  0x0099e1    0x14  init.o [4]
  .near_func.text    ro code  0x0099f5    0x14  __dbg_xxexit.o [3]
  .near_func.text    ro code  0x009a09    0x13  HT1632.o [1]
  .near_func.text    ro code  0x009a1c    0x13  cstartup.o [4]
  .near_func.text    ro code  0x009a2f    0x11  HT1632.o [1]
  .near_func.text    ro code  0x009a40    0x11  HT1632.o [1]
  .near_func.text    ro code  0x009a51    0x11  HT1632.o [1]
  .near_func.text    ro code  0x009a62    0x10  HT1632.o [1]
  .near_func.text    ro code  0x009a72    0x10  stm8s_flash.o [1]
  .near_func.text    ro code  0x009a82    0x10  stm8s_flash.o [1]
  .near_func.text    ro code  0x009a92     0xf  stm8s_tim1.o [1]
  .near_func.text    ro code  0x009aa1     0xf  stm8s_tim2.o [1]
  .near_func.text    ro code  0x009ab0     0xd  HT1632.o [1]
  .near_func.text    ro code  0x009abd     0xd  HT1632.o [1]
  .near_func.text    ro code  0x009aca     0xd  HT1632.o [1]
  .near_func.text    ro code  0x009ad7     0xd  stm8s_beep.o [1]
  .near_func.text    ro code  0x009ae4     0xd  stm8s_it.o [1]
  .near_func.text    ro code  0x009af1     0xd  stm8s_tim2.o [1]
  .near_func.text    ro code  0x009afe     0xc  HT1632.o [1]
  .near_func.text    ro code  0x009b0a     0xc  HT1632.o [1]
  .near_func.text    ro code  0x009b16     0xc  long_util.o [4]
  .near_func.text    ro code  0x009b22     0xb  HT1632.o [1]
  .near_func.text    ro code  0x009b2d     0xb  HT1632.o [1]
  .near_func.text    ro code  0x009b38     0xb  HT1632.o [1]
  .near_func.text    ro code  0x009b43     0xb  stm8s_beep.o [1]
  .near_func.text    ro code  0x009b4e     0xb  stm8s_clk.o [1]
  .near_func.text    ro code  0x009b59     0xb  stm8s_flash.o [1]
  .near_func.text    ro code  0x009b64     0xb  stm8s_gpio.o [1]
  .near_func.text    ro code  0x009b6f     0xb  stm8s_it.o [1]
  .near_func.text    ro code  0x009b7a     0xb  stm8s_tim1.o [1]
  .near_func.text    ro code  0x009b85     0xb  stm8s_tim2.o [1]
  .near_func.text    ro code  0x009b90     0xb  stm8s_tim2.o [1]
  .near_func.text    ro code  0x009b9b     0xb  stm8s_tim4.o [1]
  .near_func.text    ro code  0x009ba6     0xa  stm8s_it.o [1]
  .near_func.text    ro code  0x009bb0     0x9  HT1632.o [1]
  .near_func.text    ro code  0x009bb9     0x9  HT1632.o [1]
  .near_func.text    ro code  0x009bc2     0x9  HT1632.o [1]
  .near_func.text    ro code  0x009bcb     0x9  HT1632.o [1]
  .near_func.text    ro code  0x009bd4     0x9  HT1632.o [1]
  .near_func.text    ro code  0x009bdd     0x9  HT1632.o [1]
  .near_func.text    ro code  0x009be6     0x9  main.o [1]
  .near_func.text    ro code  0x009bef     0x9  main.o [1]
  .near_func.text    ro code  0x009bf8     0x9  stm8s_beep.o [1]
  .near_func.text    ro code  0x009c01     0x9  stm8s_clk.o [1]
  .near_func.text    ro code  0x009c0a     0x9  stm8s_flash.o [1]
  .near_func.text    ro code  0x009c13     0x9  stm8s_it.o [1]
  .near_func.text    ro code  0x009c1c     0x9  stm8s_tim1.o [1]
  .near_func.text    ro code  0x009c25     0x9  stm8s_tim2.o [1]
  .near_func.text    ro code  0x009c2e     0x8  HT1632.o [1]
  .near_func.text    ro code  0x009c36     0x8  HT1632.o [1]
  .near_func.text    ro code  0x009c3e     0x8  HT1632.o [1]
  .near_func.text    ro code  0x009c46     0x8  stm8s_tim1.o [1]
  .near_func.text    ro code  0x009c4e     0x7  HT1632.o [1]
  .near_func.text    ro code  0x009c55     0x7  stm8s_gpio.o [1]
  .near_func.text    ro code  0x009c5c     0x7  stm8s_gpio.o [1]
  .near_func.text    ro code  0x009c63     0x7  stm8s_it.o [1]
  .near_func.text    ro code  0x009c6a     0x7  stm8s_it.o [1]
  .near_func.text    ro code  0x009c71     0x7  stm8s_tim1.o [1]
  .near_func.text    ro code  0x009c78     0x7  stm8s_tim2.o [1]
  .near_func.text    ro code  0x009c7f     0x6  HT1632.o [1]
  .near_func.text    ro code  0x009c85     0x6  HT1632.o [1]
  .near_func.text    ro code  0x009c8b     0x6  HT1632.o [1]
  .near_func.text    ro code  0x009c91     0x6  HT1632.o [1]
  .near_func.text    ro code  0x009c97     0x6  HT1632.o [1]
  .near_func.text    ro code  0x009c9d     0x6  HT1632.o [1]
  .near_func.text    ro code  0x009ca3     0x6  main.o [1]
  .near_func.text    ro code  0x009ca9     0x6  main.o [1]
  .near_func.text    ro code  0x009caf     0x6  main.o [1]
  .near_func.text    ro code  0x009cb5     0x6  main.o [1]
  .near_func.text    ro code  0x009cbb     0x6  main.o [1]
  .near_func.text    ro code  0x009cc1     0x6  main.o [1]
  .near_func.text    ro code  0x009cc7     0x6  stm8s_flash.o [1]
  .near_func.text    ro code  0x009ccd     0x6  stm8s_flash.o [1]
  .near_func.text    ro code  0x009cd3     0x6  stm8s_tim1.o [1]
  .near_func.text    ro code  0x009cd9     0x5  HT1632.o [1]
  .near_func.text    ro code  0x009cde     0x5  HT1632.o [1]
  .near_func.text    ro code  0x009ce3     0x5  stm8s_tim1.o [1]
  .near_func.text    ro code  0x009ce8     0x5  cexit.o [4]
  .near_func.text    ro code  0x009ced     0x4  HT1632.o [1]
  .near_func.text    ro code  0x009cf1     0x4  HT1632.o [1]
  .near_func.text    ro code  0x009cf5     0x4  HT1632.o [1]
  .near_func.text    ro code  0x009cf9     0x4  HT1632.o [1]
  .near_func.text    ro code  0x009cfd     0x4  HT1632.o [1]
  .near_func.text    ro code  0x009d01     0x4  HT1632.o [1]
  .near_func.text    ro code  0x009d05     0x4  stm8s_gpio.o [1]
  .near_func.text    ro code  0x009d09     0x3  interrupt.o [4]
  .near_func.text    ro code  0x009d0c     0x3  low_level_init.o [4]
  .near_func.text    ro code  0x009d0f     0x3  exit.o [4]
  .near_func.text    ro code  0x009d12     0x3  unhandled_exception.o [4]
  .near_func.text    ro code  0x009d15     0x2  main.o [1]
  .near_func.text    ro code  0x009d17     0x1  stm8s_it.o [1]
  .near_func.text    ro code  0x009d18     0x1  stm8s_it.o [1]
  .near_func.text    ro code  0x009d19     0x1  stm8s_it.o [1]
  .near_func.text    ro code  0x009d1a     0x1  stm8s_it.o [1]
  .near_func.text    ro code  0x009d1b     0x1  stm8s_it.o [1]
  .near_func.text    ro code  0x009d1c     0x1  stm8s_it.o [1]
  .near_func.text    ro code  0x009d1d     0x1  stm8s_it.o [1]
  .near_func.text    ro code  0x009d1e     0x1  stm8s_it.o [1]
  .near_func.text    ro code  0x009d1f     0x1  stm8s_it.o [1]
  .near_func.text    ro code  0x009d20     0x1  stm8s_it.o [1]
  .near_func.text    ro code  0x009d21     0x1  stm8s_it.o [1]
  .near_func.text    ro code  0x009d22     0x1  stm8s_it.o [1]
  .near_func.text    ro code  0x009d23     0x1  stm8s_it.o [1]
  .near_func.text    ro code  0x009d24     0x1  stm8s_it.o [1]
  .near_func.text    ro code  0x009d25     0x1  stm8s_it.o [1]
  .near_func.text    ro code  0x009d26     0x1  stm8s_it.o [1]
  .near_func.text    ro code  0x009d27     0x1  stm8s_it.o [1]
  .near_func.text    ro code  0x009d28     0x1  __dbg_break.o [3]
                            - 0x009d29  0x1ca9


*******************************************************************************
*** INIT TABLE
***

          Address   Size
          -------   ----
Copy (__iar_copy_init2)
    1 source range, total size 0x48:
          0x009167  0x48
    1 destination range, total size 0x48:
          0x000010  0x48



*******************************************************************************
*** MODULE SUMMARY
***

    Module                 ro code  ro data  rw data
    ------                 -------  -------  -------
F:\dajiaoji\workspace\Dajiao\Debug\Obj: [1]
    HT1632.o                 1 140       14       14
    main.o                   1 790       30       30
    stm8s_beep.o                94       64
    stm8s_clk.o                114       63
    stm8s_flash.o              250       65
    stm8s_gpio.o               206       64
    stm8s_it.o                 636       28       28
    stm8s_tim1.o               673       64
    stm8s_tim2.o               429       64
    stm8s_tim4.o               237       64
    ------------------------------------------------
    Total:                   5 569      520       72

command line: [2]
    ------------------------------------------------
    Total:

dbgstm8smd.a: [3]
    __dbg_break.o                1
    __dbg_xxexit.o              20
    ------------------------------------------------
    Total:                      21

dlstm8smn.a: [4]
    cexit.o                      5
    cstartup.o                  19
    dc_util.o                   24
    exit.o                       3
    float.o                    659
    init.o                      20
    init_small.o                40
    interrupt.o                  3      128
    long.o                     162
    long_util.o                 12
    low_level_init.o             3
    short.o                     62
    unhandled_exception.o        3
    vreg_util.o                202
    vregs.o                                       16
    ------------------------------------------------
    Total:                   1 217      128       16

    Linker created                       10      256
----------------------------------------------------
    Grand Total:             6 807      658      344


*******************************************************************************
*** ENTRY LIST
***

Entry                    Address   Size  Type      Object
-----                    -------   ----  ----      ------
.iar.init_table$$Base   0x009789          --   Gb  - Linker created -
.iar.init_table$$Limit  0x009793          --   Gb  - Linker created -
?add32_l0_l0_0x         0x008e85         Code  Gb  long.o [4]
?add32_l0_l0_dl         0x008e80         Code  Gb  long.o [4]
?b0                     0x000000         Data  Gb  vregs.o [4]
?b1                     0x000001         Data  Gb  vregs.o [4]
?b10                    0x00000a         Data  Gb  vregs.o [4]
?b11                    0x00000b         Data  Gb  vregs.o [4]
?b12                    0x00000c         Data  Gb  vregs.o [4]
?b13                    0x00000d         Data  Gb  vregs.o [4]
?b14                    0x00000e         Data  Gb  vregs.o [4]
?b15                    0x00000f         Data  Gb  vregs.o [4]
?b2                     0x000002         Data  Gb  vregs.o [4]
?b3                     0x000003         Data  Gb  vregs.o [4]
?b4                     0x000004         Data  Gb  vregs.o [4]
?b5                     0x000005         Data  Gb  vregs.o [4]
?b6                     0x000006         Data  Gb  vregs.o [4]
?b7                     0x000007         Data  Gb  vregs.o [4]
?b8                     0x000008         Data  Gb  vregs.o [4]
?b9                     0x000009         Data  Gb  vregs.o [4]
?dc32_l1                0x0098af         Code  Gb  dc_util.o [4]
?dc32_px                0x0098bc         Code  Gb  dc_util.o [4]
?e0                     0x000001         Data  Gb  vregs.o [4]
?e1                     0x000005         Data  Gb  vregs.o [4]
?e2                     0x000009         Data  Gb  vregs.o [4]
?e3                     0x00000d         Data  Gb  vregs.o [4]
?epilogue_l2            0x008bf8         Code  Gb  vreg_util.o [4]
?epilogue_l2_w6         0x008bfc         Code  Gb  vreg_util.o [4]
?epilogue_w4            0x008c03         Code  Gb  vreg_util.o [4]
?fcastf32u16_l0_x       0x008899         Code  Gb  float.o [4]
?fcasts16f32_x_l0       0x0088b7         Code  Gb  float.o [4]
?fdiv32_l0_l0_dc32      0x0087e6         Code  Gb  float.o [4]
?fdiv32_l0_l0_l1        0x0087eb         Code  Gb  float.o [4]
?fmul32_l0_l0_dc32      0x008746         Code  Gb  float.o [4]
?fmul32_l0_l0_l1        0x00874b         Code  Gb  float.o [4]
?inc32_0x_0x            0x008e72         Code  Gb  long.o [4]
?inc32_l2_l2            0x008e6d         Code  Gb  long.o [4]
?l0                     0x000000         Data  Gb  vregs.o [4]
?l1                     0x000004         Data  Gb  vregs.o [4]
?l2                     0x000008         Data  Gb  vregs.o [4]
?l3                     0x00000c         Data  Gb  vregs.o [4]
?load32_l1_0x           0x009b16         Code  Gb  long_util.o [4]
?mov_e0_e1              0x008c11         Code  Gb  vreg_util.o [4]
?mov_e0_e2              0x008c1e         Code  Gb  vreg_util.o [4]
?mov_e2_e0              0x008c2b         Code  Gb  vreg_util.o [4]
?mov_l0_l1              0x008c0e         Code  Gb  vreg_util.o [4]
?mov_l0_l2              0x008c1b         Code  Gb  vreg_util.o [4]
?mov_l2_l0              0x008c28         Code  Gb  vreg_util.o [4]
?mov_w1_w3              0x008c14         Code  Gb  vreg_util.o [4]
?mov_w1_w4              0x008c07         Code  Gb  vreg_util.o [4]
?mov_w1_w5              0x008c21         Code  Gb  vreg_util.o [4]
?mov_w5_w1              0x008c2e         Code  Gb  vreg_util.o [4]
?pop_l0                 0x008bcf         Code  Gb  vreg_util.o [4]
?pop_l1                 0x008bda         Code  Gb  vreg_util.o [4]
?pop_l2                 0x008be5         Code  Gb  vreg_util.o [4]
?pop_w4                 0x008b88         Code  Gb  vreg_util.o [4]
?pop_w6                 0x008b8f         Code  Gb  vreg_util.o [4]
?push_l0                0x008b9e         Code  Gb  vreg_util.o [4]
?push_l1                0x008ba3         Code  Gb  vreg_util.o [4]
?push_l2                0x008ba8         Code  Gb  vreg_util.o [4]
?push_l3                0x008bad         Code  Gb  vreg_util.o [4]
?push_w4                0x008b6b         Code  Gb  vreg_util.o [4]
?push_w6                0x008b70         Code  Gb  vreg_util.o [4]
?sdiv16_x_x_y           0x0094c4         Code  Gb  short.o [4]
?sll16_x_x_a            0x0094ed         Code  Gb  short.o [4]
?smod16_y_x_y           0x0094dd         Code  Gb  short.o [4]
?sra16_x_x_a            0x0094f5         Code  Gb  short.o [4]
?srl16_x_x_4            0x0094fd         Code  Gb  short.o [4]
?udiv32_l0_l0_l1        0x008ea2         Code  Gb  long.o [4]
?umod32_l1_l0_dl        0x008e9d         Code  Gb  long.o [4]
?umod32_l1_l0_l1        0x008ea2         Code  Gb  long.o [4]
?w0                     0x000000         Data  Gb  vregs.o [4]
?w1                     0x000002         Data  Gb  vregs.o [4]
?w2                     0x000004         Data  Gb  vregs.o [4]
?w3                     0x000006         Data  Gb  vregs.o [4]
?w4                     0x000008         Data  Gb  vregs.o [4]
?w5                     0x00000a         Data  Gb  vregs.o [4]
?w6                     0x00000c         Data  Gb  vregs.o [4]
?w7                     0x00000e         Data  Gb  vregs.o [4]
ADC1_IRQHandler         0x009d26    0x1  Code  Gb  stm8s_it.o [1]
ARR                     0x000036    0xa  Data  Gb  stm8s_it.o [1]
AWU_IRQHandler          0x009d19    0x1  Code  Gb  stm8s_it.o [1]
BEEP_Cmd                0x009ad7    0xd  Code  Gb  stm8s_beep.o [1]
BEEP_Init               0x009502   0x3d  Code  Gb  stm8s_beep.o [1]
CLK_IRQHandler          0x009d1a    0x1  Code  Gb  stm8s_it.o [1]
CLK_SYSCLKConfig        0x009064   0x5e  Code  Gb  stm8s_clk.o [1]
CRR                     0x00002c    0xa  Data  Gb  stm8s_it.o [1]
CSTACK$$Base            0x000300          --   Gb  - Linker created -
CSTACK$$Limit           0x000400          --   Gb  - Linker created -
DownValve               0x00812f    0x6  Code  Gb  main.o [1]
EEPROM_Byte_Write       0x0082b6   0x12  Code  Gb  main.o [1]
EEPROM_EEC_IRQHandler   0x009d27    0x1  Code  Gb  stm8s_it.o [1]
EXTI_PORTA_IRQHandler   0x009d1b    0x1  Code  Gb  stm8s_it.o [1]
EXTI_PORTB_IRQHandler   0x009d1c    0x1  Code  Gb  stm8s_it.o [1]
EXTI_PORTC_IRQHandler   0x009d1d    0x1  Code  Gb  stm8s_it.o [1]
EXTI_PORTD_IRQHandler   0x009d1e    0x1  Code  Gb  stm8s_it.o [1]
EXTI_PORTE_IRQHandler   0x009d1f    0x1  Code  Gb  stm8s_it.o [1]
FLASH_GetFlagStatus     0x009712   0x2c  Code  Gb  stm8s_flash.o [1]
FLASH_ProgramByte       0x009687   0x30  Code  Gb  stm8s_flash.o [1]
FLASH_ReadByte          0x009766   0x23  Code  Gb  stm8s_flash.o [1]
FLASH_SetProgrammingTime
                        0x009849   0x1b  Code  Gb  stm8s_flash.o [1]
FLASH_Unlock            0x0097b3   0x20  Code  Gb  stm8s_flash.o [1]
ForwardBackwardCur      0x00004a    0x2  Data  Gb  main.o [1]
ForwardBackwardNum      0x000048    0x2  Data  Gb  main.o [1]
ForwardMotor1           0x00820a    0x4  Code  Gb  main.o [1]
Fpwm                    0x00002a    0x2  Data  Gb  main.o [1]
GPIO_Init               0x008dbc   0xb1  Code  Gb  stm8s_gpio.o [1]
GPIO_ReadInputPin       0x009c5c    0x7  Code  Gb  stm8s_gpio.o [1]
GPIO_WriteHigh          0x009c55    0x7  Code  Gb  stm8s_gpio.o [1]
GPIO_WriteLow           0x009d05    0x4  Code  Gb  stm8s_gpio.o [1]
HT1632C_Init            0x0095b3   0x38  Code  Gb  HT1632.o [1]
HT1632C_Writer          0x0096e6   0x2c  Code  Gb  HT1632.o [1]
HT1632C_Writer_CMD      0x009a2f   0x11  Code  Gb  HT1632.o [1]
HT1632C_clr             0x00953f   0x3a  Code  Gb  HT1632.o [1]
I2C_IRQHandler          0x009d25    0x1  Code  Gb  stm8s_it.o [1]
INTVEC$$Base            0x008000          --   Gb  - Linker created -
INTVEC$$Limit           0x008080          --   Gb  - Linker created -
KEYInit                 0x0080a2   0x30  Code  Gb  main.o [1]
MarginPulse             0x000040    0x2  Data  Gb  main.o [1]
MotorInit               0x008141   0x22  Code  Gb  main.o [1]
MovePulse               0x000044    0x2  Data  Gb  main.o [1]
NumericDisplay_Init     0x008081   0x16  Code  Gb  main.o [1]
PowerInit               0x0080e5   0x12  Code  Gb  main.o [1]
Region$$Table$$Base     0x009789          --   Gb  - Linker created -
Region$$Table$$Limit    0x009793          --   Gb  - Linker created -
ReverseMotor1           0x00821e    0x4  Code  Gb  main.o [1]
SPI_IRQHandler          0x009d20    0x1  Code  Gb  stm8s_it.o [1]
StartMotor1             0x0081ce   0x18  Code  Gb  main.o [1]
StartMotor2             0x008256   0x13  Code  Gb  main.o [1]
StopMotor1              0x0081e6   0x19  Code  Gb  main.o [1]
StopMotor2              0x008280   0x1d  Code  Gb  main.o [1]
TIM1_ARRPreloadConfig   0x009909   0x16  Code  Gb  stm8s_tim1.o [1]
TIM1_CAP_COM_IRQHandler
                        0x009d21    0x1  Code  Gb  stm8s_it.o [1]
TIM1_CCxCmd             0x008f0f   0x7f  Code  Gb  stm8s_tim1.o [1]
TIM1_ClearITPendingBit  0x009897   0x18  Code  Gb  stm8s_tim1.o [1]
TIM1_Cmd                0x0098dd   0x16  Code  Gb  stm8s_tim1.o [1]
TIM1_CtrlPWMOutputs     0x0098f3   0x16  Code  Gb  stm8s_tim1.o [1]
TIM1_ITConfig           0x009656   0x31  Code  Gb  stm8s_tim1.o [1]
TIM1_OC3Init            0x008c35   0xc4  Code  Gb  stm8s_tim1.o [1]
TIM1_OC3PreloadConfig   0x00991f   0x16  Code  Gb  stm8s_tim1.o [1]
TIM1_PWM_Init           0x00817e   0x46  Code  Gb  main.o [1]
TIM1_SetCompare3        0x009c1c    0x9  Code  Gb  stm8s_tim1.o [1]
TIM1_TimeBaseInit       0x00911b   0x4c  Code  Gb  stm8s_tim1.o [1]
TIM1_UPD_OVF_TRG_BRK_IRQHandler
                        0x0089d9  0x192  Code  Gb  stm8s_it.o [1]
TIM1_UPD_OVF_TRG_BRK_IRQHandler::bCancelFinished
                        0x000052    0x2  Data  Lc  stm8s_it.o [1]
TIM1_UPD_OVF_TRG_BRK_IRQHandler::count
                        0x000050    0x2  Data  Lc  stm8s_it.o [1]
TIM2_ARRPreloadConfig   0x00994b   0x16  Code  Gb  stm8s_tim2.o [1]
TIM2_CAP_COM_IRQHandler
                        0x009d22    0x1  Code  Gb  stm8s_it.o [1]
TIM2_CCxCmd             0x008ffd   0x67  Code  Gb  stm8s_tim2.o [1]
TIM2_ClearITPendingBit  0x00982d   0x1c  Code  Gb  stm8s_tim2.o [1]
TIM2_Cmd                0x009935   0x16  Code  Gb  stm8s_tim2.o [1]
TIM2_ITConfig           0x0095eb   0x37  Code  Gb  stm8s_tim2.o [1]
TIM2_OC3Init            0x008f8e   0x6f  Code  Gb  stm8s_tim2.o [1]
TIM2_OC3PreloadConfig   0x009961   0x16  Code  Gb  stm8s_tim2.o [1]
TIM2_PWM_Init           0x00822f   0x27  Code  Gb  main.o [1]
TIM2_TimeBaseInit       0x009c78    0x7  Code  Gb  stm8s_tim2.o [1]
TIM2_UPD_OVF_BRK_IRQHandler
                        0x0091af   0x47  Code  Gb  stm8s_it.o [1]
TIM2_UPD_OVF_BRK_IRQHandler::count2
                        0x000054    0x2  Data  Lc  stm8s_it.o [1]
TIM4_ARRPreloadConfig   0x00998d   0x16  Code  Gb  stm8s_tim4.o [1]
TIM4_ClearFlag          0x00987e   0x19  Code  Gb  stm8s_tim4.o [1]
TIM4_Cmd                0x009977   0x16  Code  Gb  stm8s_tim4.o [1]
TIM4_GetITStatus        0x0096b7   0x2f  Code  Gb  stm8s_tim4.o [1]
TIM4_ITConfig           0x009622   0x34  Code  Gb  stm8s_tim4.o [1]
TIM4_Init               0x00829d   0x19  Code  Gb  main.o [1]
TIM4_TimeBaseInit       0x009579   0x3a  Code  Gb  stm8s_tim4.o [1]
TIM4_UPD_OVF_IRQHandler
                        0x0090c2   0x59  Code  Gb  stm8s_it.o [1]
TIM4_UPD_OVF_IRQHandler::ResetCount
                        0x000057    0x1  Data  Lc  stm8s_it.o [1]
TIM4_UPD_OVF_IRQHandler::SetCount
                        0x000056    0x1  Data  Lc  stm8s_it.o [1]
TLI_IRQHandler          0x009d18    0x1  Code  Gb  stm8s_it.o [1]
TRAP_IRQHandler         0x009d17    0x1  Code  Gb  stm8s_it.o [1]
TotalWidthPulse         0x000046    0x2  Data  Gb  main.o [1]
UART1_RX_IRQHandler     0x009d24    0x1  Code  Gb  stm8s_it.o [1]
UART1_TX_IRQHandler     0x009d23    0x1  Code  Gb  stm8s_it.o [1]
UpValve                 0x00811d    0x6  Code  Gb  main.o [1]
WidthPulse              0x000042    0x2  Data  Gb  main.o [1]
__DebugBreak            0x009d28    0x1  Code  Gb  __dbg_break.o [3]
__exit                  0x0099f5   0x14  Code  Gb  __dbg_xxexit.o [3]
__iar_copy_init2        0x00973e         Code  Gb  init_small.o [4]
__iar_data_init2        0x0099e1   0x14  Code  Gb  init.o [4]
__iar_program_start     0x009a1c         Code  Gb  cstartup.o [4]
__iar_unhandled_exception
                        0x009d12         Code  Gb  unhandled_exception.o [4]
__intvec                0x008000         Data  Gb  interrupt.o [4]
__low_level_init        0x009d0c    0x3  Code  Gb  low_level_init.o [4]
_exit                   0x009ce8         Code  Gb  cexit.o [4]
_interrupt_1            0x009d17         Code  Gb  stm8s_it.o [1]
_interrupt_12           0x009d20         Code  Gb  stm8s_it.o [1]
_interrupt_13           0x0089d9         Code  Gb  stm8s_it.o [1]
_interrupt_14           0x009d21         Code  Gb  stm8s_it.o [1]
_interrupt_15           0x0091af         Code  Gb  stm8s_it.o [1]
_interrupt_16           0x009d22         Code  Gb  stm8s_it.o [1]
_interrupt_19           0x009d23         Code  Gb  stm8s_it.o [1]
_interrupt_2            0x009d18         Code  Gb  stm8s_it.o [1]
_interrupt_20           0x009d24         Code  Gb  stm8s_it.o [1]
_interrupt_21           0x009d25         Code  Gb  stm8s_it.o [1]
_interrupt_24           0x009d26         Code  Gb  stm8s_it.o [1]
_interrupt_25           0x0090c2         Code  Gb  stm8s_it.o [1]
_interrupt_26           0x009d27         Code  Gb  stm8s_it.o [1]
_interrupt_3            0x009d19         Code  Gb  stm8s_it.o [1]
_interrupt_4            0x009d1a         Code  Gb  stm8s_it.o [1]
_interrupt_5            0x009d1b         Code  Gb  stm8s_it.o [1]
_interrupt_6            0x009d1c         Code  Gb  stm8s_it.o [1]
_interrupt_7            0x009d1d         Code  Gb  stm8s_it.o [1]
_interrupt_8            0x009d1e         Code  Gb  stm8s_it.o [1]
_interrupt_9            0x009d1f         Code  Gb  stm8s_it.o [1]
assert_failed           0x009d15    0x2  Code  Gb  main.o [1]
bBackHP                 0x00004f    0x1  Data  Gb  main.o [1]
bBackward               0x00004e    0x1  Data  Gb  main.o [1]
bCancel                 0x00004c    0x1  Data  Gb  main.o [1]
bSensorON               0x00004d    0x1  Data  Gb  main.o [1]
delay                   0x008080    0x1  Code  Gb  main.o [1]
display_height          0x00923c   0x46  Code  Gb  HT1632.o [1]
display_margin          0x008cf9   0xc3  Code  Gb  HT1632.o [1]
display_margin_error    0x0092c3   0x41  Code  Gb  HT1632.o [1]
display_margin_input    0x009304   0x41  Code  Gb  HT1632.o [1]
display_width           0x0091f6   0x46  Code  Gb  HT1632.o [1]
exit                    0x009d0f    0x3  Code  Gb  exit.o [4]
g_height                0x000028    0x2  Data  Gb  main.o [1]
g_margin                0x000024    0x2  Data  Gb  main.o [1]
g_width                 0x000026    0x2  Data  Gb  main.o [1]
main                    0x0082dd  0x3aa  Code  Gb  main.o [1]
modeAddress             0x000022    0x2  Data  Gb  main.o [1]
objectHeightAddress     0x000020    0x2  Data  Gb  main.o [1]
tab                     0x000010    0xe  Data  Gb  HT1632.o [1]
totalHeightAddress      0x00001e    0x2  Data  Gb  main.o [1]


[1] = F:\dajiaoji\workspace\Dajiao\Debug\Obj
[2] = command line
[3] = dbgstm8smd.a
[4] = dlstm8smn.a

  6 807 bytes of readonly  code memory
    658 bytes of readonly  data memory
    344 bytes of readwrite data memory

Errors: none
Warnings: none
