###############################################################################
#
# IAR ELF Linker V3.11.1.207 for STM8                     17/Aug/2020  23:20:49
# Copyright 2010-2019 IAR Systems AB.
#
#    Output file  =  F:\dajiaoji\workspace\Dajiao\Debug\Exe\stm8.out
#    Map file     =  F:\dajiaoji\workspace\Dajiao\Debug\List\stm8.map
#    Command line =  
#        -f C:\Users\pc\AppData\Local\Temp\EW104F.tmp
#        (F:\dajiaoji\workspace\Dajiao\Debug\Obj\HT1632.o
#        F:\dajiaoji\workspace\Dajiao\Debug\Obj\main.o
#        F:\dajiaoji\workspace\Dajiao\Debug\Obj\stm8s_adc1.o
#        F:\dajiaoji\workspace\Dajiao\Debug\Obj\stm8s_awu.o
#        F:\dajiaoji\workspace\Dajiao\Debug\Obj\stm8s_beep.o
#        F:\dajiaoji\workspace\Dajiao\Debug\Obj\stm8s_clk.o
#        F:\dajiaoji\workspace\Dajiao\Debug\Obj\stm8s_exti.o
#        F:\dajiaoji\workspace\Dajiao\Debug\Obj\stm8s_flash.o
#        F:\dajiaoji\workspace\Dajiao\Debug\Obj\stm8s_gpio.o
#        F:\dajiaoji\workspace\Dajiao\Debug\Obj\stm8s_i2c.o
#        F:\dajiaoji\workspace\Dajiao\Debug\Obj\stm8s_it.o
#        F:\dajiaoji\workspace\Dajiao\Debug\Obj\stm8s_itc.o
#        F:\dajiaoji\workspace\Dajiao\Debug\Obj\stm8s_iwdg.o
#        F:\dajiaoji\workspace\Dajiao\Debug\Obj\stm8s_rst.o
#        F:\dajiaoji\workspace\Dajiao\Debug\Obj\stm8s_spi.o
#        F:\dajiaoji\workspace\Dajiao\Debug\Obj\stm8s_tim1.o
#        F:\dajiaoji\workspace\Dajiao\Debug\Obj\stm8s_tim2.o
#        F:\dajiaoji\workspace\Dajiao\Debug\Obj\stm8s_tim4.o
#        F:\dajiaoji\workspace\Dajiao\Debug\Obj\stm8s_uart1.o
#        F:\dajiaoji\workspace\Dajiao\Debug\Obj\stm8s_wwdg.o --redirect
#        _Printf=_PrintfSmall --redirect _Scanf=_ScanfSmall --no_out_extension
#        -o F:\dajiaoji\workspace\Dajiao\Debug\Exe\stm8.out --map
#        F:\dajiaoji\workspace\Dajiao\Debug\List\stm8.map --config "C:\Program
#        Files (x86)\IAR Systems\Embedded Workbench
#        8.3\stm8\config\lnkstm8s003k3.icf" --config_def _CSTACK_SIZE=0x100
#        --config_def _HEAP_SIZE=0x100 --entry __iar_program_start --debug_lib)
#
###############################################################################

*******************************************************************************
*** RUNTIME MODEL ATTRIBUTES
***

__SystemLibrary            = DLib
__code_model               = small
__core                     = stm8
__data_model               = medium
__dlib_file_descriptor     = 0
__dlib_full_locale_support = 0
__rt_version               = 4


*******************************************************************************
*** PLACEMENT SUMMARY
***

"A0":  place at start of [0x000000-0x0000ff] { rw section .vregs };
"A1":  place at end of [0x000000-0x0003ff] { block CSTACK };
"P2":  place in [from 0x000000 to 0x0003ff] {
          block HEAP, rw section __DLIB_PERTHREAD, rw section .far.bss,
          rw section .far.data, rw section .far.noinit,
          rw section .far_func.textrw, rw section .huge.bss,
          rw section .huge.data, rw section .huge.noinit,
          rw section .huge_func.textrw, rw section .iar.dynexit,
          rw section .near.bss, rw section .near.data, rw section .near.noinit,
          rw section .near_func.textrw };
"A2":  place at start of [0x008000-0x009fff] { block INTVEC };
"P3":  place in [from 0x008000 to 0x009fff] {
          ro section __DLIB_PERTHREAD_init, ro section .far.data_init,
          ro section .far_func.textrw_init, ro section .huge.data_init,
          ro section .huge_func.textrw_init, ro section .iar.init_table,
          ro section .init_array, ro section .near.data_init,
          ro section .near.rodata, ro section .near_func.text,
          ro section .near_func.textrw_init, ro section .tiny.data_init,
          ro section .tiny.rodata_init };
"P4":  place in [from 0x008000 to 0x009fff] {
          ro section .far.rodata, ro section .far_func.text };
"P5":  place in [from 0x008000 to 0x009fff] {
          ro section .huge.rodata, ro section .huge_func.text };
do not initialize {
   rw section .eeprom.noinit, rw section .far.noinit, rw section .huge.noinit,
   rw section .near.noinit, rw section .tiny.noinit, rw section .vregs };
initialize by copy {
   rw section .far.bss, rw section .far.data, rw section .far_func.textrw,
   rw section .huge.bss, rw section .huge.data, rw section .huge_func.textrw,
   rw section .iar.dynexit, rw section .near.bss, rw section .near.data,
   rw section .near_func.textrw, rw section .tiny.bss, rw section .tiny.data,
   ro section .tiny.rodata };

No sections matched the following patterns:

  ro section .far.data_init          in "P3-P5"
  ro section .far.rodata             in "P3-P5"
  ro section .far_func.text          in "P3-P5"
  ro section .far_func.textrw_init   in "P3-P5"
  ro section .huge.data_init         in "P3-P5"
  ro section .huge.rodata            in "P3-P5"
  ro section .huge_func.text         in "P3-P5"
  ro section .huge_func.textrw_init  in "P3-P5"
  ro section .iar.init_table         in "P3-P5"
  ro section .init_array             in "P3-P5"
  ro section .near_func.textrw_init  in "P3-P5"
  ro section .tiny.data_init         in "P3-P5"
  ro section .tiny.rodata_init       in "P3-P5"
  ro section __DLIB_PERTHREAD_init   in "P3-P5"
  rw section .far.bss                in "P2"
  rw section .far.data               in "P2"
  rw section .far.noinit             in "P2"
  rw section .far_func.textrw        in "P2"
  rw section .huge.bss               in "P2"
  rw section .huge.data              in "P2"
  rw section .huge.noinit            in "P2"
  rw section .huge_func.textrw       in "P2"
  rw section .iar.dynexit            in "P2"
  rw section .near.noinit            in "P2"
  rw section .near_func.textrw       in "P2"
  rw section .tiny.bss               in "P1"
  rw section .tiny.data              in "P1"
  rw section .tiny.noinit            in "P1"
  rw section .tiny.rodata            in "P1"
  rw section __DLIB_PERTHREAD        in "P2"
  section .eeprom.data               in "P6-P8"
  section .eeprom.noinit             in "P6-P8"
  section .eeprom.rodata             in "P6-P8"


  Section            Kind      Address    Size  Object
  -------            ----      -------    ----  ------
"A0":                                     0x10
  .vregs             uninit   0x000000    0x10  vregs.o [4]
                            - 0x000010    0x10

"P2":                                     0x3a
  P2-1                        0x000010    0x3a  <Init block>
    .near.data       inited   0x000010     0xe  HT1632.o [1]
    .near.data       inited   0x00001e     0x2  main.o [1]
    .near.data       inited   0x000020     0x2  main.o [1]
    .near.data       inited   0x000022     0x2  main.o [1]
    .near.data       inited   0x000024     0x2  main.o [1]
    .near.data       inited   0x000026     0xa  stm8s_it.o [1]
    .near.data       inited   0x000030     0xa  stm8s_it.o [1]
    .near.bss        inited   0x00003a     0x2  main.o [1]
    .near.bss        inited   0x00003c     0x2  main.o [1]
    .near.bss        inited   0x00003e     0x2  main.o [1]
    .near.bss        inited   0x000040     0x2  main.o [1]
    .near.bss        inited   0x000042     0x2  main.o [1]
    .near.bss        inited   0x000044     0x2  main.o [1]
    .near.bss        inited   0x000046     0x2  stm8s_it.o [1]
    .near.bss        inited   0x000048     0x2  stm8s_it.o [1]
                            - 0x00004a    0x3a

"A1":                                    0x100
  CSTACK                      0x000300   0x100  <Block>
    CSTACK           uninit   0x000300   0x100  <Block tail>
                            - 0x000400   0x100

"A2":                                     0x80
  INTVEC                      0x008000    0x80  <Block>
    .intvec          const    0x008000    0x80  interrupt.o [4]
                            - 0x008080    0x80

"P3-P5":                                0x1f49
  .near_func.text    ro code  0x008080   0x448  main.o [1]
  .near_func.text    ro code  0x0084c8   0x2b4  HT1632.o [1]
  .near_func.text    ro code  0x00877c   0x2b3  HT1632.o [1]
  .near_func.text    ro code  0x008a2f   0x2b2  HT1632.o [1]
  .near_func.text    ro code  0x008ce1   0x293  float.o [4]
  .near_func.text    ro code  0x008f74   0x181  stm8s_it.o [1]
  .near_func.text    ro code  0x0090f5   0x147  stm8s_tim1.o [1]
  .near_func.text    ro code  0x00923c   0x110  stm8s_gpio.o [1]
  .near_func.text    ro code  0x00934c    0xd8  HT1632.o [1]
  .near_func.text    ro code  0x009424    0xb1  vreg_util.o [4]
  .near_func.text    ro code  0x0094d5    0xac  stm8s_tim2.o [1]
  .near_func.text    ro code  0x009581    0x9c  stm8s_tim1.o [1]
  .near_func.text    ro code  0x00961d    0x8b  stm8s_clk.o [1]
  .near_func.text    ro code  0x0096a8    0x85  long.o [4]
  .near_func.text    ro code  0x00972d    0x7e  stm8s_tim2.o [1]
  .near_func.text    ro code  0x0097ab    0x60  stm8s_tim1.o [1]
  .near_func.text    ro code  0x00980b    0x5c  main.o [1]
  .near_func.text    ro code  0x009867    0x54  stm8s_tim2.o [1]
  .near_func.text    ro code  0x0098bb    0x53  stm8s_it.o [1]
  .near_func.text    ro code  0x00990e    0x50  main.o [1]
  .near_func.text    ro code  0x00995e    0x50  stm8s_beep.o [1]
  .near_func.text    ro code  0x0099ae    0x4e  stm8s_tim1.o [1]
  .near_func.text    ro code  0x0099fc    0x4c  HT1632.o [1]
  .near_func.text    ro code  0x009a48    0x48  main.o [1]
  .near.rodata       const    0x009a90    0x45  stm8s_beep.o [1]
  .near.rodata       const    0x009ad5    0x45  stm8s_gpio.o [1]
  .near.rodata       const    0x009b1a    0x45  stm8s_tim1.o [1]
  .near.rodata       const    0x009b5f    0x45  stm8s_tim2.o [1]
  .near.rodata       const    0x009ba4    0x44  stm8s_clk.o [1]
  .near_func.text    ro code  0x009be8    0x3e  short.o [4]
  Initializer bytes  const    0x009c26    0x3a  <for P2-1>
  .near_func.text    ro code  0x009c60    0x2f  stm8s_tim1.o [1]
  .near_func.text    ro code  0x009c8f    0x2f  stm8s_tim1.o [1]
  .near_func.text    ro code  0x009cbe    0x2f  stm8s_tim1.o [1]
  .near_func.text    ro code  0x009ced    0x2f  stm8s_tim1.o [1]
  .near_func.text    ro code  0x009d1c    0x2f  stm8s_tim2.o [1]
  .near_func.text    ro code  0x009d4b    0x2f  stm8s_tim2.o [1]
  .near_func.text    ro code  0x009d7a    0x2f  stm8s_tim2.o [1]
  .near_func.text    ro code  0x009da9    0x2a  main.o [1]
  .near_func.text    ro code  0x009dd3    0x28  stm8s_tim2.o [1]
  .near_func.text    ro code  0x009dfb    0x28  init_small.o [4]
  .near_func.text    ro code  0x009e23    0x27  main.o [1]
  .near_func.text    ro code  0x009e4a    0x25  main.o [1]
  .near_func.text    ro code  0x009e6f    0x24  main.o [1]
  .near_func.text    ro code  0x009e93    0x22  stm8s_tim1.o [1]
  .iar.init_table    const    0x009eb5     0xa  - Linker created -
  .near_func.text    ro code  0x009ebf    0x1e  main.o [1]
  .near_func.text    ro code  0x009edd    0x1a  main.o [1]
  .near_func.text    ro code  0x009ef7    0x14  main.o [1]
  .near_func.text    ro code  0x009f0b    0x14  init.o [4]
  .near_func.text    ro code  0x009f1f    0x14  __dbg_xxexit.o [3]
  .near_func.text    ro code  0x009f33    0x13  cstartup.o [4]
  .near_func.text    ro code  0x009f46     0xd  stm8s_beep.o [1]
  .near_func.text    ro code  0x009f53     0xd  dc_util.o [4]
  .near_func.text    ro code  0x009f60     0xc  stm8s_tim2.o [1]
  .near_func.text    ro code  0x009f6c     0xc  long_util.o [4]
  .near_func.text    ro code  0x009f78     0x9  stm8s_tim1.o [1]
  .near_func.text    ro code  0x009f81     0x8  main.o [1]
  .near_func.text    ro code  0x009f89     0x8  main.o [1]
  .near_func.text    ro code  0x009f91     0x7  stm8s_gpio.o [1]
  .near_func.text    ro code  0x009f98     0x7  stm8s_gpio.o [1]
  .near_func.text    ro code  0x009f9f     0x5  cexit.o [4]
  .near_func.text    ro code  0x009fa4     0x4  stm8s_gpio.o [1]
  .near_func.text    ro code  0x009fa8     0x3  interrupt.o [4]
  .near_func.text    ro code  0x009fab     0x3  low_level_init.o [4]
  .near_func.text    ro code  0x009fae     0x3  exit.o [4]
  .near_func.text    ro code  0x009fb1     0x3  unhandled_exception.o [4]
  .near_func.text    ro code  0x009fb4     0x2  main.o [1]
  .near_func.text    ro code  0x009fb6     0x1  stm8s_it.o [1]
  .near_func.text    ro code  0x009fb7     0x1  stm8s_it.o [1]
  .near_func.text    ro code  0x009fb8     0x1  stm8s_it.o [1]
  .near_func.text    ro code  0x009fb9     0x1  stm8s_it.o [1]
  .near_func.text    ro code  0x009fba     0x1  stm8s_it.o [1]
  .near_func.text    ro code  0x009fbb     0x1  stm8s_it.o [1]
  .near_func.text    ro code  0x009fbc     0x1  stm8s_it.o [1]
  .near_func.text    ro code  0x009fbd     0x1  stm8s_it.o [1]
  .near_func.text    ro code  0x009fbe     0x1  stm8s_it.o [1]
  .near_func.text    ro code  0x009fbf     0x1  stm8s_it.o [1]
  .near_func.text    ro code  0x009fc0     0x1  stm8s_it.o [1]
  .near_func.text    ro code  0x009fc1     0x1  stm8s_it.o [1]
  .near_func.text    ro code  0x009fc2     0x1  stm8s_it.o [1]
  .near_func.text    ro code  0x009fc3     0x1  stm8s_it.o [1]
  .near_func.text    ro code  0x009fc4     0x1  stm8s_it.o [1]
  .near_func.text    ro code  0x009fc5     0x1  stm8s_it.o [1]
  .near_func.text    ro code  0x009fc6     0x1  stm8s_it.o [1]
  .near_func.text    ro code  0x009fc7     0x1  stm8s_it.o [1]
  .near_func.text    ro code  0x009fc8     0x1  __dbg_break.o [3]
                            - 0x009fc9  0x1f49


*******************************************************************************
*** INIT TABLE
***

          Address   Size
          -------   ----
Copy (__iar_copy_init2)
    1 source range, total size 0x3a:
          0x009c26  0x3a
    1 destination range, total size 0x3a:
          0x000010  0x3a



*******************************************************************************
*** MODULE SUMMARY
***

    Module                 ro code  ro data  rw data
    ------                 -------  -------  -------
F:\dajiaoji\workspace\Dajiao\Debug\Obj: [1]
    HT1632.o                 2 365       14       14
    main.o                   1 588       20       20
    stm8s_beep.o                93       69
    stm8s_clk.o                139       68
    stm8s_gpio.o               290       69
    stm8s_it.o                 486       24       24
    stm8s_tim1.o               888       69
    stm8s_tim2.o               575       69
    ------------------------------------------------
    Total:                   6 424      402       58

command line: [2]
    ------------------------------------------------
    Total:

dbgstm8smd.a: [3]
    __dbg_break.o                1
    __dbg_xxexit.o              20
    ------------------------------------------------
    Total:                      21

dlstm8smn.a: [4]
    cexit.o                      5
    cstartup.o                  19
    dc_util.o                   13
    exit.o                       3
    float.o                    659
    init.o                      20
    init_small.o                40
    interrupt.o                  3      128
    long.o                     133
    long_util.o                 12
    low_level_init.o             3
    short.o                     62
    unhandled_exception.o        3
    vreg_util.o                177
    vregs.o                                       16
    ------------------------------------------------
    Total:                   1 152      128       16

    Linker created                       10      256
----------------------------------------------------
    Grand Total:             7 597      540      330


*******************************************************************************
*** ENTRY LIST
***

Entry                    Address   Size  Type      Object
-----                    -------   ----  ----      ------
.iar.init_table$$Base   0x009eb5          --   Gb  - Linker created -
.iar.init_table$$Limit  0x009ebf          --   Gb  - Linker created -
?b0                     0x000000         Data  Gb  vregs.o [4]
?b1                     0x000001         Data  Gb  vregs.o [4]
?b10                    0x00000a         Data  Gb  vregs.o [4]
?b11                    0x00000b         Data  Gb  vregs.o [4]
?b12                    0x00000c         Data  Gb  vregs.o [4]
?b13                    0x00000d         Data  Gb  vregs.o [4]
?b14                    0x00000e         Data  Gb  vregs.o [4]
?b15                    0x00000f         Data  Gb  vregs.o [4]
?b2                     0x000002         Data  Gb  vregs.o [4]
?b3                     0x000003         Data  Gb  vregs.o [4]
?b4                     0x000004         Data  Gb  vregs.o [4]
?b5                     0x000005         Data  Gb  vregs.o [4]
?b6                     0x000006         Data  Gb  vregs.o [4]
?b7                     0x000007         Data  Gb  vregs.o [4]
?b8                     0x000008         Data  Gb  vregs.o [4]
?b9                     0x000009         Data  Gb  vregs.o [4]
?dc32_l1                0x009f53         Code  Gb  dc_util.o [4]
?e0                     0x000001         Data  Gb  vregs.o [4]
?e1                     0x000005         Data  Gb  vregs.o [4]
?e2                     0x000009         Data  Gb  vregs.o [4]
?e3                     0x00000d         Data  Gb  vregs.o [4]
?epilogue_l2            0x0094ac         Code  Gb  vreg_util.o [4]
?epilogue_l2_w6         0x0094b0         Code  Gb  vreg_util.o [4]
?epilogue_w4            0x0094b7         Code  Gb  vreg_util.o [4]
?fcastf32u16_l0_x       0x008e34         Code  Gb  float.o [4]
?fcasts16f32_x_l0       0x008e52         Code  Gb  float.o [4]
?fdiv32_l0_l0_dc32      0x008d81         Code  Gb  float.o [4]
?fdiv32_l0_l0_l1        0x008d86         Code  Gb  float.o [4]
?fmul32_l0_l0_dc32      0x008ce1         Code  Gb  float.o [4]
?fmul32_l0_l0_l1        0x008ce6         Code  Gb  float.o [4]
?inc32_0x_0x            0x0096ad         Code  Gb  long.o [4]
?inc32_l2_l2            0x0096a8         Code  Gb  long.o [4]
?l0                     0x000000         Data  Gb  vregs.o [4]
?l1                     0x000004         Data  Gb  vregs.o [4]
?l2                     0x000008         Data  Gb  vregs.o [4]
?l3                     0x00000c         Data  Gb  vregs.o [4]
?load32_l1_0x           0x009f6c         Code  Gb  long_util.o [4]
?mov_e0_e1              0x0094be         Code  Gb  vreg_util.o [4]
?mov_e0_e2              0x0094cb         Code  Gb  vreg_util.o [4]
?mov_l0_l1              0x0094bb         Code  Gb  vreg_util.o [4]
?mov_l0_l2              0x0094c8         Code  Gb  vreg_util.o [4]
?mov_w1_w3              0x0094c1         Code  Gb  vreg_util.o [4]
?mov_w1_w5              0x0094ce         Code  Gb  vreg_util.o [4]
?pop_l0                 0x009483         Code  Gb  vreg_util.o [4]
?pop_l1                 0x00948e         Code  Gb  vreg_util.o [4]
?pop_l2                 0x009499         Code  Gb  vreg_util.o [4]
?pop_w4                 0x009441         Code  Gb  vreg_util.o [4]
?pop_w6                 0x009448         Code  Gb  vreg_util.o [4]
?push_l0                0x009457         Code  Gb  vreg_util.o [4]
?push_l1                0x00945c         Code  Gb  vreg_util.o [4]
?push_l2                0x009461         Code  Gb  vreg_util.o [4]
?push_w4                0x009424         Code  Gb  vreg_util.o [4]
?push_w6                0x009429         Code  Gb  vreg_util.o [4]
?sdiv16_x_x_y           0x009be8         Code  Gb  short.o [4]
?sll16_x_x_a            0x009c11         Code  Gb  short.o [4]
?smod16_y_x_y           0x009c01         Code  Gb  short.o [4]
?sra16_x_x_a            0x009c19         Code  Gb  short.o [4]
?srl16_x_x_4            0x009c21         Code  Gb  short.o [4]
?udiv32_l0_l0_l1        0x0096c0         Code  Gb  long.o [4]
?umod32_l1_l0_dl        0x0096bb         Code  Gb  long.o [4]
?umod32_l1_l0_l1        0x0096c0         Code  Gb  long.o [4]
?w0                     0x000000         Data  Gb  vregs.o [4]
?w1                     0x000002         Data  Gb  vregs.o [4]
?w2                     0x000004         Data  Gb  vregs.o [4]
?w3                     0x000006         Data  Gb  vregs.o [4]
?w4                     0x000008         Data  Gb  vregs.o [4]
?w5                     0x00000a         Data  Gb  vregs.o [4]
?w6                     0x00000c         Data  Gb  vregs.o [4]
?w7                     0x00000e         Data  Gb  vregs.o [4]
ADC1_IRQHandler         0x009fc5    0x1  Code  Gb  stm8s_it.o [1]
ARR                     0x000030    0xa  Data  Gb  stm8s_it.o [1]
AWU_IRQHandler          0x009fb8    0x1  Code  Gb  stm8s_it.o [1]
BEEP_Cmd                0x009f46    0xd  Code  Gb  stm8s_beep.o [1]
BEEP_Init               0x00995e   0x50  Code  Gb  stm8s_beep.o [1]
CLK_IRQHandler          0x009fb9    0x1  Code  Gb  stm8s_it.o [1]
CLK_SYSCLKConfig        0x00961d   0x8b  Code  Gb  stm8s_clk.o [1]
CRR                     0x000026    0xa  Data  Gb  stm8s_it.o [1]
CSTACK$$Base            0x000300          --   Gb  - Linker created -
CSTACK$$Limit           0x000400          --   Gb  - Linker created -
EEPROM_EEC_IRQHandler   0x009fc7    0x1  Code  Gb  stm8s_it.o [1]
EXTI_PORTA_IRQHandler   0x009fba    0x1  Code  Gb  stm8s_it.o [1]
EXTI_PORTB_IRQHandler   0x009fbb    0x1  Code  Gb  stm8s_it.o [1]
EXTI_PORTC_IRQHandler   0x009fbc    0x1  Code  Gb  stm8s_it.o [1]
EXTI_PORTD_IRQHandler   0x009fbd    0x1  Code  Gb  stm8s_it.o [1]
EXTI_PORTE_IRQHandler   0x009fbe    0x1  Code  Gb  stm8s_it.o [1]
ForwardBackwardCur      0x000044    0x2  Data  Gb  main.o [1]
ForwardBackwardNum      0x000042    0x2  Data  Gb  main.o [1]
ForwardMotor1           0x009f81    0x8  Code  Gb  main.o [1]
Fpwm                    0x000024    0x2  Data  Gb  main.o [1]
GPIO_Init               0x00923c  0x110  Code  Gb  stm8s_gpio.o [1]
GPIO_ReadInputPin       0x009f98    0x7  Code  Gb  stm8s_gpio.o [1]
GPIO_WriteHigh          0x009f91    0x7  Code  Gb  stm8s_gpio.o [1]
GPIO_WriteLow           0x009fa4    0x4  Code  Gb  stm8s_gpio.o [1]
HT1632C_Init            0x0093ea   0x3a  Code  Gb  HT1632.o [1]
HT1632C_Writer          0x0099fc   0x4c  Code  Gb  HT1632.o [1]
HT1632C_Writer_CMD      0x00934c   0x2b  Code  Gb  HT1632.o [1]
HT1632C_Writer_DATA     0x009377   0x37  Code  Gb  HT1632.o [1]
HT1632C_clr             0x0093ae   0x3c  Code  Gb  HT1632.o [1]
I2C_IRQHandler          0x009fc4    0x1  Code  Gb  stm8s_it.o [1]
INTVEC$$Base            0x008000          --   Gb  - Linker created -
INTVEC$$Limit           0x008080          --   Gb  - Linker created -
KEYInit                 0x00990e   0x50  Code  Gb  main.o [1]
MarginPulse             0x00003a    0x2  Data  Gb  main.o [1]
MotorInit               0x009a48   0x48  Code  Gb  main.o [1]
MovePulse               0x00003e    0x2  Data  Gb  main.o [1]
NumericDisplay_Init     0x009e6f   0x24  Code  Gb  main.o [1]
Region$$Table$$Base     0x009eb5          --   Gb  - Linker created -
Region$$Table$$Limit    0x009ebf          --   Gb  - Linker created -
ReverseMotor1           0x009f89    0x8  Code  Gb  main.o [1]
SPI_IRQHandler          0x009fbf    0x1  Code  Gb  stm8s_it.o [1]
StartMotor1             0x009da9   0x2a  Code  Gb  main.o [1]
StartMotor2             0x009e4a   0x25  Code  Gb  main.o [1]
StopMotor1              0x009ebf   0x1e  Code  Gb  main.o [1]
StopMotor2              0x009edd   0x1a  Code  Gb  main.o [1]
TIM1_ARRPreloadConfig   0x009cbe   0x2f  Code  Gb  stm8s_tim1.o [1]
TIM1_CAP_COM_IRQHandler
                        0x009fc0    0x1  Code  Gb  stm8s_it.o [1]
TIM1_CCxCmd             0x009581   0x9c  Code  Gb  stm8s_tim1.o [1]
TIM1_ClearITPendingBit  0x009e93   0x22  Code  Gb  stm8s_tim1.o [1]
TIM1_Cmd                0x009c60   0x2f  Code  Gb  stm8s_tim1.o [1]
TIM1_CtrlPWMOutputs     0x009c8f   0x2f  Code  Gb  stm8s_tim1.o [1]
TIM1_ITConfig           0x0099ae   0x4e  Code  Gb  stm8s_tim1.o [1]
TIM1_OC3Init            0x0090f5  0x147  Code  Gb  stm8s_tim1.o [1]
TIM1_OC3PreloadConfig   0x009ced   0x2f  Code  Gb  stm8s_tim1.o [1]
TIM1_PWM_Init           0x00980b   0x5c  Code  Gb  main.o [1]
TIM1_SetCompare3        0x009f78    0x9  Code  Gb  stm8s_tim1.o [1]
TIM1_TimeBaseInit       0x0097ab   0x60  Code  Gb  stm8s_tim1.o [1]
TIM1_UPD_OVF_TRG_BRK_IRQHandler
                        0x008f74  0x181  Code  Gb  stm8s_it.o [1]
TIM1_UPD_OVF_TRG_BRK_IRQHandler::count
                        0x000046    0x2  Data  Lc  stm8s_it.o [1]
TIM2_ARRPreloadConfig   0x009d4b   0x2f  Code  Gb  stm8s_tim2.o [1]
TIM2_CAP_COM_IRQHandler
                        0x009fc1    0x1  Code  Gb  stm8s_it.o [1]
TIM2_CCxCmd             0x00972d   0x7e  Code  Gb  stm8s_tim2.o [1]
TIM2_ClearITPendingBit  0x009dd3   0x28  Code  Gb  stm8s_tim2.o [1]
TIM2_Cmd                0x009d1c   0x2f  Code  Gb  stm8s_tim2.o [1]
TIM2_ITConfig           0x009867   0x54  Code  Gb  stm8s_tim2.o [1]
TIM2_OC3Init            0x0094d5   0xac  Code  Gb  stm8s_tim2.o [1]
TIM2_OC3PreloadConfig   0x009d7a   0x2f  Code  Gb  stm8s_tim2.o [1]
TIM2_PWM_Init           0x009e23   0x27  Code  Gb  main.o [1]
TIM2_TimeBaseInit       0x009f60    0xc  Code  Gb  stm8s_tim2.o [1]
TIM2_UPD_OVF_BRK_IRQHandler
                        0x0098bb   0x53  Code  Gb  stm8s_it.o [1]
TIM2_UPD_OVF_BRK_IRQHandler::count2
                        0x000048    0x2  Data  Lc  stm8s_it.o [1]
TIM4_UPD_OVF_IRQHandler
                        0x009fc6    0x1  Code  Gb  stm8s_it.o [1]
TLI_IRQHandler          0x009fb7    0x1  Code  Gb  stm8s_it.o [1]
TRAP_IRQHandler         0x009fb6    0x1  Code  Gb  stm8s_it.o [1]
TotalWidthPulse         0x000040    0x2  Data  Gb  main.o [1]
UART1_RX_IRQHandler     0x009fc3    0x1  Code  Gb  stm8s_it.o [1]
UART1_TX_IRQHandler     0x009fc2    0x1  Code  Gb  stm8s_it.o [1]
WidthPulse              0x00003c    0x2  Data  Gb  main.o [1]
__DebugBreak            0x009fc8    0x1  Code  Gb  __dbg_break.o [3]
__exit                  0x009f1f   0x14  Code  Gb  __dbg_xxexit.o [3]
__iar_copy_init2        0x009dfb         Code  Gb  init_small.o [4]
__iar_data_init2        0x009f0b   0x14  Code  Gb  init.o [4]
__iar_program_start     0x009f33         Code  Gb  cstartup.o [4]
__iar_unhandled_exception
                        0x009fb1         Code  Gb  unhandled_exception.o [4]
__intvec                0x008000         Data  Gb  interrupt.o [4]
__low_level_init        0x009fab    0x3  Code  Gb  low_level_init.o [4]
_exit                   0x009f9f         Code  Gb  cexit.o [4]
_interrupt_1            0x009fb6         Code  Gb  stm8s_it.o [1]
_interrupt_12           0x009fbf         Code  Gb  stm8s_it.o [1]
_interrupt_13           0x008f74         Code  Gb  stm8s_it.o [1]
_interrupt_14           0x009fc0         Code  Gb  stm8s_it.o [1]
_interrupt_15           0x0098bb         Code  Gb  stm8s_it.o [1]
_interrupt_16           0x009fc1         Code  Gb  stm8s_it.o [1]
_interrupt_19           0x009fc2         Code  Gb  stm8s_it.o [1]
_interrupt_2            0x009fb7         Code  Gb  stm8s_it.o [1]
_interrupt_20           0x009fc3         Code  Gb  stm8s_it.o [1]
_interrupt_21           0x009fc4         Code  Gb  stm8s_it.o [1]
_interrupt_24           0x009fc5         Code  Gb  stm8s_it.o [1]
_interrupt_25           0x009fc6         Code  Gb  stm8s_it.o [1]
_interrupt_26           0x009fc7         Code  Gb  stm8s_it.o [1]
_interrupt_3            0x009fb8         Code  Gb  stm8s_it.o [1]
_interrupt_4            0x009fb9         Code  Gb  stm8s_it.o [1]
_interrupt_5            0x009fba         Code  Gb  stm8s_it.o [1]
_interrupt_6            0x009fbb         Code  Gb  stm8s_it.o [1]
_interrupt_7            0x009fbc         Code  Gb  stm8s_it.o [1]
_interrupt_8            0x009fbd         Code  Gb  stm8s_it.o [1]
_interrupt_9            0x009fbe         Code  Gb  stm8s_it.o [1]
assert_failed           0x009fb4    0x2  Code  Gb  main.o [1]
delay                   0x009ef7   0x14  Code  Gb  main.o [1]
display_height          0x0084c8  0x2b4  Code  Gb  HT1632.o [1]
display_margin          0x008a2f  0x2b2  Code  Gb  HT1632.o [1]
display_width           0x00877c  0x2b3  Code  Gb  HT1632.o [1]
exit                    0x009fae    0x3  Code  Gb  exit.o [4]
g_height                0x000022    0x2  Data  Gb  main.o [1]
g_margin                0x00001e    0x2  Data  Gb  main.o [1]
g_width                 0x000020    0x2  Data  Gb  main.o [1]
main                    0x008080  0x448  Code  Gb  main.o [1]
tab                     0x000010    0xe  Data  Gb  HT1632.o [1]


[1] = F:\dajiaoji\workspace\Dajiao\Debug\Obj
[2] = command line
[3] = dbgstm8smd.a
[4] = dlstm8smn.a

  7 597 bytes of readonly  code memory
    540 bytes of readonly  data memory
    330 bytes of readwrite data memory

Errors: none
Warnings: none
