###############################################################################
#
# IAR ELF Linker V3.11.1.207 for STM8                     24/Aug/2020  22:53:19
# Copyright 2010-2019 IAR Systems AB.
#
#    Output file  =  F:\dajiaoji\workspace\Dajiao\Debug\Exe\stm8.out
#    Map file     =  F:\dajiaoji\workspace\Dajiao\Debug\List\stm8.map
#    Command line =  
#        -f C:\Users\pc\AppData\Local\Temp\EW108B.tmp
#        (F:\dajiaoji\workspace\Dajiao\Debug\Obj\HT1632.o
#        F:\dajiaoji\workspace\Dajiao\Debug\Obj\main.o
#        F:\dajiaoji\workspace\Dajiao\Debug\Obj\stm8s_adc1.o
#        F:\dajiaoji\workspace\Dajiao\Debug\Obj\stm8s_awu.o
#        F:\dajiaoji\workspace\Dajiao\Debug\Obj\stm8s_beep.o
#        F:\dajiaoji\workspace\Dajiao\Debug\Obj\stm8s_clk.o
#        F:\dajiaoji\workspace\Dajiao\Debug\Obj\stm8s_exti.o
#        F:\dajiaoji\workspace\Dajiao\Debug\Obj\stm8s_flash.o
#        F:\dajiaoji\workspace\Dajiao\Debug\Obj\stm8s_gpio.o
#        F:\dajiaoji\workspace\Dajiao\Debug\Obj\stm8s_i2c.o
#        F:\dajiaoji\workspace\Dajiao\Debug\Obj\stm8s_it.o
#        F:\dajiaoji\workspace\Dajiao\Debug\Obj\stm8s_itc.o
#        F:\dajiaoji\workspace\Dajiao\Debug\Obj\stm8s_iwdg.o
#        F:\dajiaoji\workspace\Dajiao\Debug\Obj\stm8s_rst.o
#        F:\dajiaoji\workspace\Dajiao\Debug\Obj\stm8s_spi.o
#        F:\dajiaoji\workspace\Dajiao\Debug\Obj\stm8s_tim1.o
#        F:\dajiaoji\workspace\Dajiao\Debug\Obj\stm8s_tim2.o
#        F:\dajiaoji\workspace\Dajiao\Debug\Obj\stm8s_tim4.o
#        F:\dajiaoji\workspace\Dajiao\Debug\Obj\stm8s_uart1.o
#        F:\dajiaoji\workspace\Dajiao\Debug\Obj\stm8s_wwdg.o --redirect
#        _Printf=_PrintfSmall --redirect _Scanf=_ScanfSmall --no_out_extension
#        -o F:\dajiaoji\workspace\Dajiao\Debug\Exe\stm8.out --map
#        F:\dajiaoji\workspace\Dajiao\Debug\List\stm8.map --config "C:\Program
#        Files (x86)\IAR Systems\Embedded Workbench
#        8.3\stm8\config\lnkstm8s003k3.icf" --config_def _CSTACK_SIZE=0x100
#        --config_def _HEAP_SIZE=0x100 --entry __iar_program_start --debug_lib)
#
###############################################################################

*******************************************************************************
*** RUNTIME MODEL ATTRIBUTES
***

__SystemLibrary            = DLib
__code_model               = small
__core                     = stm8
__data_model               = medium
__dlib_file_descriptor     = 0
__dlib_full_locale_support = 0
__rt_version               = 4


*******************************************************************************
*** PLACEMENT SUMMARY
***

"A0":  place at start of [0x000000-0x0000ff] { rw section .vregs };
"A1":  place at end of [0x000000-0x0003ff] { block CSTACK };
"P2":  place in [from 0x000000 to 0x0003ff] {
          block HEAP, rw section __DLIB_PERTHREAD, rw section .far.bss,
          rw section .far.data, rw section .far.noinit,
          rw section .far_func.textrw, rw section .huge.bss,
          rw section .huge.data, rw section .huge.noinit,
          rw section .huge_func.textrw, rw section .iar.dynexit,
          rw section .near.bss, rw section .near.data, rw section .near.noinit,
          rw section .near_func.textrw };
"A2":  place at start of [0x008000-0x009fff] { block INTVEC };
"P3":  place in [from 0x008000 to 0x009fff] {
          ro section __DLIB_PERTHREAD_init, ro section .far.data_init,
          ro section .far_func.textrw_init, ro section .huge.data_init,
          ro section .huge_func.textrw_init, ro section .iar.init_table,
          ro section .init_array, ro section .near.data_init,
          ro section .near.rodata, ro section .near_func.text,
          ro section .near_func.textrw_init, ro section .tiny.data_init,
          ro section .tiny.rodata_init };
"P4":  place in [from 0x008000 to 0x009fff] {
          ro section .far.rodata, ro section .far_func.text };
"P5":  place in [from 0x008000 to 0x009fff] {
          ro section .huge.rodata, ro section .huge_func.text };
do not initialize {
   rw section .eeprom.noinit, rw section .far.noinit, rw section .huge.noinit,
   rw section .near.noinit, rw section .tiny.noinit, rw section .vregs };
initialize by copy {
   rw section .far.bss, rw section .far.data, rw section .far_func.textrw,
   rw section .huge.bss, rw section .huge.data, rw section .huge_func.textrw,
   rw section .iar.dynexit, rw section .near.bss, rw section .near.data,
   rw section .near_func.textrw, rw section .tiny.bss, rw section .tiny.data,
   ro section .tiny.rodata };

No sections matched the following patterns:

  ro section .far.data_init          in "P3-P5"
  ro section .far.rodata             in "P3-P5"
  ro section .far_func.text          in "P3-P5"
  ro section .far_func.textrw_init   in "P3-P5"
  ro section .huge.data_init         in "P3-P5"
  ro section .huge.rodata            in "P3-P5"
  ro section .huge_func.text         in "P3-P5"
  ro section .huge_func.textrw_init  in "P3-P5"
  ro section .iar.init_table         in "P3-P5"
  ro section .init_array             in "P3-P5"
  ro section .near_func.textrw_init  in "P3-P5"
  ro section .tiny.data_init         in "P3-P5"
  ro section .tiny.rodata_init       in "P3-P5"
  ro section __DLIB_PERTHREAD_init   in "P3-P5"
  rw section .far.bss                in "P2"
  rw section .far.data               in "P2"
  rw section .far.noinit             in "P2"
  rw section .far_func.textrw        in "P2"
  rw section .huge.bss               in "P2"
  rw section .huge.data              in "P2"
  rw section .huge.noinit            in "P2"
  rw section .huge_func.textrw       in "P2"
  rw section .iar.dynexit            in "P2"
  rw section .near.noinit            in "P2"
  rw section .near_func.textrw       in "P2"
  rw section .tiny.bss               in "P1"
  rw section .tiny.data              in "P1"
  rw section .tiny.noinit            in "P1"
  rw section .tiny.rodata            in "P1"
  rw section __DLIB_PERTHREAD        in "P2"
  section .eeprom.data               in "P6-P8"
  section .eeprom.noinit             in "P6-P8"
  section .eeprom.rodata             in "P6-P8"


  Section            Kind      Address    Size  Object
  -------            ----      -------    ----  ------
"A0":                                     0x10
  .vregs             uninit   0x000000    0x10  vregs.o [4]
                            - 0x000010    0x10

"P2":                                     0x3b
  P2-1                        0x000010    0x3b  <Init block>
    .near.data       inited   0x000010     0xe  HT1632.o [1]
    .near.data       inited   0x00001e     0x2  main.o [1]
    .near.data       inited   0x000020     0x2  main.o [1]
    .near.data       inited   0x000022     0x2  main.o [1]
    .near.data       inited   0x000024     0xa  main.o [1]
    .near.data       inited   0x00002e     0xa  main.o [1]
    .near.bss        inited   0x000038     0x2  main.o [1]
    .near.bss        inited   0x00003a     0x2  main.o [1]
    .near.bss        inited   0x00003c     0x2  main.o [1]
    .near.bss        inited   0x00003e     0x2  main.o [1]
    .near.bss        inited   0x000040     0x2  main.o [1]
    .near.bss        inited   0x000042     0x2  main.o [1]
    .near.bss        inited   0x000044     0x1  main.o [1]
    .near.bss        inited   0x000045     0x2  stm8s_it.o [1]
    .near.bss        inited   0x000047     0x2  stm8s_it.o [1]
    .near.bss        inited   0x000049     0x2  stm8s_it.o [1]
                            - 0x00004b    0x3b

"A1":                                    0x100
  CSTACK                      0x000300   0x100  <Block>
    CSTACK           uninit   0x000300   0x100  <Block tail>
                            - 0x000400   0x100

"A2":                                     0x80
  INTVEC                      0x008000    0x80  <Block>
    .intvec          const    0x008000    0x80  interrupt.o [4]
                            - 0x008080    0x80

"P3-P5":                                0x160e
  .near_func.text    ro code  0x008080   0x43f  main.o [1]
  .near_func.text    ro code  0x0084bf   0x293  float.o [4]
  .near_func.text    ro code  0x008752   0x172  stm8s_it.o [1]
  .near_func.text    ro code  0x0088c4    0xc4  stm8s_tim1.o [1]
  .near_func.text    ro code  0x008988    0xc3  HT1632.o [1]
  .near_func.text    ro code  0x008a4b    0xb1  stm8s_gpio.o [1]
  .near_func.text    ro code  0x008afc    0xb1  vreg_util.o [4]
  .near_func.text    ro code  0x008bad    0x85  long.o [4]
  .near_func.text    ro code  0x008c32    0x7f  stm8s_tim1.o [1]
  .near_func.text    ro code  0x008cb1    0x6f  stm8s_tim2.o [1]
  .near_func.text    ro code  0x008d20    0x67  stm8s_tim2.o [1]
  .near_func.text    ro code  0x008d87    0x5e  stm8s_clk.o [1]
  .near_func.text    ro code  0x008de5    0x4c  stm8s_tim1.o [1]
  .near_func.text    ro code  0x008e31    0x4a  stm8s_it.o [1]
  .near_func.text    ro code  0x008e7b    0x46  HT1632.o [1]
  .near_func.text    ro code  0x008ec1    0x46  HT1632.o [1]
  .near.rodata       const    0x008f07    0x45  stm8s_beep.o [1]
  .near.rodata       const    0x008f4c    0x45  stm8s_gpio.o [1]
  .near.rodata       const    0x008f91    0x45  stm8s_tim1.o [1]
  .near.rodata       const    0x008fd6    0x45  stm8s_tim2.o [1]
  .near.rodata       const    0x00901b    0x44  stm8s_clk.o [1]
  .near_func.text    ro code  0x00905f    0x3d  stm8s_beep.o [1]
  .near_func.text    ro code  0x00909c    0x3b  HT1632.o [1]
  Initializer bytes  const    0x0090d7    0x3b  <for P2-1>
  .near_func.text    ro code  0x009112    0x3a  HT1632.o [1]
  .near_func.text    ro code  0x00914c    0x37  stm8s_tim2.o [1]
  .near_func.text    ro code  0x009183    0x31  stm8s_tim1.o [1]
  .near_func.text    ro code  0x0091b4    0x2c  HT1632.o [1]
  .near_func.text    ro code  0x0091e0    0x29  HT1632.o [1]
  .near_func.text    ro code  0x009209    0x28  init_small.o [4]
  .near_func.text    ro code  0x009231    0x25  short.o [4]
  .iar.init_table    const    0x009256     0xa  - Linker created -
  .near_func.text    ro code  0x009260    0x1f  HT1632.o [1]
  .near_func.text    ro code  0x00927f    0x1f  stm8s_tim1.o [1]
  .near_func.text    ro code  0x00929e    0x1c  HT1632.o [1]
  .near_func.text    ro code  0x0092ba    0x1c  stm8s_tim2.o [1]
  .near_func.text    ro code  0x0092d6    0x1a  HT1632.o [1]
  .near_func.text    ro code  0x0092f0    0x18  stm8s_tim1.o [1]
  .near_func.text    ro code  0x009308    0x16  stm8s_tim1.o [1]
  .near_func.text    ro code  0x00931e    0x16  stm8s_tim1.o [1]
  .near_func.text    ro code  0x009334    0x16  stm8s_tim1.o [1]
  .near_func.text    ro code  0x00934a    0x16  stm8s_tim1.o [1]
  .near_func.text    ro code  0x009360    0x16  stm8s_tim2.o [1]
  .near_func.text    ro code  0x009376    0x16  stm8s_tim2.o [1]
  .near_func.text    ro code  0x00938c    0x16  stm8s_tim2.o [1]
  .near_func.text    ro code  0x0093a2    0x15  HT1632.o [1]
  .near_func.text    ro code  0x0093b7    0x15  stm8s_tim1.o [1]
  .near_func.text    ro code  0x0093cc    0x14  HT1632.o [1]
  .near_func.text    ro code  0x0093e0    0x14  init.o [4]
  .near_func.text    ro code  0x0093f4    0x14  __dbg_xxexit.o [3]
  .near_func.text    ro code  0x009408    0x13  cstartup.o [4]
  .near_func.text    ro code  0x00941b    0x11  HT1632.o [1]
  .near_func.text    ro code  0x00942c    0x11  HT1632.o [1]
  .near_func.text    ro code  0x00943d    0x11  HT1632.o [1]
  .near_func.text    ro code  0x00944e     0xf  stm8s_tim1.o [1]
  .near_func.text    ro code  0x00945d     0xf  stm8s_tim2.o [1]
  .near_func.text    ro code  0x00946c     0xd  HT1632.o [1]
  .near_func.text    ro code  0x009479     0xd  HT1632.o [1]
  .near_func.text    ro code  0x009486     0xd  HT1632.o [1]
  .near_func.text    ro code  0x009493     0xd  stm8s_beep.o [1]
  .near_func.text    ro code  0x0094a0     0xd  stm8s_it.o [1]
  .near_func.text    ro code  0x0094ad     0xd  stm8s_tim2.o [1]
  .near_func.text    ro code  0x0094ba     0xd  dc_util.o [4]
  .near_func.text    ro code  0x0094c7     0xc  HT1632.o [1]
  .near_func.text    ro code  0x0094d3     0xc  HT1632.o [1]
  .near_func.text    ro code  0x0094df     0xc  main.o [1]
  .near_func.text    ro code  0x0094eb     0xc  long_util.o [4]
  .near_func.text    ro code  0x0094f7     0xb  HT1632.o [1]
  .near_func.text    ro code  0x009502     0xb  main.o [1]
  .near_func.text    ro code  0x00950d     0xb  stm8s_beep.o [1]
  .near_func.text    ro code  0x009518     0xb  stm8s_clk.o [1]
  .near_func.text    ro code  0x009523     0xb  stm8s_gpio.o [1]
  .near_func.text    ro code  0x00952e     0xb  stm8s_it.o [1]
  .near_func.text    ro code  0x009539     0xb  stm8s_tim1.o [1]
  .near_func.text    ro code  0x009544     0xb  stm8s_tim2.o [1]
  .near_func.text    ro code  0x00954f     0xb  stm8s_tim2.o [1]
  .near_func.text    ro code  0x00955a     0xa  stm8s_it.o [1]
  .near_func.text    ro code  0x009564     0x9  HT1632.o [1]
  .near_func.text    ro code  0x00956d     0x9  HT1632.o [1]
  .near_func.text    ro code  0x009576     0x9  HT1632.o [1]
  .near_func.text    ro code  0x00957f     0x9  HT1632.o [1]
  .near_func.text    ro code  0x009588     0x9  HT1632.o [1]
  .near_func.text    ro code  0x009591     0x9  main.o [1]
  .near_func.text    ro code  0x00959a     0x9  main.o [1]
  .near_func.text    ro code  0x0095a3     0x9  stm8s_beep.o [1]
  .near_func.text    ro code  0x0095ac     0x9  stm8s_clk.o [1]
  .near_func.text    ro code  0x0095b5     0x9  stm8s_it.o [1]
  .near_func.text    ro code  0x0095be     0x9  stm8s_tim1.o [1]
  .near_func.text    ro code  0x0095c7     0x9  stm8s_tim2.o [1]
  .near_func.text    ro code  0x0095d0     0x8  HT1632.o [1]
  .near_func.text    ro code  0x0095d8     0x8  HT1632.o [1]
  .near_func.text    ro code  0x0095e0     0x8  stm8s_tim1.o [1]
  .near_func.text    ro code  0x0095e8     0x7  HT1632.o [1]
  .near_func.text    ro code  0x0095ef     0x7  stm8s_gpio.o [1]
  .near_func.text    ro code  0x0095f6     0x7  stm8s_gpio.o [1]
  .near_func.text    ro code  0x0095fd     0x7  stm8s_it.o [1]
  .near_func.text    ro code  0x009604     0x7  stm8s_tim1.o [1]
  .near_func.text    ro code  0x00960b     0x7  stm8s_tim2.o [1]
  .near_func.text    ro code  0x009612     0x6  HT1632.o [1]
  .near_func.text    ro code  0x009618     0x6  HT1632.o [1]
  .near_func.text    ro code  0x00961e     0x6  HT1632.o [1]
  .near_func.text    ro code  0x009624     0x6  HT1632.o [1]
  .near_func.text    ro code  0x00962a     0x6  main.o [1]
  .near_func.text    ro code  0x009630     0x6  main.o [1]
  .near_func.text    ro code  0x009636     0x6  stm8s_tim1.o [1]
  .near_func.text    ro code  0x00963c     0x5  HT1632.o [1]
  .near_func.text    ro code  0x009641     0x5  HT1632.o [1]
  .near_func.text    ro code  0x009646     0x5  main.o [1]
  .near_func.text    ro code  0x00964b     0x5  stm8s_tim1.o [1]
  .near_func.text    ro code  0x009650     0x5  cexit.o [4]
  .near_func.text    ro code  0x009655     0x4  HT1632.o [1]
  .near_func.text    ro code  0x009659     0x4  HT1632.o [1]
  .near_func.text    ro code  0x00965d     0x4  HT1632.o [1]
  .near_func.text    ro code  0x009661     0x4  HT1632.o [1]
  .near_func.text    ro code  0x009665     0x4  HT1632.o [1]
  .near_func.text    ro code  0x009669     0x4  stm8s_gpio.o [1]
  .near_func.text    ro code  0x00966d     0x3  interrupt.o [4]
  .near_func.text    ro code  0x009670     0x3  low_level_init.o [4]
  .near_func.text    ro code  0x009673     0x3  exit.o [4]
  .near_func.text    ro code  0x009676     0x3  unhandled_exception.o [4]
  .near_func.text    ro code  0x009679     0x2  main.o [1]
  .near_func.text    ro code  0x00967b     0x1  stm8s_it.o [1]
  .near_func.text    ro code  0x00967c     0x1  stm8s_it.o [1]
  .near_func.text    ro code  0x00967d     0x1  stm8s_it.o [1]
  .near_func.text    ro code  0x00967e     0x1  stm8s_it.o [1]
  .near_func.text    ro code  0x00967f     0x1  stm8s_it.o [1]
  .near_func.text    ro code  0x009680     0x1  stm8s_it.o [1]
  .near_func.text    ro code  0x009681     0x1  stm8s_it.o [1]
  .near_func.text    ro code  0x009682     0x1  stm8s_it.o [1]
  .near_func.text    ro code  0x009683     0x1  stm8s_it.o [1]
  .near_func.text    ro code  0x009684     0x1  stm8s_it.o [1]
  .near_func.text    ro code  0x009685     0x1  stm8s_it.o [1]
  .near_func.text    ro code  0x009686     0x1  stm8s_it.o [1]
  .near_func.text    ro code  0x009687     0x1  stm8s_it.o [1]
  .near_func.text    ro code  0x009688     0x1  stm8s_it.o [1]
  .near_func.text    ro code  0x009689     0x1  stm8s_it.o [1]
  .near_func.text    ro code  0x00968a     0x1  stm8s_it.o [1]
  .near_func.text    ro code  0x00968b     0x1  stm8s_it.o [1]
  .near_func.text    ro code  0x00968c     0x1  stm8s_it.o [1]
  .near_func.text    ro code  0x00968d     0x1  __dbg_break.o [3]
                            - 0x00968e  0x160e


*******************************************************************************
*** INIT TABLE
***

          Address   Size
          -------   ----
Copy (__iar_copy_init2)
    1 source range, total size 0x3b:
          0x0090d7  0x3b
    1 destination range, total size 0x3b:
          0x000010  0x3b



*******************************************************************************
*** MODULE SUMMARY
***

    Module                 ro code  ro data  rw data
    ------                 -------  -------  -------
F:\dajiaoji\workspace\Dajiao\Debug\Obj: [1]
    HT1632.o                   910       14       14
    main.o                   1 147       39       39
    stm8s_beep.o                94       69
    stm8s_clk.o                114       68
    stm8s_gpio.o               206       69
    stm8s_it.o                 512        6        6
    stm8s_tim1.o               673       69
    stm8s_tim2.o               429       69
    ------------------------------------------------
    Total:                   4 085      403       59

command line: [2]
    ------------------------------------------------
    Total:

dbgstm8smd.a: [3]
    __dbg_break.o                1
    __dbg_xxexit.o              20
    ------------------------------------------------
    Total:                      21

dlstm8smn.a: [4]
    cexit.o                      5
    cstartup.o                  19
    dc_util.o                   13
    exit.o                       3
    float.o                    659
    init.o                      20
    init_small.o                40
    interrupt.o                  3      128
    long.o                     133
    long_util.o                 12
    low_level_init.o             3
    short.o                     37
    unhandled_exception.o        3
    vreg_util.o                177
    vregs.o                                       16
    ------------------------------------------------
    Total:                   1 127      128       16

    Linker created                       10      256
----------------------------------------------------
    Grand Total:             5 233      541      331


*******************************************************************************
*** ENTRY LIST
***

Entry                    Address   Size  Type      Object
-----                    -------   ----  ----      ------
.iar.init_table$$Base   0x009256          --   Gb  - Linker created -
.iar.init_table$$Limit  0x009260          --   Gb  - Linker created -
?b0                     0x000000         Data  Gb  vregs.o [4]
?b1                     0x000001         Data  Gb  vregs.o [4]
?b10                    0x00000a         Data  Gb  vregs.o [4]
?b11                    0x00000b         Data  Gb  vregs.o [4]
?b12                    0x00000c         Data  Gb  vregs.o [4]
?b13                    0x00000d         Data  Gb  vregs.o [4]
?b14                    0x00000e         Data  Gb  vregs.o [4]
?b15                    0x00000f         Data  Gb  vregs.o [4]
?b2                     0x000002         Data  Gb  vregs.o [4]
?b3                     0x000003         Data  Gb  vregs.o [4]
?b4                     0x000004         Data  Gb  vregs.o [4]
?b5                     0x000005         Data  Gb  vregs.o [4]
?b6                     0x000006         Data  Gb  vregs.o [4]
?b7                     0x000007         Data  Gb  vregs.o [4]
?b8                     0x000008         Data  Gb  vregs.o [4]
?b9                     0x000009         Data  Gb  vregs.o [4]
?dc32_l1                0x0094ba         Code  Gb  dc_util.o [4]
?e0                     0x000001         Data  Gb  vregs.o [4]
?e1                     0x000005         Data  Gb  vregs.o [4]
?e2                     0x000009         Data  Gb  vregs.o [4]
?e3                     0x00000d         Data  Gb  vregs.o [4]
?epilogue_l2            0x008b84         Code  Gb  vreg_util.o [4]
?epilogue_l2_w6         0x008b88         Code  Gb  vreg_util.o [4]
?epilogue_w4            0x008b8f         Code  Gb  vreg_util.o [4]
?fcastf32u16_l0_x       0x008612         Code  Gb  float.o [4]
?fcasts16f32_x_l0       0x008630         Code  Gb  float.o [4]
?fdiv32_l0_l0_dc32      0x00855f         Code  Gb  float.o [4]
?fdiv32_l0_l0_l1        0x008564         Code  Gb  float.o [4]
?fmul32_l0_l0_dc32      0x0084bf         Code  Gb  float.o [4]
?fmul32_l0_l0_l1        0x0084c4         Code  Gb  float.o [4]
?inc32_0x_0x            0x008bb2         Code  Gb  long.o [4]
?inc32_l2_l2            0x008bad         Code  Gb  long.o [4]
?l0                     0x000000         Data  Gb  vregs.o [4]
?l1                     0x000004         Data  Gb  vregs.o [4]
?l2                     0x000008         Data  Gb  vregs.o [4]
?l3                     0x00000c         Data  Gb  vregs.o [4]
?load32_l1_0x           0x0094eb         Code  Gb  long_util.o [4]
?mov_e0_e1              0x008b96         Code  Gb  vreg_util.o [4]
?mov_e0_e2              0x008ba3         Code  Gb  vreg_util.o [4]
?mov_l0_l1              0x008b93         Code  Gb  vreg_util.o [4]
?mov_l0_l2              0x008ba0         Code  Gb  vreg_util.o [4]
?mov_w1_w3              0x008b99         Code  Gb  vreg_util.o [4]
?mov_w1_w5              0x008ba6         Code  Gb  vreg_util.o [4]
?pop_l0                 0x008b5b         Code  Gb  vreg_util.o [4]
?pop_l1                 0x008b66         Code  Gb  vreg_util.o [4]
?pop_l2                 0x008b71         Code  Gb  vreg_util.o [4]
?pop_w4                 0x008b19         Code  Gb  vreg_util.o [4]
?pop_w6                 0x008b20         Code  Gb  vreg_util.o [4]
?push_l0                0x008b2f         Code  Gb  vreg_util.o [4]
?push_l1                0x008b34         Code  Gb  vreg_util.o [4]
?push_l2                0x008b39         Code  Gb  vreg_util.o [4]
?push_w4                0x008afc         Code  Gb  vreg_util.o [4]
?push_w6                0x008b01         Code  Gb  vreg_util.o [4]
?sll16_x_x_a            0x009241         Code  Gb  short.o [4]
?smod16_y_x_y           0x009231         Code  Gb  short.o [4]
?sra16_x_x_a            0x009249         Code  Gb  short.o [4]
?srl16_x_x_4            0x009251         Code  Gb  short.o [4]
?udiv32_l0_l0_l1        0x008bc5         Code  Gb  long.o [4]
?umod32_l1_l0_dl        0x008bc0         Code  Gb  long.o [4]
?umod32_l1_l0_l1        0x008bc5         Code  Gb  long.o [4]
?w0                     0x000000         Data  Gb  vregs.o [4]
?w1                     0x000002         Data  Gb  vregs.o [4]
?w2                     0x000004         Data  Gb  vregs.o [4]
?w3                     0x000006         Data  Gb  vregs.o [4]
?w4                     0x000008         Data  Gb  vregs.o [4]
?w5                     0x00000a         Data  Gb  vregs.o [4]
?w6                     0x00000c         Data  Gb  vregs.o [4]
?w7                     0x00000e         Data  Gb  vregs.o [4]
ADC1_IRQHandler         0x00968a    0x1  Code  Gb  stm8s_it.o [1]
ARR                     0x00002e    0xa  Data  Gb  main.o [1]
AWU_IRQHandler          0x00967d    0x1  Code  Gb  stm8s_it.o [1]
BEEP_Cmd                0x009493    0xd  Code  Gb  stm8s_beep.o [1]
BEEP_Init               0x00905f   0x3d  Code  Gb  stm8s_beep.o [1]
CLK_IRQHandler          0x00967e    0x1  Code  Gb  stm8s_it.o [1]
CLK_SYSCLKConfig        0x008d87   0x5e  Code  Gb  stm8s_clk.o [1]
CRR                     0x000024    0xa  Data  Gb  main.o [1]
CSTACK$$Base            0x000300          --   Gb  - Linker created -
CSTACK$$Limit           0x000400          --   Gb  - Linker created -
DownValve               0x0080ed    0x6  Code  Gb  main.o [1]
EEPROM_EEC_IRQHandler   0x00968c    0x1  Code  Gb  stm8s_it.o [1]
EXTI_PORTA_IRQHandler   0x00967f    0x1  Code  Gb  stm8s_it.o [1]
EXTI_PORTB_IRQHandler   0x009680    0x1  Code  Gb  stm8s_it.o [1]
EXTI_PORTC_IRQHandler   0x009681    0x1  Code  Gb  stm8s_it.o [1]
EXTI_PORTD_IRQHandler   0x009682    0x1  Code  Gb  stm8s_it.o [1]
EXTI_PORTE_IRQHandler   0x009683    0x1  Code  Gb  stm8s_it.o [1]
ForwardBackwardCur      0x000042    0x2  Data  Gb  main.o [1]
ForwardBackwardNum      0x000040    0x2  Data  Gb  main.o [1]
ForwardMotor1           0x0081ab    0x6  Code  Gb  main.o [1]
GPIO_Init               0x008a4b   0xb1  Code  Gb  stm8s_gpio.o [1]
GPIO_ReadInputPin       0x0095f6    0x7  Code  Gb  stm8s_gpio.o [1]
GPIO_WriteHigh          0x0095ef    0x7  Code  Gb  stm8s_gpio.o [1]
GPIO_WriteLow           0x009669    0x4  Code  Gb  stm8s_gpio.o [1]
HT1632C_Init            0x00909c   0x3b  Code  Gb  HT1632.o [1]
HT1632C_Writer          0x0091b4   0x2c  Code  Gb  HT1632.o [1]
HT1632C_Writer_CMD      0x00941b   0x11  Code  Gb  HT1632.o [1]
HT1632C_clr             0x009112   0x3a  Code  Gb  HT1632.o [1]
I2C_IRQHandler          0x009689    0x1  Code  Gb  stm8s_it.o [1]
INTVEC$$Base            0x008000          --   Gb  - Linker created -
INTVEC$$Limit           0x008080          --   Gb  - Linker created -
KEYInit                 0x0080a2   0x32  Code  Gb  main.o [1]
MarginPulse             0x000038    0x2  Data  Gb  main.o [1]
MotorInit               0x0080f3   0x25  Code  Gb  main.o [1]
MovePulse               0x00003c    0x2  Data  Gb  main.o [1]
NumericDisplay_Init     0x008081   0x16  Code  Gb  main.o [1]
Region$$Table$$Base     0x009256          --   Gb  - Linker created -
Region$$Table$$Limit    0x009260          --   Gb  - Linker created -
ReverseMotor1           0x0081b1    0x6  Code  Gb  main.o [1]
SPI_IRQHandler          0x009684    0x1  Code  Gb  stm8s_it.o [1]
StartMotor1             0x00816e   0x1b  Code  Gb  main.o [1]
StartMotor2             0x0081e4   0x16  Code  Gb  main.o [1]
StopMotor1              0x008189   0x19  Code  Gb  main.o [1]
StopMotor2              0x00820a   0x1a  Code  Gb  main.o [1]
TIM1_ARRPreloadConfig   0x009334   0x16  Code  Gb  stm8s_tim1.o [1]
TIM1_CAP_COM_IRQHandler
                        0x009685    0x1  Code  Gb  stm8s_it.o [1]
TIM1_CCxCmd             0x008c32   0x7f  Code  Gb  stm8s_tim1.o [1]
TIM1_ClearITPendingBit  0x0092f0   0x18  Code  Gb  stm8s_tim1.o [1]
TIM1_Cmd                0x009308   0x16  Code  Gb  stm8s_tim1.o [1]
TIM1_CtrlPWMOutputs     0x00931e   0x16  Code  Gb  stm8s_tim1.o [1]
TIM1_ITConfig           0x009183   0x31  Code  Gb  stm8s_tim1.o [1]
TIM1_OC3Init            0x0088c4   0xc4  Code  Gb  stm8s_tim1.o [1]
TIM1_OC3PreloadConfig   0x00934a   0x16  Code  Gb  stm8s_tim1.o [1]
TIM1_PWM_Init           0x00812d   0x41  Code  Gb  main.o [1]
TIM1_SetCompare3        0x0095be    0x9  Code  Gb  stm8s_tim1.o [1]
TIM1_TimeBaseInit       0x008de5   0x4c  Code  Gb  stm8s_tim1.o [1]
TIM1_UPD_OVF_TRG_BRK_IRQHandler
                        0x008752  0x172  Code  Gb  stm8s_it.o [1]
TIM1_UPD_OVF_TRG_BRK_IRQHandler::bCancelFinished
                        0x000047    0x2  Data  Lc  stm8s_it.o [1]
TIM1_UPD_OVF_TRG_BRK_IRQHandler::count
                        0x000045    0x2  Data  Lc  stm8s_it.o [1]
TIM2_ARRPreloadConfig   0x009376   0x16  Code  Gb  stm8s_tim2.o [1]
TIM2_CAP_COM_IRQHandler
                        0x009686    0x1  Code  Gb  stm8s_it.o [1]
TIM2_CCxCmd             0x008d20   0x67  Code  Gb  stm8s_tim2.o [1]
TIM2_ClearITPendingBit  0x0092ba   0x1c  Code  Gb  stm8s_tim2.o [1]
TIM2_Cmd                0x009360   0x16  Code  Gb  stm8s_tim2.o [1]
TIM2_ITConfig           0x00914c   0x37  Code  Gb  stm8s_tim2.o [1]
TIM2_OC3Init            0x008cb1   0x6f  Code  Gb  stm8s_tim2.o [1]
TIM2_OC3PreloadConfig   0x00938c   0x16  Code  Gb  stm8s_tim2.o [1]
TIM2_PWM_Init           0x0081bd   0x27  Code  Gb  main.o [1]
TIM2_TimeBaseInit       0x00960b    0x7  Code  Gb  stm8s_tim2.o [1]
TIM2_UPD_OVF_BRK_IRQHandler
                        0x008e31   0x4a  Code  Gb  stm8s_it.o [1]
TIM2_UPD_OVF_BRK_IRQHandler::count2
                        0x000049    0x2  Data  Lc  stm8s_it.o [1]
TIM4_UPD_OVF_IRQHandler
                        0x00968b    0x1  Code  Gb  stm8s_it.o [1]
TLI_IRQHandler          0x00967c    0x1  Code  Gb  stm8s_it.o [1]
TRAP_IRQHandler         0x00967b    0x1  Code  Gb  stm8s_it.o [1]
TotalWidthPulse         0x00003e    0x2  Data  Gb  main.o [1]
UART1_RX_IRQHandler     0x009688    0x1  Code  Gb  stm8s_it.o [1]
UART1_TX_IRQHandler     0x009687    0x1  Code  Gb  stm8s_it.o [1]
UpValve                 0x0080e7    0x6  Code  Gb  main.o [1]
WidthPulse              0x00003a    0x2  Data  Gb  main.o [1]
__DebugBreak            0x00968d    0x1  Code  Gb  __dbg_break.o [3]
__exit                  0x0093f4   0x14  Code  Gb  __dbg_xxexit.o [3]
__iar_copy_init2        0x009209         Code  Gb  init_small.o [4]
__iar_data_init2        0x0093e0   0x14  Code  Gb  init.o [4]
__iar_program_start     0x009408         Code  Gb  cstartup.o [4]
__iar_unhandled_exception
                        0x009676         Code  Gb  unhandled_exception.o [4]
__intvec                0x008000         Data  Gb  interrupt.o [4]
__low_level_init        0x009670    0x3  Code  Gb  low_level_init.o [4]
_exit                   0x009650         Code  Gb  cexit.o [4]
_interrupt_1            0x00967b         Code  Gb  stm8s_it.o [1]
_interrupt_12           0x009684         Code  Gb  stm8s_it.o [1]
_interrupt_13           0x008752         Code  Gb  stm8s_it.o [1]
_interrupt_14           0x009685         Code  Gb  stm8s_it.o [1]
_interrupt_15           0x008e31         Code  Gb  stm8s_it.o [1]
_interrupt_16           0x009686         Code  Gb  stm8s_it.o [1]
_interrupt_19           0x009687         Code  Gb  stm8s_it.o [1]
_interrupt_2            0x00967c         Code  Gb  stm8s_it.o [1]
_interrupt_20           0x009688         Code  Gb  stm8s_it.o [1]
_interrupt_21           0x009689         Code  Gb  stm8s_it.o [1]
_interrupt_24           0x00968a         Code  Gb  stm8s_it.o [1]
_interrupt_25           0x00968b         Code  Gb  stm8s_it.o [1]
_interrupt_26           0x00968c         Code  Gb  stm8s_it.o [1]
_interrupt_3            0x00967d         Code  Gb  stm8s_it.o [1]
_interrupt_4            0x00967e         Code  Gb  stm8s_it.o [1]
_interrupt_5            0x00967f         Code  Gb  stm8s_it.o [1]
_interrupt_6            0x009680         Code  Gb  stm8s_it.o [1]
_interrupt_7            0x009681         Code  Gb  stm8s_it.o [1]
_interrupt_8            0x009682         Code  Gb  stm8s_it.o [1]
_interrupt_9            0x009683         Code  Gb  stm8s_it.o [1]
assert_failed           0x009679    0x2  Code  Gb  main.o [1]
bCancel                 0x000044    0x1  Data  Gb  main.o [1]
delay                   0x008080    0x1  Code  Gb  main.o [1]
display_height          0x008ec1   0x46  Code  Gb  HT1632.o [1]
display_margin          0x008988   0xc3  Code  Gb  HT1632.o [1]
display_width           0x008e7b   0x46  Code  Gb  HT1632.o [1]
exit                    0x009673    0x3  Code  Gb  exit.o [4]
g_height                0x000022    0x2  Data  Gb  main.o [1]
g_margin                0x00001e    0x2  Data  Gb  main.o [1]
g_width                 0x000020    0x2  Data  Gb  main.o [1]
main                    0x008224  0x236  Code  Gb  main.o [1]
tab                     0x000010    0xe  Data  Gb  HT1632.o [1]


[1] = F:\dajiaoji\workspace\Dajiao\Debug\Obj
[2] = command line
[3] = dbgstm8smd.a
[4] = dlstm8smn.a

  5 233 bytes of readonly  code memory
    541 bytes of readonly  data memory
    331 bytes of readwrite data memory

Errors: none
Warnings: none
