###############################################################################
#
# IAR ELF Linker V3.11.1.207 for STM8                     18/Aug/2020  00:02:33
# Copyright 2010-2019 IAR Systems AB.
#
#    Output file  =  F:\dajiaoji\workspace\Dajiao\Debug\Exe\stm8.out
#    Map file     =  F:\dajiaoji\workspace\Dajiao\Debug\List\stm8.map
#    Command line =  
#        -f C:\Users\pc\AppData\Local\Temp\EW48C2.tmp
#        (F:\dajiaoji\workspace\Dajiao\Debug\Obj\HT1632.o
#        F:\dajiaoji\workspace\Dajiao\Debug\Obj\main.o
#        F:\dajiaoji\workspace\Dajiao\Debug\Obj\stm8s_adc1.o
#        F:\dajiaoji\workspace\Dajiao\Debug\Obj\stm8s_awu.o
#        F:\dajiaoji\workspace\Dajiao\Debug\Obj\stm8s_beep.o
#        F:\dajiaoji\workspace\Dajiao\Debug\Obj\stm8s_clk.o
#        F:\dajiaoji\workspace\Dajiao\Debug\Obj\stm8s_exti.o
#        F:\dajiaoji\workspace\Dajiao\Debug\Obj\stm8s_flash.o
#        F:\dajiaoji\workspace\Dajiao\Debug\Obj\stm8s_gpio.o
#        F:\dajiaoji\workspace\Dajiao\Debug\Obj\stm8s_i2c.o
#        F:\dajiaoji\workspace\Dajiao\Debug\Obj\stm8s_it.o
#        F:\dajiaoji\workspace\Dajiao\Debug\Obj\stm8s_itc.o
#        F:\dajiaoji\workspace\Dajiao\Debug\Obj\stm8s_iwdg.o
#        F:\dajiaoji\workspace\Dajiao\Debug\Obj\stm8s_rst.o
#        F:\dajiaoji\workspace\Dajiao\Debug\Obj\stm8s_spi.o
#        F:\dajiaoji\workspace\Dajiao\Debug\Obj\stm8s_tim1.o
#        F:\dajiaoji\workspace\Dajiao\Debug\Obj\stm8s_tim2.o
#        F:\dajiaoji\workspace\Dajiao\Debug\Obj\stm8s_tim4.o
#        F:\dajiaoji\workspace\Dajiao\Debug\Obj\stm8s_uart1.o
#        F:\dajiaoji\workspace\Dajiao\Debug\Obj\stm8s_wwdg.o --redirect
#        _Printf=_PrintfSmall --redirect _Scanf=_ScanfSmall --no_out_extension
#        -o F:\dajiaoji\workspace\Dajiao\Debug\Exe\stm8.out --map
#        F:\dajiaoji\workspace\Dajiao\Debug\List\stm8.map --config "C:\Program
#        Files (x86)\IAR Systems\Embedded Workbench
#        8.3\stm8\config\lnkstm8s003k3.icf" --config_def _CSTACK_SIZE=0x100
#        --config_def _HEAP_SIZE=0x100 --entry __iar_program_start --debug_lib)
#
###############################################################################

*******************************************************************************
*** RUNTIME MODEL ATTRIBUTES
***

__SystemLibrary            = DLib
__code_model               = small
__core                     = stm8
__data_model               = medium
__dlib_file_descriptor     = 0
__dlib_full_locale_support = 0
__rt_version               = 4


*******************************************************************************
*** PLACEMENT SUMMARY
***

"A0":  place at start of [0x000000-0x0000ff] { rw section .vregs };
"A1":  place at end of [0x000000-0x0003ff] { block CSTACK };
"P2":  place in [from 0x000000 to 0x0003ff] {
          block HEAP, rw section __DLIB_PERTHREAD, rw section .far.bss,
          rw section .far.data, rw section .far.noinit,
          rw section .far_func.textrw, rw section .huge.bss,
          rw section .huge.data, rw section .huge.noinit,
          rw section .huge_func.textrw, rw section .iar.dynexit,
          rw section .near.bss, rw section .near.data, rw section .near.noinit,
          rw section .near_func.textrw };
"A2":  place at start of [0x008000-0x009fff] { block INTVEC };
"P3":  place in [from 0x008000 to 0x009fff] {
          ro section __DLIB_PERTHREAD_init, ro section .far.data_init,
          ro section .far_func.textrw_init, ro section .huge.data_init,
          ro section .huge_func.textrw_init, ro section .iar.init_table,
          ro section .init_array, ro section .near.data_init,
          ro section .near.rodata, ro section .near_func.text,
          ro section .near_func.textrw_init, ro section .tiny.data_init,
          ro section .tiny.rodata_init };
"P4":  place in [from 0x008000 to 0x009fff] {
          ro section .far.rodata, ro section .far_func.text };
"P5":  place in [from 0x008000 to 0x009fff] {
          ro section .huge.rodata, ro section .huge_func.text };
do not initialize {
   rw section .eeprom.noinit, rw section .far.noinit, rw section .huge.noinit,
   rw section .near.noinit, rw section .tiny.noinit, rw section .vregs };
initialize by copy {
   rw section .far.bss, rw section .far.data, rw section .far_func.textrw,
   rw section .huge.bss, rw section .huge.data, rw section .huge_func.textrw,
   rw section .iar.dynexit, rw section .near.bss, rw section .near.data,
   rw section .near_func.textrw, rw section .tiny.bss, rw section .tiny.data,
   ro section .tiny.rodata };

No sections matched the following patterns:

  ro section .far.data_init          in "P3-P5"
  ro section .far.rodata             in "P3-P5"
  ro section .far_func.text          in "P3-P5"
  ro section .far_func.textrw_init   in "P3-P5"
  ro section .huge.data_init         in "P3-P5"
  ro section .huge.rodata            in "P3-P5"
  ro section .huge_func.text         in "P3-P5"
  ro section .huge_func.textrw_init  in "P3-P5"
  ro section .iar.init_table         in "P3-P5"
  ro section .init_array             in "P3-P5"
  ro section .near_func.textrw_init  in "P3-P5"
  ro section .tiny.data_init         in "P3-P5"
  ro section .tiny.rodata_init       in "P3-P5"
  ro section __DLIB_PERTHREAD_init   in "P3-P5"
  rw section .far.bss                in "P2"
  rw section .far.data               in "P2"
  rw section .far.noinit             in "P2"
  rw section .far_func.textrw        in "P2"
  rw section .huge.bss               in "P2"
  rw section .huge.data              in "P2"
  rw section .huge.noinit            in "P2"
  rw section .huge_func.textrw       in "P2"
  rw section .iar.dynexit            in "P2"
  rw section .near.noinit            in "P2"
  rw section .near_func.textrw       in "P2"
  rw section .tiny.bss               in "P1"
  rw section .tiny.data              in "P1"
  rw section .tiny.noinit            in "P1"
  rw section .tiny.rodata            in "P1"
  rw section __DLIB_PERTHREAD        in "P2"
  section .eeprom.data               in "P6-P8"
  section .eeprom.noinit             in "P6-P8"
  section .eeprom.rodata             in "P6-P8"


  Section            Kind      Address    Size  Object
  -------            ----      -------    ----  ------
"A0":                                     0x10
  .vregs             uninit   0x000000    0x10  vregs.o [4]
                            - 0x000010    0x10

"P2":                                     0x3b
  P2-1                        0x000010    0x3b  <Init block>
    .near.data       inited   0x000010     0xe  HT1632.o [1]
    .near.data       inited   0x00001e     0x2  main.o [1]
    .near.data       inited   0x000020     0x2  main.o [1]
    .near.data       inited   0x000022     0x2  main.o [1]
    .near.data       inited   0x000024     0x2  main.o [1]
    .near.data       inited   0x000026     0xa  stm8s_it.o [1]
    .near.data       inited   0x000030     0xa  stm8s_it.o [1]
    .near.bss        inited   0x00003a     0x2  main.o [1]
    .near.bss        inited   0x00003c     0x2  main.o [1]
    .near.bss        inited   0x00003e     0x2  main.o [1]
    .near.bss        inited   0x000040     0x2  main.o [1]
    .near.bss        inited   0x000042     0x2  main.o [1]
    .near.bss        inited   0x000044     0x2  main.o [1]
    .near.bss        inited   0x000046     0x1  main.o [1]
    .near.bss        inited   0x000047     0x2  stm8s_it.o [1]
    .near.bss        inited   0x000049     0x2  stm8s_it.o [1]
                            - 0x00004b    0x3b

"A1":                                    0x100
  CSTACK                      0x000300   0x100  <Block>
    CSTACK           uninit   0x000300   0x100  <Block tail>
                            - 0x000400   0x100

"A2":                                     0x80
  INTVEC                      0x008000    0x80  <Block>
    .intvec          const    0x008000    0x80  interrupt.o [4]
                            - 0x008080    0x80

"P3-P5":                                0x158a
  .near_func.text    ro code  0x008080   0x421  main.o [1]
  .near_func.text    ro code  0x0084a1   0x293  float.o [4]
  .near_func.text    ro code  0x008734   0x118  stm8s_it.o [1]
  .near_func.text    ro code  0x00884c    0xc4  stm8s_tim1.o [1]
  .near_func.text    ro code  0x008910    0xc3  HT1632.o [1]
  .near_func.text    ro code  0x0089d3    0xb1  stm8s_gpio.o [1]
  .near_func.text    ro code  0x008a84    0xb1  vreg_util.o [4]
  .near_func.text    ro code  0x008b35    0x85  long.o [4]
  .near_func.text    ro code  0x008bba    0x7f  stm8s_tim1.o [1]
  .near_func.text    ro code  0x008c39    0x6f  stm8s_tim2.o [1]
  .near_func.text    ro code  0x008ca8    0x67  stm8s_tim2.o [1]
  .near_func.text    ro code  0x008d0f    0x5e  stm8s_clk.o [1]
  .near_func.text    ro code  0x008d6d    0x50  stm8s_it.o [1]
  .near_func.text    ro code  0x008dbd    0x4c  stm8s_tim1.o [1]
  .near_func.text    ro code  0x008e09    0x46  HT1632.o [1]
  .near_func.text    ro code  0x008e4f    0x46  HT1632.o [1]
  .near.rodata       const    0x008e95    0x45  stm8s_beep.o [1]
  .near.rodata       const    0x008eda    0x45  stm8s_gpio.o [1]
  .near.rodata       const    0x008f1f    0x45  stm8s_tim1.o [1]
  .near.rodata       const    0x008f64    0x45  stm8s_tim2.o [1]
  .near.rodata       const    0x008fa9    0x44  stm8s_clk.o [1]
  .near_func.text    ro code  0x008fed    0x3e  short.o [4]
  .near_func.text    ro code  0x00902b    0x3d  stm8s_beep.o [1]
  .near_func.text    ro code  0x009068    0x3b  HT1632.o [1]
  Initializer bytes  const    0x0090a3    0x3b  <for P2-1>
  .near_func.text    ro code  0x0090de    0x3a  HT1632.o [1]
  .near_func.text    ro code  0x009118    0x37  stm8s_tim2.o [1]
  .near_func.text    ro code  0x00914f    0x31  stm8s_tim1.o [1]
  .near_func.text    ro code  0x009180    0x2c  HT1632.o [1]
  .near_func.text    ro code  0x0091ac    0x29  HT1632.o [1]
  .near_func.text    ro code  0x0091d5    0x28  init_small.o [4]
  .iar.init_table    const    0x0091fd     0xa  - Linker created -
  .near_func.text    ro code  0x009207    0x1f  HT1632.o [1]
  .near_func.text    ro code  0x009226    0x1f  stm8s_tim1.o [1]
  .near_func.text    ro code  0x009245    0x1c  HT1632.o [1]
  .near_func.text    ro code  0x009261    0x1c  stm8s_tim2.o [1]
  .near_func.text    ro code  0x00927d    0x1a  HT1632.o [1]
  .near_func.text    ro code  0x009297    0x18  stm8s_tim1.o [1]
  .near_func.text    ro code  0x0092af    0x16  stm8s_tim1.o [1]
  .near_func.text    ro code  0x0092c5    0x16  stm8s_tim1.o [1]
  .near_func.text    ro code  0x0092db    0x16  stm8s_tim1.o [1]
  .near_func.text    ro code  0x0092f1    0x16  stm8s_tim1.o [1]
  .near_func.text    ro code  0x009307    0x16  stm8s_tim2.o [1]
  .near_func.text    ro code  0x00931d    0x16  stm8s_tim2.o [1]
  .near_func.text    ro code  0x009333    0x16  stm8s_tim2.o [1]
  .near_func.text    ro code  0x009349    0x15  HT1632.o [1]
  .near_func.text    ro code  0x00935e    0x15  stm8s_tim1.o [1]
  .near_func.text    ro code  0x009373    0x14  HT1632.o [1]
  .near_func.text    ro code  0x009387    0x14  init.o [4]
  .near_func.text    ro code  0x00939b    0x14  __dbg_xxexit.o [3]
  .near_func.text    ro code  0x0093af    0x13  cstartup.o [4]
  .near_func.text    ro code  0x0093c2    0x11  HT1632.o [1]
  .near_func.text    ro code  0x0093d3    0x11  HT1632.o [1]
  .near_func.text    ro code  0x0093e4    0x11  HT1632.o [1]
  .near_func.text    ro code  0x0093f5     0xf  stm8s_tim1.o [1]
  .near_func.text    ro code  0x009404     0xf  stm8s_tim2.o [1]
  .near_func.text    ro code  0x009413     0xd  HT1632.o [1]
  .near_func.text    ro code  0x009420     0xd  HT1632.o [1]
  .near_func.text    ro code  0x00942d     0xd  HT1632.o [1]
  .near_func.text    ro code  0x00943a     0xd  stm8s_beep.o [1]
  .near_func.text    ro code  0x009447     0xd  stm8s_tim2.o [1]
  .near_func.text    ro code  0x009454     0xd  dc_util.o [4]
  .near_func.text    ro code  0x009461     0xc  HT1632.o [1]
  .near_func.text    ro code  0x00946d     0xc  HT1632.o [1]
  .near_func.text    ro code  0x009479     0xc  main.o [1]
  .near_func.text    ro code  0x009485     0xc  long_util.o [4]
  .near_func.text    ro code  0x009491     0xb  HT1632.o [1]
  .near_func.text    ro code  0x00949c     0xb  main.o [1]
  .near_func.text    ro code  0x0094a7     0xb  stm8s_beep.o [1]
  .near_func.text    ro code  0x0094b2     0xb  stm8s_clk.o [1]
  .near_func.text    ro code  0x0094bd     0xb  stm8s_gpio.o [1]
  .near_func.text    ro code  0x0094c8     0xb  stm8s_tim1.o [1]
  .near_func.text    ro code  0x0094d3     0xb  stm8s_tim2.o [1]
  .near_func.text    ro code  0x0094de     0xb  stm8s_tim2.o [1]
  .near_func.text    ro code  0x0094e9     0x9  HT1632.o [1]
  .near_func.text    ro code  0x0094f2     0x9  HT1632.o [1]
  .near_func.text    ro code  0x0094fb     0x9  HT1632.o [1]
  .near_func.text    ro code  0x009504     0x9  HT1632.o [1]
  .near_func.text    ro code  0x00950d     0x9  HT1632.o [1]
  .near_func.text    ro code  0x009516     0x9  main.o [1]
  .near_func.text    ro code  0x00951f     0x9  main.o [1]
  .near_func.text    ro code  0x009528     0x9  stm8s_beep.o [1]
  .near_func.text    ro code  0x009531     0x9  stm8s_clk.o [1]
  .near_func.text    ro code  0x00953a     0x9  stm8s_tim1.o [1]
  .near_func.text    ro code  0x009543     0x9  stm8s_tim2.o [1]
  .near_func.text    ro code  0x00954c     0x8  HT1632.o [1]
  .near_func.text    ro code  0x009554     0x8  HT1632.o [1]
  .near_func.text    ro code  0x00955c     0x8  stm8s_tim1.o [1]
  .near_func.text    ro code  0x009564     0x7  HT1632.o [1]
  .near_func.text    ro code  0x00956b     0x7  stm8s_gpio.o [1]
  .near_func.text    ro code  0x009572     0x7  stm8s_gpio.o [1]
  .near_func.text    ro code  0x009579     0x7  stm8s_it.o [1]
  .near_func.text    ro code  0x009580     0x7  stm8s_tim1.o [1]
  .near_func.text    ro code  0x009587     0x7  stm8s_tim2.o [1]
  .near_func.text    ro code  0x00958e     0x6  HT1632.o [1]
  .near_func.text    ro code  0x009594     0x6  HT1632.o [1]
  .near_func.text    ro code  0x00959a     0x6  HT1632.o [1]
  .near_func.text    ro code  0x0095a0     0x6  HT1632.o [1]
  .near_func.text    ro code  0x0095a6     0x6  main.o [1]
  .near_func.text    ro code  0x0095ac     0x6  main.o [1]
  .near_func.text    ro code  0x0095b2     0x6  stm8s_tim1.o [1]
  .near_func.text    ro code  0x0095b8     0x5  HT1632.o [1]
  .near_func.text    ro code  0x0095bd     0x5  HT1632.o [1]
  .near_func.text    ro code  0x0095c2     0x5  main.o [1]
  .near_func.text    ro code  0x0095c7     0x5  stm8s_tim1.o [1]
  .near_func.text    ro code  0x0095cc     0x5  cexit.o [4]
  .near_func.text    ro code  0x0095d1     0x4  HT1632.o [1]
  .near_func.text    ro code  0x0095d5     0x4  HT1632.o [1]
  .near_func.text    ro code  0x0095d9     0x4  HT1632.o [1]
  .near_func.text    ro code  0x0095dd     0x4  HT1632.o [1]
  .near_func.text    ro code  0x0095e1     0x4  HT1632.o [1]
  .near_func.text    ro code  0x0095e5     0x4  stm8s_gpio.o [1]
  .near_func.text    ro code  0x0095e9     0x3  interrupt.o [4]
  .near_func.text    ro code  0x0095ec     0x3  low_level_init.o [4]
  .near_func.text    ro code  0x0095ef     0x3  exit.o [4]
  .near_func.text    ro code  0x0095f2     0x3  unhandled_exception.o [4]
  .near_func.text    ro code  0x0095f5     0x2  main.o [1]
  .near_func.text    ro code  0x0095f7     0x1  stm8s_it.o [1]
  .near_func.text    ro code  0x0095f8     0x1  stm8s_it.o [1]
  .near_func.text    ro code  0x0095f9     0x1  stm8s_it.o [1]
  .near_func.text    ro code  0x0095fa     0x1  stm8s_it.o [1]
  .near_func.text    ro code  0x0095fb     0x1  stm8s_it.o [1]
  .near_func.text    ro code  0x0095fc     0x1  stm8s_it.o [1]
  .near_func.text    ro code  0x0095fd     0x1  stm8s_it.o [1]
  .near_func.text    ro code  0x0095fe     0x1  stm8s_it.o [1]
  .near_func.text    ro code  0x0095ff     0x1  stm8s_it.o [1]
  .near_func.text    ro code  0x009600     0x1  stm8s_it.o [1]
  .near_func.text    ro code  0x009601     0x1  stm8s_it.o [1]
  .near_func.text    ro code  0x009602     0x1  stm8s_it.o [1]
  .near_func.text    ro code  0x009603     0x1  stm8s_it.o [1]
  .near_func.text    ro code  0x009604     0x1  stm8s_it.o [1]
  .near_func.text    ro code  0x009605     0x1  stm8s_it.o [1]
  .near_func.text    ro code  0x009606     0x1  stm8s_it.o [1]
  .near_func.text    ro code  0x009607     0x1  stm8s_it.o [1]
  .near_func.text    ro code  0x009608     0x1  stm8s_it.o [1]
  .near_func.text    ro code  0x009609     0x1  __dbg_break.o [3]
                            - 0x00960a  0x158a


*******************************************************************************
*** INIT TABLE
***

          Address   Size
          -------   ----
Copy (__iar_copy_init2)
    1 source range, total size 0x3b:
          0x0090a3  0x3b
    1 destination range, total size 0x3b:
          0x000010  0x3b



*******************************************************************************
*** MODULE SUMMARY
***

    Module                 ro code  ro data  rw data
    ------                 -------  -------  -------
F:\dajiaoji\workspace\Dajiao\Debug\Obj: [1]
    HT1632.o                   910       14       14
    main.o                   1 117       21       21
    stm8s_beep.o                94       69
    stm8s_clk.o                114       68
    stm8s_gpio.o               206       69
    stm8s_it.o                 385       24       24
    stm8s_tim1.o               673       69
    stm8s_tim2.o               429       69
    ------------------------------------------------
    Total:                   3 928      403       59

command line: [2]
    ------------------------------------------------
    Total:

dbgstm8smd.a: [3]
    __dbg_break.o                1
    __dbg_xxexit.o              20
    ------------------------------------------------
    Total:                      21

dlstm8smn.a: [4]
    cexit.o                      5
    cstartup.o                  19
    dc_util.o                   13
    exit.o                       3
    float.o                    659
    init.o                      20
    init_small.o                40
    interrupt.o                  3      128
    long.o                     133
    long_util.o                 12
    low_level_init.o             3
    short.o                     62
    unhandled_exception.o        3
    vreg_util.o                177
    vregs.o                                       16
    ------------------------------------------------
    Total:                   1 152      128       16

    Linker created                       10      256
----------------------------------------------------
    Grand Total:             5 101      541      331


*******************************************************************************
*** ENTRY LIST
***

Entry                    Address   Size  Type      Object
-----                    -------   ----  ----      ------
.iar.init_table$$Base   0x0091fd          --   Gb  - Linker created -
.iar.init_table$$Limit  0x009207          --   Gb  - Linker created -
?b0                     0x000000         Data  Gb  vregs.o [4]
?b1                     0x000001         Data  Gb  vregs.o [4]
?b10                    0x00000a         Data  Gb  vregs.o [4]
?b11                    0x00000b         Data  Gb  vregs.o [4]
?b12                    0x00000c         Data  Gb  vregs.o [4]
?b13                    0x00000d         Data  Gb  vregs.o [4]
?b14                    0x00000e         Data  Gb  vregs.o [4]
?b15                    0x00000f         Data  Gb  vregs.o [4]
?b2                     0x000002         Data  Gb  vregs.o [4]
?b3                     0x000003         Data  Gb  vregs.o [4]
?b4                     0x000004         Data  Gb  vregs.o [4]
?b5                     0x000005         Data  Gb  vregs.o [4]
?b6                     0x000006         Data  Gb  vregs.o [4]
?b7                     0x000007         Data  Gb  vregs.o [4]
?b8                     0x000008         Data  Gb  vregs.o [4]
?b9                     0x000009         Data  Gb  vregs.o [4]
?dc32_l1                0x009454         Code  Gb  dc_util.o [4]
?e0                     0x000001         Data  Gb  vregs.o [4]
?e1                     0x000005         Data  Gb  vregs.o [4]
?e2                     0x000009         Data  Gb  vregs.o [4]
?e3                     0x00000d         Data  Gb  vregs.o [4]
?epilogue_l2            0x008b0c         Code  Gb  vreg_util.o [4]
?epilogue_l2_w6         0x008b10         Code  Gb  vreg_util.o [4]
?epilogue_w4            0x008b17         Code  Gb  vreg_util.o [4]
?fcastf32u16_l0_x       0x0085f4         Code  Gb  float.o [4]
?fcasts16f32_x_l0       0x008612         Code  Gb  float.o [4]
?fdiv32_l0_l0_dc32      0x008541         Code  Gb  float.o [4]
?fdiv32_l0_l0_l1        0x008546         Code  Gb  float.o [4]
?fmul32_l0_l0_dc32      0x0084a1         Code  Gb  float.o [4]
?fmul32_l0_l0_l1        0x0084a6         Code  Gb  float.o [4]
?inc32_0x_0x            0x008b3a         Code  Gb  long.o [4]
?inc32_l2_l2            0x008b35         Code  Gb  long.o [4]
?l0                     0x000000         Data  Gb  vregs.o [4]
?l1                     0x000004         Data  Gb  vregs.o [4]
?l2                     0x000008         Data  Gb  vregs.o [4]
?l3                     0x00000c         Data  Gb  vregs.o [4]
?load32_l1_0x           0x009485         Code  Gb  long_util.o [4]
?mov_e0_e1              0x008b1e         Code  Gb  vreg_util.o [4]
?mov_e0_e2              0x008b2b         Code  Gb  vreg_util.o [4]
?mov_l0_l1              0x008b1b         Code  Gb  vreg_util.o [4]
?mov_l0_l2              0x008b28         Code  Gb  vreg_util.o [4]
?mov_w1_w3              0x008b21         Code  Gb  vreg_util.o [4]
?mov_w1_w5              0x008b2e         Code  Gb  vreg_util.o [4]
?pop_l0                 0x008ae3         Code  Gb  vreg_util.o [4]
?pop_l1                 0x008aee         Code  Gb  vreg_util.o [4]
?pop_l2                 0x008af9         Code  Gb  vreg_util.o [4]
?pop_w4                 0x008aa1         Code  Gb  vreg_util.o [4]
?pop_w6                 0x008aa8         Code  Gb  vreg_util.o [4]
?push_l0                0x008ab7         Code  Gb  vreg_util.o [4]
?push_l1                0x008abc         Code  Gb  vreg_util.o [4]
?push_l2                0x008ac1         Code  Gb  vreg_util.o [4]
?push_w4                0x008a84         Code  Gb  vreg_util.o [4]
?push_w6                0x008a89         Code  Gb  vreg_util.o [4]
?sdiv16_x_x_y           0x008fed         Code  Gb  short.o [4]
?sll16_x_x_a            0x009016         Code  Gb  short.o [4]
?smod16_y_x_y           0x009006         Code  Gb  short.o [4]
?sra16_x_x_a            0x00901e         Code  Gb  short.o [4]
?srl16_x_x_4            0x009026         Code  Gb  short.o [4]
?udiv32_l0_l0_l1        0x008b4d         Code  Gb  long.o [4]
?umod32_l1_l0_dl        0x008b48         Code  Gb  long.o [4]
?umod32_l1_l0_l1        0x008b4d         Code  Gb  long.o [4]
?w0                     0x000000         Data  Gb  vregs.o [4]
?w1                     0x000002         Data  Gb  vregs.o [4]
?w2                     0x000004         Data  Gb  vregs.o [4]
?w3                     0x000006         Data  Gb  vregs.o [4]
?w4                     0x000008         Data  Gb  vregs.o [4]
?w5                     0x00000a         Data  Gb  vregs.o [4]
?w6                     0x00000c         Data  Gb  vregs.o [4]
?w7                     0x00000e         Data  Gb  vregs.o [4]
ADC1_IRQHandler         0x009606    0x1  Code  Gb  stm8s_it.o [1]
ARR                     0x000030    0xa  Data  Gb  stm8s_it.o [1]
AWU_IRQHandler          0x0095f9    0x1  Code  Gb  stm8s_it.o [1]
BEEP_Cmd                0x00943a    0xd  Code  Gb  stm8s_beep.o [1]
BEEP_Init               0x00902b   0x3d  Code  Gb  stm8s_beep.o [1]
CLK_IRQHandler          0x0095fa    0x1  Code  Gb  stm8s_it.o [1]
CLK_SYSCLKConfig        0x008d0f   0x5e  Code  Gb  stm8s_clk.o [1]
CRR                     0x000026    0xa  Data  Gb  stm8s_it.o [1]
CSTACK$$Base            0x000300          --   Gb  - Linker created -
CSTACK$$Limit           0x000400          --   Gb  - Linker created -
EEPROM_EEC_IRQHandler   0x009608    0x1  Code  Gb  stm8s_it.o [1]
EXTI_PORTA_IRQHandler   0x0095fb    0x1  Code  Gb  stm8s_it.o [1]
EXTI_PORTB_IRQHandler   0x0095fc    0x1  Code  Gb  stm8s_it.o [1]
EXTI_PORTC_IRQHandler   0x0095fd    0x1  Code  Gb  stm8s_it.o [1]
EXTI_PORTD_IRQHandler   0x0095fe    0x1  Code  Gb  stm8s_it.o [1]
EXTI_PORTE_IRQHandler   0x0095ff    0x1  Code  Gb  stm8s_it.o [1]
ForwardBackwardCur      0x000044    0x2  Data  Gb  main.o [1]
ForwardBackwardNum      0x000042    0x2  Data  Gb  main.o [1]
ForwardMotor1           0x0081a7    0x6  Code  Gb  main.o [1]
Fpwm                    0x000024    0x2  Data  Gb  main.o [1]
GPIO_Init               0x0089d3   0xb1  Code  Gb  stm8s_gpio.o [1]
GPIO_ReadInputPin       0x009572    0x7  Code  Gb  stm8s_gpio.o [1]
GPIO_WriteHigh          0x00956b    0x7  Code  Gb  stm8s_gpio.o [1]
GPIO_WriteLow           0x0095e5    0x4  Code  Gb  stm8s_gpio.o [1]
HT1632C_Init            0x009068   0x3b  Code  Gb  HT1632.o [1]
HT1632C_Writer          0x009180   0x2c  Code  Gb  HT1632.o [1]
HT1632C_Writer_CMD      0x0093c2   0x11  Code  Gb  HT1632.o [1]
HT1632C_clr             0x0090de   0x3a  Code  Gb  HT1632.o [1]
I2C_IRQHandler          0x009605    0x1  Code  Gb  stm8s_it.o [1]
INTVEC$$Base            0x008000          --   Gb  - Linker created -
INTVEC$$Limit           0x008080          --   Gb  - Linker created -
KEYInit                 0x0080a2   0x32  Code  Gb  main.o [1]
MarginPulse             0x00003a    0x2  Data  Gb  main.o [1]
MotorInit               0x0080dd   0x25  Code  Gb  main.o [1]
MovePulse               0x00003e    0x2  Data  Gb  main.o [1]
NumericDisplay_Init     0x008081   0x16  Code  Gb  main.o [1]
Region$$Table$$Base     0x0091fd          --   Gb  - Linker created -
Region$$Table$$Limit    0x009207          --   Gb  - Linker created -
ReverseMotor1           0x0081ad    0x6  Code  Gb  main.o [1]
SPI_IRQHandler          0x009600    0x1  Code  Gb  stm8s_it.o [1]
StartMotor1             0x00816a   0x1b  Code  Gb  main.o [1]
StartMotor2             0x0081e0   0x16  Code  Gb  main.o [1]
StopMotor1              0x008185   0x19  Code  Gb  main.o [1]
StopMotor2              0x008206   0x1a  Code  Gb  main.o [1]
TIM1_ARRPreloadConfig   0x0092db   0x16  Code  Gb  stm8s_tim1.o [1]
TIM1_CAP_COM_IRQHandler
                        0x009601    0x1  Code  Gb  stm8s_it.o [1]
TIM1_CCxCmd             0x008bba   0x7f  Code  Gb  stm8s_tim1.o [1]
TIM1_ClearITPendingBit  0x009297   0x18  Code  Gb  stm8s_tim1.o [1]
TIM1_Cmd                0x0092af   0x16  Code  Gb  stm8s_tim1.o [1]
TIM1_CtrlPWMOutputs     0x0092c5   0x16  Code  Gb  stm8s_tim1.o [1]
TIM1_ITConfig           0x00914f   0x31  Code  Gb  stm8s_tim1.o [1]
TIM1_OC3Init            0x00884c   0xc4  Code  Gb  stm8s_tim1.o [1]
TIM1_OC3PreloadConfig   0x0092f1   0x16  Code  Gb  stm8s_tim1.o [1]
TIM1_PWM_Init           0x008117   0x49  Code  Gb  main.o [1]
TIM1_SetCompare3        0x00953a    0x9  Code  Gb  stm8s_tim1.o [1]
TIM1_TimeBaseInit       0x008dbd   0x4c  Code  Gb  stm8s_tim1.o [1]
TIM1_UPD_OVF_TRG_BRK_IRQHandler
                        0x008734  0x118  Code  Gb  stm8s_it.o [1]
TIM1_UPD_OVF_TRG_BRK_IRQHandler::count
                        0x000047    0x2  Data  Lc  stm8s_it.o [1]
TIM2_ARRPreloadConfig   0x00931d   0x16  Code  Gb  stm8s_tim2.o [1]
TIM2_CAP_COM_IRQHandler
                        0x009602    0x1  Code  Gb  stm8s_it.o [1]
TIM2_CCxCmd             0x008ca8   0x67  Code  Gb  stm8s_tim2.o [1]
TIM2_ClearITPendingBit  0x009261   0x1c  Code  Gb  stm8s_tim2.o [1]
TIM2_Cmd                0x009307   0x16  Code  Gb  stm8s_tim2.o [1]
TIM2_ITConfig           0x009118   0x37  Code  Gb  stm8s_tim2.o [1]
TIM2_OC3Init            0x008c39   0x6f  Code  Gb  stm8s_tim2.o [1]
TIM2_OC3PreloadConfig   0x009333   0x16  Code  Gb  stm8s_tim2.o [1]
TIM2_PWM_Init           0x0081b9   0x27  Code  Gb  main.o [1]
TIM2_TimeBaseInit       0x009587    0x7  Code  Gb  stm8s_tim2.o [1]
TIM2_UPD_OVF_BRK_IRQHandler
                        0x008d6d   0x50  Code  Gb  stm8s_it.o [1]
TIM2_UPD_OVF_BRK_IRQHandler::count2
                        0x000049    0x2  Data  Lc  stm8s_it.o [1]
TIM4_UPD_OVF_IRQHandler
                        0x009607    0x1  Code  Gb  stm8s_it.o [1]
TLI_IRQHandler          0x0095f8    0x1  Code  Gb  stm8s_it.o [1]
TRAP_IRQHandler         0x0095f7    0x1  Code  Gb  stm8s_it.o [1]
TotalWidthPulse         0x000040    0x2  Data  Gb  main.o [1]
UART1_RX_IRQHandler     0x009604    0x1  Code  Gb  stm8s_it.o [1]
UART1_TX_IRQHandler     0x009603    0x1  Code  Gb  stm8s_it.o [1]
WidthPulse              0x00003c    0x2  Data  Gb  main.o [1]
__DebugBreak            0x009609    0x1  Code  Gb  __dbg_break.o [3]
__exit                  0x00939b   0x14  Code  Gb  __dbg_xxexit.o [3]
__iar_copy_init2        0x0091d5         Code  Gb  init_small.o [4]
__iar_data_init2        0x009387   0x14  Code  Gb  init.o [4]
__iar_program_start     0x0093af         Code  Gb  cstartup.o [4]
__iar_unhandled_exception
                        0x0095f2         Code  Gb  unhandled_exception.o [4]
__intvec                0x008000         Data  Gb  interrupt.o [4]
__low_level_init        0x0095ec    0x3  Code  Gb  low_level_init.o [4]
_exit                   0x0095cc         Code  Gb  cexit.o [4]
_interrupt_1            0x0095f7         Code  Gb  stm8s_it.o [1]
_interrupt_12           0x009600         Code  Gb  stm8s_it.o [1]
_interrupt_13           0x008734         Code  Gb  stm8s_it.o [1]
_interrupt_14           0x009601         Code  Gb  stm8s_it.o [1]
_interrupt_15           0x008d6d         Code  Gb  stm8s_it.o [1]
_interrupt_16           0x009602         Code  Gb  stm8s_it.o [1]
_interrupt_19           0x009603         Code  Gb  stm8s_it.o [1]
_interrupt_2            0x0095f8         Code  Gb  stm8s_it.o [1]
_interrupt_20           0x009604         Code  Gb  stm8s_it.o [1]
_interrupt_21           0x009605         Code  Gb  stm8s_it.o [1]
_interrupt_24           0x009606         Code  Gb  stm8s_it.o [1]
_interrupt_25           0x009607         Code  Gb  stm8s_it.o [1]
_interrupt_26           0x009608         Code  Gb  stm8s_it.o [1]
_interrupt_3            0x0095f9         Code  Gb  stm8s_it.o [1]
_interrupt_4            0x0095fa         Code  Gb  stm8s_it.o [1]
_interrupt_5            0x0095fb         Code  Gb  stm8s_it.o [1]
_interrupt_6            0x0095fc         Code  Gb  stm8s_it.o [1]
_interrupt_7            0x0095fd         Code  Gb  stm8s_it.o [1]
_interrupt_8            0x0095fe         Code  Gb  stm8s_it.o [1]
_interrupt_9            0x0095ff         Code  Gb  stm8s_it.o [1]
assert_failed           0x0095f5    0x2  Code  Gb  main.o [1]
bCancel                 0x000046    0x1  Data  Gb  main.o [1]
delay                   0x008080    0x1  Code  Gb  main.o [1]
display_height          0x008e4f   0x46  Code  Gb  HT1632.o [1]
display_margin          0x008910   0xc3  Code  Gb  HT1632.o [1]
display_width           0x008e09   0x46  Code  Gb  HT1632.o [1]
exit                    0x0095ef    0x3  Code  Gb  exit.o [4]
g_height                0x000022    0x2  Data  Gb  main.o [1]
g_margin                0x00001e    0x2  Data  Gb  main.o [1]
g_width                 0x000020    0x2  Data  Gb  main.o [1]
main                    0x008220  0x220  Code  Gb  main.o [1]
tab                     0x000010    0xe  Data  Gb  HT1632.o [1]


[1] = F:\dajiaoji\workspace\Dajiao\Debug\Obj
[2] = command line
[3] = dbgstm8smd.a
[4] = dlstm8smn.a

  5 101 bytes of readonly  code memory
    541 bytes of readonly  data memory
    331 bytes of readwrite data memory

Errors: none
Warnings: none
